Component: ARM Compiler 5.06 update 5 (build 528) Tool: armlink [4d35e2]

==============================================================================

Section Cross References

    startup_stm32l072xx.o(RESET) refers to startup_stm32l072xx.o(STACK) for __initial_sp
    startup_stm32l072xx.o(RESET) refers to startup_stm32l072xx.o(.text) for Reset_Handler
    startup_stm32l072xx.o(RESET) refers to stm32l0xx_it.o(i.NMI_Handler) for NMI_Handler
    startup_stm32l072xx.o(RESET) refers to stm32l0xx_it.o(i.HardFault_Handler) for HardFault_Handler
    startup_stm32l072xx.o(RESET) refers to stm32l0xx_it.o(i.SVC_Handler) for SVC_Handler
    startup_stm32l072xx.o(RESET) refers to stm32l0xx_it.o(i.PendSV_Handler) for PendSV_Handler
    startup_stm32l072xx.o(RESET) refers to stm32l0xx_it.o(i.SysTick_Handler) for SysTick_Handler
    startup_stm32l072xx.o(RESET) refers to stm32l0xx_it.o(i.RTC_IRQHandler) for RTC_IRQHandler
    startup_stm32l072xx.o(RESET) refers to stm32l0xx_it.o(i.EXTI0_1_IRQHandler) for EXTI0_1_IRQHandler
    startup_stm32l072xx.o(RESET) refers to stm32l0xx_it.o(i.EXTI4_15_IRQHandler) for EXTI4_15_IRQHandler
    startup_stm32l072xx.o(RESET) refers to stm32l0xx_it.o(i.DMA1_Channel4_5_6_7_IRQHandler) for DMA1_Channel4_5_6_7_IRQHandler
    startup_stm32l072xx.o(RESET) refers to stm32l0xx_it.o(i.USART2_IRQHandler) for USART2_IRQHandler
    startup_stm32l072xx.o(.text) refers to system_stm32l0xx.o(i.SystemInit) for SystemInit
    startup_stm32l072xx.o(.text) refers to entry.o(.ARM.Collect$$$$00000000) for __main
    debug.o(i.DBG_Init) refers to memseta.o(.text) for __aeabi_memclr4
    debug.o(i.DBG_Init) refers to stm32l0xx_hal_gpio.o(i.HAL_GPIO_Init) for HAL_GPIO_Init
    debug.o(i.DBG_Init) refers to stm32l0xx_hal_gpio.o(i.HAL_GPIO_WritePin) for HAL_GPIO_WritePin
    debug.o(i.DBG_Init) refers to stm32l0xx_hal.o(i.HAL_DBGMCU_EnableDBGSleepMode) for HAL_DBGMCU_EnableDBGSleepMode
    debug.o(i.DBG_Init) refers to stm32l0xx_hal.o(i.HAL_DBGMCU_EnableDBGStopMode) for HAL_DBGMCU_EnableDBGStopMode
    debug.o(i.DBG_Init) refers to stm32l0xx_hal.o(i.HAL_DBGMCU_EnableDBGStandbyMode) for HAL_DBGMCU_EnableDBGStandbyMode
    hw_gpio.o(i.HW_GPIO_Init) refers to stm32l0xx_hal_gpio.o(i.HAL_GPIO_Init) for HAL_GPIO_Init
    hw_gpio.o(i.HW_GPIO_IrqHandler) refers to hw_gpio.o(i.HW_GPIO_GetBitPos) for HW_GPIO_GetBitPos
    hw_gpio.o(i.HW_GPIO_IrqHandler) refers to hw_gpio.o(.bss) for .bss
    hw_gpio.o(i.HW_GPIO_Read) refers to stm32l0xx_hal_gpio.o(i.HAL_GPIO_ReadPin) for HAL_GPIO_ReadPin
    hw_gpio.o(i.HW_GPIO_SetIrq) refers to hw_gpio.o(i.HW_GPIO_GetBitPos) for HW_GPIO_GetBitPos
    hw_gpio.o(i.HW_GPIO_SetIrq) refers to mlm32l0xx_hal_msp.o(i.MSP_GetIRQn) for MSP_GetIRQn
    hw_gpio.o(i.HW_GPIO_SetIrq) refers to stm32l0xx_hal_cortex.o(i.HAL_NVIC_SetPriority) for HAL_NVIC_SetPriority
    hw_gpio.o(i.HW_GPIO_SetIrq) refers to stm32l0xx_hal_cortex.o(i.HAL_NVIC_EnableIRQ) for HAL_NVIC_EnableIRQ
    hw_gpio.o(i.HW_GPIO_SetIrq) refers to hw_gpio.o(.bss) for .bss
    hw_gpio.o(i.HW_GPIO_Write) refers to stm32l0xx_hal_gpio.o(i.HAL_GPIO_WritePin) for HAL_GPIO_WritePin
    hw_rtc.o(i.HW_RTC_BKUPRead) refers to stm32l0xx_hal_rtc_ex.o(i.HAL_RTCEx_BKUPRead) for HAL_RTCEx_BKUPRead
    hw_rtc.o(i.HW_RTC_BKUPRead) refers to main.o(.bss) for hrtc
    hw_rtc.o(i.HW_RTC_BKUPWrite) refers to stm32l0xx_hal_rtc_ex.o(i.HAL_RTCEx_BKUPWrite) for HAL_RTCEx_BKUPWrite
    hw_rtc.o(i.HW_RTC_BKUPWrite) refers to main.o(.bss) for hrtc
    hw_rtc.o(i.HW_RTC_DelayMs) refers to uldiv.o(.text) for __aeabi_uldivmod
    hw_rtc.o(i.HW_RTC_DelayMs) refers to hw_rtc.o(i.HW_RTC_GetTimerValue) for HW_RTC_GetTimerValue
    hw_rtc.o(i.HW_RTC_GetCalendarTime) refers to hw_rtc.o(i.HW_RTC_GetCalendarValue) for HW_RTC_GetCalendarValue
    hw_rtc.o(i.HW_RTC_GetCalendarTime) refers to hw_rtc.o(i.HW_RTC_Tick2ms) for HW_RTC_Tick2ms
    hw_rtc.o(i.HW_RTC_GetCalendarValue) refers to stm32l0xx_hal_rtc.o(i.HAL_RTC_GetTime) for HAL_RTC_GetTime
    hw_rtc.o(i.HW_RTC_GetCalendarValue) refers to stm32l0xx_hal_rtc.o(i.HAL_RTC_GetDate) for HAL_RTC_GetDate
    hw_rtc.o(i.HW_RTC_GetCalendarValue) refers to main.o(.bss) for hrtc
    hw_rtc.o(i.HW_RTC_GetTimerContext) refers to hw_rtc.o(.bss) for .bss
    hw_rtc.o(i.HW_RTC_GetTimerElapsedTime) refers to hw_rtc.o(i.HW_RTC_GetCalendarValue) for HW_RTC_GetCalendarValue
    hw_rtc.o(i.HW_RTC_GetTimerElapsedTime) refers to hw_rtc.o(.bss) for .bss
    hw_rtc.o(i.HW_RTC_GetTimerValue) refers to hw_rtc.o(i.HW_RTC_GetCalendarValue) for HW_RTC_GetCalendarValue
    hw_rtc.o(i.HW_RTC_Init) refers to stm32l0xx_hal_rtc.o(i.HAL_RTC_DeactivateAlarm) for HAL_RTC_DeactivateAlarm
    hw_rtc.o(i.HW_RTC_Init) refers to hw_rtc.o(i.HW_RTC_SetTimerContext) for HW_RTC_SetTimerContext
    hw_rtc.o(i.HW_RTC_Init) refers to hw_rtc.o(.data) for .data
    hw_rtc.o(i.HW_RTC_Init) refers to main.o(.bss) for hrtc
    hw_rtc.o(i.HW_RTC_IrqHandler) refers to low_power_manager.o(i.LPM_SetStopMode) for LPM_SetStopMode
[...]
    RegionAS923Verify                        0x08008441   Thumb Code    74  regionas923.o(i.RegionAS923Verify)
    RegionAlternateDr                        0x0800848b   Thumb Code    18  region.o(i.RegionAlternateDr)
    RegionApplyCFList                        0x0800849d   Thumb Code    14  region.o(i.RegionApplyCFList)
    RegionApplyDrOffset                      0x080084ab   Thumb Code    26  region.o(i.RegionApplyDrOffset)
    RegionCalcBackOff                        0x080084c5   Thumb Code    14  region.o(i.RegionCalcBackOff)
    RegionChanMaskSet                        0x080084d3   Thumb Code    18  region.o(i.RegionChanMaskSet)
    RegionCommonCalcBackOff                  0x080084e5   Thumb Code    92  regioncommon.o(i.RegionCommonCalcBackOff)
    RegionCommonChanDisable                  0x08008541   Thumb Code    38  regioncommon.o(i.RegionCommonChanDisable)
    RegionCommonChanMaskCopy                 0x08008567   Thumb Code    30  regioncommon.o(i.RegionCommonChanMaskCopy)
    RegionCommonChanVerifyDr                 0x08008585   Thumb Code    96  regioncommon.o(i.RegionCommonChanVerifyDr)
    RegionCommonComputeRxWindowParameters    0x080085e5   Thumb Code   144  regioncommon.o(i.RegionCommonComputeRxWindowParameters)
    RegionCommonComputeSymbolTimeFsk         0x08008675   Thumb Code    20  regioncommon.o(i.RegionCommonComputeSymbolTimeFsk)
    RegionCommonComputeSymbolTimeLoRa        0x0800868d   Thumb Code    40  regioncommon.o(i.RegionCommonComputeSymbolTimeLoRa)
    RegionCommonComputeTxPower               0x080086b9   Thumb Code    40  regioncommon.o(i.RegionCommonComputeTxPower)
    RegionCommonCountChannels                0x080086e1   Thumb Code    68  regioncommon.o(i.RegionCommonCountChannels)
    RegionCommonGetJoinDc                    0x08008725   Thumb Code    26  regioncommon.o(i.RegionCommonGetJoinDc)
    RegionCommonLinkAdrReqVerifyParams       0x0800874d   Thumb Code   142  regioncommon.o(i.RegionCommonLinkAdrReqVerifyParams)
    RegionCommonParseLinkAdrReq              0x080087db   Thumb Code    54  regioncommon.o(i.RegionCommonParseLinkAdrReq)
    RegionCommonSetBandTxDone                0x08008811   Thumb Code    10  regioncommon.o(i.RegionCommonSetBandTxDone)
    RegionCommonUpdateBandTimeOff            0x0800881b   Thumb Code   190  regioncommon.o(i.RegionCommonUpdateBandTimeOff)
    RegionCommonValueInRange                 0x080088d9   Thumb Code    16  regioncommon.o(i.RegionCommonValueInRange)
    RegionComputeRxWindowParameters          0x080088e9   Thumb Code    26  region.o(i.RegionComputeRxWindowParameters)
    RegionDlChannelReq                       0x08008903   Thumb Code    18  region.o(i.RegionDlChannelReq)
    RegionGetNvmCtx                          0x08008915   Thumb Code    18  region.o(i.RegionGetNvmCtx)
    RegionGetPhyParam                        0x08008927   Thumb Code    20  region.o(i.RegionGetPhyParam)
    RegionInitDefaults                       0x0800893b   Thumb Code    14  region.o(i.RegionInitDefaults)
    RegionIsActive                           0x08008949   Thumb Code    12  region.o(i.RegionIsActive)
    RegionLinkAdrReq                         0x08008955   Thumb Code    34  region.o(i.RegionLinkAdrReq)
    RegionNewChannelReq                      0x08008977   Thumb Code    18  region.o(i.RegionNewChannelReq)
    RegionNextChannel                        0x08008989   Thumb Code    30  region.o(i.RegionNextChannel)
    RegionRxConfig                           0x080089a7   Thumb Code    22  region.o(i.RegionRxConfig)
    RegionRxParamSetupReq                    0x080089bd   Thumb Code    18  region.o(i.RegionRxParamSetupReq)
    RegionSetBandTxDone                      0x080089cf   Thumb Code    14  region.o(i.RegionSetBandTxDone)
    RegionSetContinuousWave                  0x080089dd   Thumb Code    14  region.o(i.RegionSetContinuousWave)
    RegionTxConfig                           0x080089eb   Thumb Code    26  region.o(i.RegionTxConfig)
    RegionTxParamSetupReq                    0x08008a05   Thumb Code    18  region.o(i.RegionTxParamSetupReq)
    RegionVerify                             0x08008a17   Thumb Code    22  region.o(i.RegionVerify)
    ResetFCnts                               0x08008a2d   Thumb Code    32  loramaccrypto.o(i.ResetFCnts)
    RestoreCtxs                              0x08008b31   Thumb Code   144  loramac.o(i.RestoreCtxs)
    RxChainCalibration                       0x08008bc9   Thumb Code   138  sx1276.o(i.RxChainCalibration)
    SVC_Handler                              0x08008d27   Thumb Code     2  stm32l0xx_it.o(i.SVC_Handler)
    SX1276BoardInit                          0x08008d29   Thumb Code     6  sx1276.o(i.SX1276BoardInit)
    SX1276CheckRfFrequency                   0x08008d35   Thumb Code     4  mlm32l07x01.o(i.SX1276CheckRfFrequency)
    SX1276GetPaSelect                        0x08008d39   Thumb Code    12  mlm32l07x01.o(i.SX1276GetPaSelect)
    SX1276GetStatus                          0x08008d45   Thumb Code     6  sx1276.o(i.SX1276GetStatus)
    SX1276GetTimeOnAir                       0x08008d51   Thumb Code   444  sx1276.o(i.SX1276GetTimeOnAir)
    SX1276GetWakeTime                        0x08008f35   Thumb Code     4  mlm32l07x01.o(i.SX1276GetWakeTime)
    SX1276GetWakeupTime                      0x08008f39   Thumb Code    14  sx1276.o(i.SX1276GetWakeupTime)
    SX1276Init                               0x08008f4d   Thumb Code   122  sx1276.o(i.SX1276Init)
    SX1276IoDeInit                           0x08008fd9   Thumb Code    68  mlm32l07x01.o(i.SX1276IoDeInit)
    SX1276IoInit                             0x08009029   Thumb Code    94  mlm32l07x01.o(i.SX1276IoInit)
    SX1276IoIrqInit                          0x08009099   Thumb Code    58  mlm32l07x01.o(i.SX1276IoIrqInit)
    SX1276IsChannelFree                      0x080090dd   Thumb Code    78  sx1276.o(i.SX1276IsChannelFree)
    SX1276OnDio0Irq                          0x0800912d   Thumb Code   580  sx1276.o(i.SX1276OnDio0Irq)
    SX1276OnDio1Irq                          0x08009381   Thumb Code   188  sx1276.o(i.SX1276OnDio1Irq)
    SX1276OnDio2Irq                          0x08009445   Thumb Code   166  sx1276.o(i.SX1276OnDio2Irq)
    SX1276OnDio3Irq                          0x080094f9   Thumb Code    76  sx1276.o(i.SX1276OnDio3Irq)
    SX1276OnDio4Irq                          0x0800954d   Thumb Code    24  sx1276.o(i.SX1276OnDio4Irq)
    SX1276OnTimeoutIrq                       0x08009569   Thumb Code   188  sx1276.o(i.SX1276OnTimeoutIrq)
    SX1276Random                             0x08009631   Thumb Code    62  sx1276.o(i.SX1276Random)
    SX1276Read                               0x0800966f   Thumb Code    16  sx1276.o(i.SX1276Read)
    SX1276ReadBuffer                         0x0800967f   Thumb Code    66  sx1276.o(i.SX1276ReadBuffer)
    SX1276ReadFifo                           0x080096c1   Thumb Code    14  sx1276.o(i.SX1276ReadFifo)
    SX1276ReadRssi                           0x080096d1   Thumb Code    58  sx1276.o(i.SX1276ReadRssi)
    SX1276Reset                              0x08009715   Thumb Code    74  sx1276.o(i.SX1276Reset)
    SX1276Send                               0x08009765   Thumb Code   230  sx1276.o(i.SX1276Send)
    SX1276SetAntSw                           0x08009855   Thumb Code    60  mlm32l07x01.o(i.SX1276SetAntSw)
    SX1276SetAntSwLowPower                   0x08009899   Thumb Code   110  mlm32l07x01.o(i.SX1276SetAntSwLowPower)
    SX1276SetChannel                         0x0800990d   Thumb Code    72  sx1276.o(i.SX1276SetChannel)
    SX1276SetMaxPayloadLength                0x0800995d   Thumb Code    42  sx1276.o(i.SX1276SetMaxPayloadLength)
    SX1276SetModem                           0x0800998d   Thumb Code   106  sx1276.o(i.SX1276SetModem)
    SX1276SetOpMode                          0x080099fd   Thumb Code    86  sx1276.o(i.SX1276SetOpMode)
    SX1276SetPublicNetwork                   0x08009a59   Thumb Code    32  sx1276.o(i.SX1276SetPublicNetwork)
    SX1276SetRfTxPower                       0x08009a7d   Thumb Code   152  mlm32l07x01.o(i.SX1276SetRfTxPower)
    SX1276SetRx                              0x08009b15   Thumb Code   474  sx1276.o(i.SX1276SetRx)
    SX1276SetRxConfig                        0x08009d11   Thumb Code   628  sx1276.o(i.SX1276SetRxConfig)
    SX1276SetSleep                           0x08009f99   Thumb Code    32  sx1276.o(i.SX1276SetSleep)
    SX1276SetStby                            0x08009fbd   Thumb Code    32  sx1276.o(i.SX1276SetStby)
    SX1276SetTx                              0x08009fe1   Thumb Code   158  sx1276.o(i.SX1276SetTx)
    SX1276SetTxConfig                        0x0800a085   Thumb Code   490  sx1276.o(i.SX1276SetTxConfig)
    SX1276SetTxContinuousWave                0x0800a281   Thumb Code   120  sx1276.o(i.SX1276SetTxContinuousWave)
    SX1276SetXO                              0x0800a2fd   Thumb Code    40  mlm32l07x01.o(i.SX1276SetXO)
    SX1276StartCad                           0x0800a325   Thumb Code    50  sx1276.o(i.SX1276StartCad)
    SX1276Write                              0x0800a35d   Thumb Code    12  sx1276.o(i.SX1276Write)
    SX1276WriteBuffer                        0x0800a369   Thumb Code    66  sx1276.o(i.SX1276WriteBuffer)
    SX1276WriteFifo                          0x0800a3ab   Thumb Code    14  sx1276.o(i.SX1276WriteFifo)
    SecureElementAesEncrypt                  0x0800a51d   Thumb Code   100  soft-se.o(i.SecureElementAesEncrypt)
    SecureElementComputeAesCmac              0x0800a585   Thumb Code    16  soft-se.o(i.SecureElementComputeAesCmac)
    SecureElementDeriveAndStoreKey           0x0800a595   Thumb Code   100  soft-se.o(i.SecureElementDeriveAndStoreKey)
    SecureElementGetNvmCtx                   0x0800a5f9   Thumb Code    10  soft-se.o(i.SecureElementGetNvmCtx)
    SecureElementInit                        0x0800a609   Thumb Code   148  soft-se.o(i.SecureElementInit)
    SecureElementRestoreNvmCtx               0x0800a6a9   Thumb Code    26  soft-se.o(i.SecureElementRestoreNvmCtx)
    SecureElementSetKey                      0x0800a6c9   Thumb Code   110  soft-se.o(i.SecureElementSetKey)
    SecureElementVerifyAesCmac               0x0800a745   Thumb Code    40  soft-se.o(i.SecureElementVerifyAesCmac)
    Send                                     0x0800a805   Thumb Code   288  loramac.o(i.Send)
    SendFrameOnChannel                       0x0800a931   Thumb Code   194  loramac.o(i.SendFrameOnChannel)
    SendReJoinReq                            0x0800aa05   Thumb Code    66  loramac.o(i.SendReJoinReq)
    SetTxContinuousWave                      0x0800aa61   Thumb Code    62  loramac.o(i.SetTxContinuousWave)
    SetTxContinuousWave1                     0x0800aaa9   Thumb Code    32  loramac.o(i.SetTxContinuousWave1)
    SysTick_Handler                          0x0800abc1   Thumb Code    12  stm32l0xx_it.o(i.SysTick_Handler)
    SysTimeAdd                               0x0800abcd   Thumb Code    64  systime.o(i.SysTimeAdd)
    SysTimeGet                               0x0800ac0d   Thumb Code    54  systime.o(i.SysTimeGet)
    SysTimeGetMcuTime                        0x0800ac43   Thumb Code    24  systime.o(i.SysTimeGetMcuTime)
    SysTimeSet                               0x0800ac5b   Thumb Code    62  systime.o(i.SysTimeSet)
    SysTimeSub                               0x0800ac99   Thumb Code    64  systime.o(i.SysTimeSub)
    SystemClock_Config                       0x0800acd9   Thumb Code   166  main.o(i.SystemClock_Config)
    SystemInit                               0x0800ad89   Thumb Code    66  system_stm32l0xx.o(i.SystemInit)
    TimerGetCurrentTime                      0x0800addd   Thumb Code    12  timeserver.o(i.TimerGetCurrentTime)
    TimerGetElapsedTime                      0x0800ade9   Thumb Code    24  timeserver.o(i.TimerGetElapsedTime)
    TimerInit                                0x0800ae01   Thumb Code    14  timeserver.o(i.TimerInit)
    TimerIrqHandler                          0x0800ae2d   Thumb Code   116  timeserver.o(i.TimerIrqHandler)
    TimerSetValue                            0x0800aed1   Thumb Code    34  timeserver.o(i.TimerSetValue)
    TimerStart                               0x0800aef5   Thumb Code   108  timeserver.o(i.TimerStart)
    TimerStop                                0x0800af65   Thumb Code    92  timeserver.o(i.TimerStop)
    TraceInit                                0x0800afc5   Thumb Code    28  trace.o(i.TraceInit)
    TraceSend                                0x0800afe9   Thumb Code   126  trace.o(i.TraceSend)
    UART_AdvFeatureConfig                    0x0800b0b9   Thumb Code   202  stm32l0xx_hal_uart.o(i.UART_AdvFeatureConfig)
    UART_CheckIdleState                      0x0800b185   Thumb Code    90  stm32l0xx_hal_uart.o(i.UART_CheckIdleState)
    UART_SetConfig                           0x0800b32d   Thumb Code   510  stm32l0xx_hal_uart.o(i.UART_SetConfig)
    UART_WaitOnFlagUntilTimeout              0x0800b5c3   Thumb Code    98  stm32l0xx_hal_uart.o(i.UART_WaitOnFlagUntilTimeout)
    USART2_IRQHandler                        0x0800b625   Thumb Code    10  stm32l0xx_it.o(i.USART2_IRQHandler)
    _Error_Handler                           0x0800b71d   Thumb Code     2  main.o(i._Error_Handler)
    __0vsnprintf                             0x0800b721   Thumb Code    40  printfa.o(i.__0vsnprintf)
    __1vsnprintf                             0x0800b721   Thumb Code     0  printfa.o(i.__0vsnprintf)
    __2vsnprintf                             0x0800b721   Thumb Code     0  printfa.o(i.__0vsnprintf)
    __c89vsnprintf                           0x0800b721   Thumb Code     0  printfa.o(i.__0vsnprintf)
    vsnprintf                                0x0800b721   Thumb Code     0  printfa.o(i.__0vsnprintf)
    __ARM_clz                                0x0800b74d   Thumb Code    46  depilogue.o(i.__ARM_clz)
    __ARM_common_switch8                     0x0800b77b   Thumb Code    26  stm32l0xx_hal_uart.o(i.__ARM_common_switch8)
    __scatterload_copy                       0x0800b795   Thumb Code    14  handlers.o(i.__scatterload_copy)
    __scatterload_null                       0x0800b7a3   Thumb Code     2  handlers.o(i.__scatterload_null)
    __scatterload_zeroinit                   0x0800b7a5   Thumb Code    14  handlers.o(i.__scatterload_zeroinit)
    aes_encrypt                              0x0800c077   Thumb Code    84  aes.o(i.aes_encrypt)
    aes_set_key                              0x0800c0cd   Thumb Code   248  aes.o(i.aes_set_key)
    ceil                                     0x0800c1c9   Thumb Code   180  ceil.o(i.ceil)
    certif_DownLinkIncrement                 0x0800c291   Thumb Code    10  lora-test.o(i.certif_DownLinkIncrement)
    certif_linkCheck                         0x0800c2a1   Thumb Code    16  lora-test.o(i.certif_linkCheck)
    certif_running                           0x0800c2b5   Thumb Code     6  lora-test.o(i.certif_running)
    certif_rx                                0x0800c2c1   Thumb Code   418  lora-test.o(i.certif_rx)
    floor                                    0x0800c5e1   Thumb Code   180  floor.o(i.floor)
    freeMacCommandSlot                       0x0800c6a9   Thumb Code    18  loramaccommands.o(i.freeMacCommandSlot)
    isSlotFree                               0x0800c6bb   Thumb Code    24  loramaccommands.o(i.isSlotFree)
    main                                     0x0800c6d5   Thumb Code   194  main.o(i.main)
    mallocNewMacCommandSlot                  0x0800c7dd   Thumb Code    42  loramaccommands.o(i.mallocNewMacCommandSlot)
    memcpy1                                  0x0800c80d   Thumb Code    22  utilities.o(i.memcpy1)
    memcpyr                                  0x0800c823   Thumb Code    26  utilities.o(i.memcpyr)
    memset1                                  0x0800c83d   Thumb Code    18  utilities.o(i.memset1)
    rand1                                    0x0800ca69   Thumb Code    26  utilities.o(i.rand1)
    randr                                    0x0800ca95   Thumb Code    22  utilities.o(i.randr)
    round                                    0x0800caad   Thumb Code   142  round.o(i.round)
    srand1                                   0x0800cbb1   Thumb Code     6  utilities.o(i.srand1)
    vcom_Init                                0x0800cbbd   Thumb Code     6  vcom.o(i.vcom_Init)
    vcom_IoDeInit                            0x0800cbc9   Thumb Code    68  vcom.o(i.vcom_IoDeInit)
    vcom_IoInit                              0x0800cc11   Thumb Code    88  vcom.o(i.vcom_IoInit)
    vcom_Trace                               0x0800cc6d   Thumb Code    14  vcom.o(i.vcom_Trace)
    AHBPrescTable                            0x0800cd1a   Data          16  system_stm32l0xx.o(.constdata)
    PLLMulTable                              0x0800cd2a   Data           9  system_stm32l0xx.o(.constdata)
    APBPrescTable                            0x0800cd33   Data           8  system_stm32l0xx.o(.constdata)
    CIDsStickyAnsCmds                        0x0800d060   Data           3  loramaccommands.o(.constdata)
    Radio                                    0x0800d0d4   Data         116  mlm32l07x01.o(.constdata)
    RadioRegsInit                            0x0800d148   Data          48  sx1276.o(.constdata)
    FskBandwidths                            0x0800d178   Data         176  sx1276.o(.constdata)
    Region$$Table$$Base                      0x0800d2f8   Number         0  anon$$obj.o(Region$$Table)
    Region$$Table$$Limit                     0x0800d318   Number         0  anon$$obj.o(Region$$Table)
    AppData                                  0x20000010   Data           8  main.o(.data)
    uwTick                                   0x20000038   Data           4  stm32l0xx_hal.o(.data)
    SystemCoreClock                          0x2000003c   Data           4  system_stm32l0xx.o(.data)
    LoRaMacRadioEvents                       0x20000080   Data           4  loramac.o(.data)
    TxDoneParams                             0x20000084   Data           4  loramac.o(.data)
    TracePeripheralReady                     0x200000b0   Data           1  trace.o(.data)
    DioIrq                                   0x200000d8   Data          24  sx1276.o(.data)
    hadc                                     0x200001d4   Data          96  main.o(.bss)
    hrtc                                     0x20000234   Data          36  main.o(.bss)
    hspi1                                    0x20000258   Data          88  main.o(.bss)
    huart2                                   0x200002b0   Data         112  main.o(.bss)
    hdma_usart2_tx                           0x20000334   Data          64  main.o(.bss)
    Contexts                                 0x20000e68   Data          64  loramac.o(.bss)
    RxDoneParams                             0x20000ea8   Data          16  loramac.o(.bss)
    SX1276                                   0x20001334   Data         104  sx1276.o(.bss)
    TxTimeoutTimer                           0x2000139c   Data          20  sx1276.o(.bss)
    RxTimeoutTimer                           0x200013b0   Data          20  sx1276.o(.bss)
    RxTimeoutSyncWord                        0x200013c4   Data          20  sx1276.o(.bss)
    __initial_sp                             0x200017d8   Data           0  startup_stm32l072xx.o(STACK)



==============================================================================

Memory Map of the image

  Image Entry point : 0x080000c1

  Load Region LR_IROM1 (Base: 0x08000000, Size: 0x0000d408, Max: 0x00030000, ABSOLUTE)

    Execution Region ER_IROM1 (Exec base: 0x08000000, Load base: 0x08000000, Size: 0x0000d318, Max: 0x00030000, ABSOLUTE)

    Exec Addr    Load Addr    Size         Type   Attr      Idx    E Section Name        Object

    0x08000000   0x08000000   0x000000c0   Data   RO            3    RESET               startup_stm32l072xx.o
    0x080000c0   0x080000c0   0x00000000   Code   RO         8215  * .ARM.Collect$$$$00000000  mc_p.l(entry.o)
    0x080000c0   0x080000c0   0x00000004   Code   RO         8298    .ARM.Collect$$$$00000001  mc_p.l(entry2.o)
    0x080000c4   0x080000c4   0x00000004   Code   RO         8301    .ARM.Collect$$$$00000004  mc_p.l(entry5.o)
    0x080000c8   0x080000c8   0x00000000   Code   RO         8303    .ARM.Collect$$$$00000008  mc_p.l(entry7b.o)
    0x080000c8   0x080000c8   0x00000000   Code   RO         8305    .ARM.Collect$$$$0000000A  mc_p.l(entry8b.o)
    0x080000c8   0x080000c8   0x00000008   Code   RO         8306    .ARM.Collect$$$$0000000B  mc_p.l(entry9a.o)
    0x080000d0   0x080000d0   0x00000000   Code   RO         8308    .ARM.Collect$$$$0000000D  mc_p.l(entry10a.o)
    0x080000d0   0x080000d0   0x00000000   Code   RO         8310    .ARM.Collect$$$$0000000F  mc_p.l(entry11a.o)
    0x080000d0   0x080000d0   0x00000004   Code   RO         8299    .ARM.Collect$$$$00002712  mc_p.l(entry2.o)
    0x080000d4   0x080000d4   0x0000001c   Code   RO            4    .text               startup_stm32l072xx.o
    0x080000f0   0x080000f0   0x0000002c   Code   RO         8218    .text               mc_p.l(uidiv.o)
    0x0800011c   0x0800011c   0x00000028   Code   RO         8220    .text               mc_p.l(idiv.o)
    0x08000144   0x08000144   0x00000060   Code   RO         8222    .text               mc_p.l(uldiv.o)
    0x080001a4   0x080001a4   0x00000024   Code   RO         8224    .text               mc_p.l(memcpya.o)
    0x080001c8   0x080001c8   0x00000024   Code   RO         8226    .text               mc_p.l(memseta.o)
    0x080001ec   0x080001ec   0x00000014   Code   RO         8260    .text               mc_p.l(uread4.o)
    0x08000200   0x08000200   0x000000b2   Code   RO         8262    .text               mf_p.l(fadd.o)
    0x080002b2   0x080002b2   0x00000002   PAD
    0x080002b4   0x080002b4   0x00000164   Code   RO         8268    .text               mf_p.l(dadd.o)
    0x08000418   0x08000418   0x000000d0   Code   RO         8270    .text               mf_p.l(dmul.o)
    0x080004e8   0x080004e8   0x000000f0   Code   RO         8272    .text               mf_p.l(ddiv.o)
    0x080005d8   0x080005d8   0x0000002c   Code   RO         8274    .text               mf_p.l(dscalb.o)
    0x08000604   0x08000604   0x0000000e   Code   RO         8278    .text               mf_p.l(ffltui.o)
    0x08000612   0x08000612   0x00000002   PAD
    0x08000614   0x08000614   0x00000028   Code   RO         8280    .text               mf_p.l(dflti.o)
    0x0800063c   0x0800063c   0x0000001c   Code   RO         8282    .text               mf_p.l(dfltui.o)
    0x08000658   0x08000658   0x00000048   Code   RO         8286    .text               mf_p.l(dfixi.o)
    0x080006a0   0x080006a0   0x0000003c   Code   RO         8288    .text               mf_p.l(dfixui.o)
    0x080006dc   0x080006dc   0x00000028   Code   RO         8290    .text               mf_p.l(f2d.o)
    0x08000704   0x08000704   0x00000028   Code   RO         8292    .text               mf_p.l(cdrcmple.o)
    0x0800072c   0x0800072c   0x00000020   Code   RO         8315    .text               mc_p.l(llshl.o)
    0x0800074c   0x0800074c   0x00000022   Code   RO         8317    .text               mc_p.l(llushr.o)
    0x0800076e   0x0800076e   0x00000026   Code   RO         8319    .text               mc_p.l(llsshr.o)
    0x08000794   0x08000794   0x00000000   Code   RO         8321    .text               mc_p.l(iusefp.o)
    0x08000794   0x08000794   0x00000082   Code   RO         8322    .text               mf_p.l(fepilogue.o)
    0x08000816   0x08000816   0x000000be   Code   RO         8324    .text               mf_p.l(depilogue.o)
    0x080008d4   0x080008d4   0x0000007c   Code   RO         8328    .text               mf_p.l(drnd.o)
    0x08000950   0x08000950   0x00000040   Code   RO         8330    .text               mf_p.l(dfixul.o)
    0x08000990   0x08000990   0x00000028   Code   RO         8332    .text               mf_p.l(cdcmple.o)
    0x080009b8   0x080009b8   0x00000024   Code   RO         8334    .text               mc_p.l(init.o)
    0x080009dc   0x080009dc   0x00000024   Code   RO         1010    i.ADC_DelayMicroSecond  stm32l0xx_hal_adc.o
    0x08000a00   0x08000a00   0x00000064   Code   RO         1012    i.ADC_Enable        stm32l0xx_hal_adc.o
    0x08000a64   0x08000a64   0x0000013c   Code   RO         4058    i.AES_CMAC_Final    cmac.o
    0x08000ba0   0x08000ba0   0x00000020   Code   RO         4059    i.AES_CMAC_Init     cmac.o
    0x08000bc0   0x08000bc0   0x00000010   Code   RO         4060    i.AES_CMAC_SetKey   cmac.o
    0x08000bd0   0x08000bd0   0x000000be   Code   RO         4061    i.AES_CMAC_Update   cmac.o
    0x08000c8e   0x08000c8e   0x00000002   PAD
    0x08000c90   0x08000c90   0x00000050   Code   RO         4203    i.AckTimeoutRetriesProcess  loramac.o
    0x08000ce0   0x08000ce0   0x000000a8   Code   RO         4551    i.CalcNextV10X      loramacadr.o
    0x08000d88   0x08000d88   0x00000060   Code   RO         4204    i.CalculateBackOff  loramac.o
    0x08000de8   0x08000de8   0x00000018   Code   RO         4205    i.CallNvmCtxCallback  loramac.o
    0x08000e00   0x08000e00   0x00000054   Code   RO         5032    i.CheckFCntDown     loramaccrypto.o
    0x08000e54   0x08000e54   0x000001fc   Code   RO         5432    i.CircularQueue_Add  queue.o
    0x08001050   0x08001050   0x00000026   Code   RO         5434    i.CircularQueue_Init  queue.o
    0x08001076   0x08001076   0x00000002   PAD
    0x08001078   0x08001078   0x000000d0   Code   RO         5436    i.CircularQueue_Remove  queue.o
    0x08001148   0x08001148   0x000000a4   Code   RO         5437    i.CircularQueue_Sense  queue.o
    0x080011ec   0x080011ec   0x00000064   Code   RO         4099    i.ComputeCmac       soft-se.o
    0x08001250   0x08001250   0x00000066   Code   RO         5033    i.ComputeCmacB0     loramaccrypto.o
    0x080012b6   0x080012b6   0x00000068   Code   RO         5034    i.ComputeCmacB1     loramaccrypto.o
    0x0800131e   0x0800131e   0x0000009e   Code   RO         5914    i.CountNbOfEnabledChannels  regionas923.o
    0x080013bc   0x080013bc   0x00000080   Code   RO          210    i.DBG_Init          debug.o
    0x0800143c   0x0800143c   0x00000010   Code   RO          859    i.DMA1_Channel4_5_6_7_IRQHandler  stm32l0xx_it.o
    0x0800144c   0x0800144c   0x0000001e   Code   RO         3461    i.DMA_SetConfig     stm32l0xx_hal_dma.o
    0x0800146a   0x0800146a   0x00000002   PAD
    0x0800146c   0x0800146c   0x00000054   Code   RO         5035    i.DeriveLifeTimeSessionKey  loramaccrypto.o
    0x080014c0   0x080014c0   0x0000007c   Code   RO         5036    i.DeriveSessionKey10x  loramaccrypto.o
    0x0800153c   0x0800153c   0x00000088   Code   RO         5037    i.DeriveSessionKey11x  loramaccrypto.o
    0x080015c4   0x080015c4   0x00000044   Code   RO         4206    i.DetermineFrameType  loramac.o
    0x08001608   0x08001608   0x00000002   Code   RO         4100    i.DummyCB           soft-se.o
    0x0800160a   0x0800160a   0x00000002   Code   RO         5038    i.DummyCB           loramaccrypto.o
    0x0800160c   0x0800160c   0x00000010   Code   RO          860    i.EXTI0_1_IRQHandler  stm32l0xx_it.o
    0x0800161c   0x0800161c   0x00000012   Code   RO          861    i.EXTI4_15_IRQHandler  stm32l0xx_it.o
    0x0800162e   0x0800162e   0x0000000a   Code   RO         4207    i.EventClassBNvmCtxChanged  loramac.o
    0x08001638   0x08001638   0x0000000a   Code   RO         4208    i.EventCommandsNvmCtxChanged  loramac.o
    0x08001642   0x08001642   0x0000000a   Code   RO         4209    i.EventConfirmQueueNvmCtxChanged  loramac.o
    0x0800164c   0x0800164c   0x0000000a   Code   RO         4210    i.EventCryptoNvmCtxChanged  loramac.o
    0x08001656   0x08001656   0x0000000a   Code   RO         4211    i.EventFCntHandlerNvmCtxChanged  loramac.o
    0x08001660   0x08001660   0x0000000a   Code   RO         4212    i.EventSecureElementNvmCtxChanged  loramac.o
    0x0800166a   0x0800166a   0x0000009c   Code   RO         5039    i.FOptsEncrypt      loramaccrypto.o
    0x08001706   0x08001706   0x00000002   PAD
    0x08001708   0x08001708   0x00000024   Code   RO         5915    i.GetBandwidth      regionas923.o
    0x0800172c   0x0800172c   0x0000006c   Code   RO         4213    i.GetCtxs           loramac.o
    0x08001798   0x08001798   0x0000001c   Code   RO         4900    i.GetElement        loramacconfirmqueue.o
    0x080017b4   0x080017b4   0x0000002c   Code   RO         7964    i.GetFskBandwidthRegValue  sx1276.o
    0x080017e0   0x080017e0   0x00000028   Code   RO         5040    i.GetKeyAddrItem    loramaccrypto.o
    0x08001808   0x08001808   0x0000003c   Code   RO         4101    i.GetKeyByID        soft-se.o
    0x08001844   0x08001844   0x00000030   Code   RO         4214    i.GetMaxAppPayloadWithoutFOptsLength  loramac.o
    0x08001874   0x08001874   0x00000010   Code   RO         5916    i.GetNextLowerTxDr  regionas923.o
    0x08001884   0x08001884   0x000000aa   Code   RO         1189    i.HAL_ADCEx_Calibration_Start  stm32l0xx_hal_adc_ex.o
    0x0800192e   0x0800192e   0x00000002   PAD
    0x08001930   0x08001930   0x00000094   Code   RO         1014    i.HAL_ADC_ConfigChannel  stm32l0xx_hal_adc.o
    0x080019c4   0x080019c4   0x00000006   Code   RO         1021    i.HAL_ADC_GetValue  stm32l0xx_hal_adc.o
    0x080019ca   0x080019ca   0x00000002   PAD
    0x080019cc   0x080019cc   0x000001c4   Code   RO         1023    i.HAL_ADC_Init      stm32l0xx_hal_adc.o
    0x08001b90   0x08001b90   0x0000001c   Code   RO          938    i.HAL_ADC_MspInit   stm32l0xx_hal_msp.o
    0x08001bac   0x08001bac   0x000000be   Code   RO         1027    i.HAL_ADC_PollForConversion  stm32l0xx_hal_adc.o
    0x08001c6a   0x08001c6a   0x00000002   PAD
    0x08001c6c   0x08001c6c   0x0000005c   Code   RO         1029    i.HAL_ADC_Start     stm32l0xx_hal_adc.o
    0x08001cc8   0x08001cc8   0x00000010   Code   RO         2274    i.HAL_DBGMCU_EnableDBGSleepMode  stm32l0xx_hal.o
    0x08001cd8   0x08001cd8   0x00000010   Code   RO         2275    i.HAL_DBGMCU_EnableDBGStandbyMode  stm32l0xx_hal.o
    0x08001ce8   0x08001ce8   0x00000010   Code   RO         2276    i.HAL_DBGMCU_EnableDBGStopMode  stm32l0xx_hal.o
    0x08001cf8   0x08001cf8   0x00000098   Code   RO         3463    i.HAL_DMA_Abort_IT  stm32l0xx_hal_dma.o
    0x08001d90   0x08001d90   0x00000280   Code   RO         3467    i.HAL_DMA_IRQHandler  stm32l0xx_hal_dma.o
    0x08002010   0x08002010   0x00000108   Code   RO         3468    i.HAL_DMA_Init      stm32l0xx_hal_dma.o
    0x08002118   0x08002118   0x0000004e   Code   RO         3471    i.HAL_DMA_Start_IT  stm32l0xx_hal_dma.o
    0x08002166   0x08002166   0x0000000a   Code   RO          555    i.HAL_Delay         mlm32l0xx_hal_msp.o
    0x08002170   0x08002170   0x00000008   Code   RO          556    i.HAL_GPIO_EXTI_Callback  mlm32l0xx_hal_msp.o
    0x08002178   0x08002178   0x00000018   Code   RO         3401    i.HAL_GPIO_EXTI_IRQHandler  stm32l0xx_hal_gpio.o
    0x08002190   0x08002190   0x00000184   Code   RO         3402    i.HAL_GPIO_Init     stm32l0xx_hal_gpio.o
    0x08002314   0x08002314   0x0000000c   Code   RO         3406    i.HAL_GPIO_WritePin  stm32l0xx_hal_gpio.o
    0x08002320   0x08002320   0x0000000c   Code   RO         2282    i.HAL_GetTick       stm32l0xx_hal.o
    0x0800232c   0x0800232c   0x00000010   Code   RO         2283    i.HAL_IncTick       stm32l0xx_hal.o
    0x0800233c   0x0800233c   0x00000020   Code   RO         2284    i.HAL_Init          stm32l0xx_hal.o
    0x0800235c   0x0800235c   0x00000004   Code   RO          557    i.HAL_InitTick      mlm32l0xx_hal_msp.o
    0x08002360   0x08002360   0x00000038   Code   RO          939    i.HAL_MspInit       stm32l0xx_hal_msp.o
    0x08002398   0x08002398   0x00000014   Code   RO         3715    i.HAL_NVIC_EnableIRQ  stm32l0xx_hal_cortex.o
    0x080023ac   0x080023ac   0x00000008   Code   RO         3719    i.HAL_NVIC_SetPriority  stm32l0xx_hal_cortex.o
    0x080023b4   0x080023b4   0x00000010   Code   RO         3547    i.HAL_PWR_EnableBkUpAccess  stm32l0xx_hal_pwr.o
    0x080023c4   0x080023c4   0x00000030   Code   RO         3552    i.HAL_PWR_EnterSLEEPMode  stm32l0xx_hal_pwr.o
    0x080023f4   0x080023f4   0x00000034   Code   RO         3554    i.HAL_PWR_EnterSTOPMode  stm32l0xx_hal_pwr.o
    0x08002428   0x08002428   0x000001c0   Code   RO         3022    i.HAL_RCCEx_GetPeriphCLKFreq  stm32l0xx_hal_rcc_ex.o
    0x080025e8   0x080025e8   0x0000018c   Code   RO         3025    i.HAL_RCCEx_PeriphCLKConfig  stm32l0xx_hal_rcc_ex.o
    0x08002774   0x08002774   0x00000168   Code   RO         2911    i.HAL_RCC_ClockConfig  stm32l0xx_hal_rcc.o
    0x080028dc   0x080028dc   0x0000000c   Code   RO         2915    i.HAL_RCC_GetHCLKFreq  stm32l0xx_hal_rcc.o
    0x080028e8   0x080028e8   0x00000020   Code   RO         2917    i.HAL_RCC_GetPCLK1Freq  stm32l0xx_hal_rcc.o
    0x08002908   0x08002908   0x00000020   Code   RO         2918    i.HAL_RCC_GetPCLK2Freq  stm32l0xx_hal_rcc.o
    0x08002928   0x08002928   0x00000078   Code   RO         2919    i.HAL_RCC_GetSysClockFreq  stm32l0xx_hal_rcc.o
    0x080029a0   0x080029a0   0x00000452   Code   RO         2922    i.HAL_RCC_OscConfig  stm32l0xx_hal_rcc.o
    0x08002df2   0x08002df2   0x00000002   Code   RO         1376    i.HAL_RTCEx_AlarmBEventCallback  stm32l0xx_hal_rtc_ex.o
    0x08002df4   0x08002df4   0x0000000c   Code   RO         1377    i.HAL_RTCEx_BKUPRead  stm32l0xx_hal_rtc_ex.o
    0x08002e00   0x08002e00   0x0000000c   Code   RO         1378    i.HAL_RTCEx_BKUPWrite  stm32l0xx_hal_rtc_ex.o
    0x08002e0c   0x08002e0c   0x0000003c   Code   RO         1385    i.HAL_RTCEx_EnableBypassShadow  stm32l0xx_hal_rtc_ex.o
    0x08002e48   0x08002e48   0x00000008   Code   RO          558    i.HAL_RTC_AlarmAEventCallback  mlm32l0xx_hal_msp.o
    0x08002e50   0x08002e50   0x00000060   Code   RO         1244    i.HAL_RTC_AlarmIRQHandler  stm32l0xx_hal_rtc.o
    0x08002eb0   0x08002eb0   0x000000b8   Code   RO         1246    i.HAL_RTC_DeactivateAlarm  stm32l0xx_hal_rtc.o
    0x08002f68   0x08002f68   0x00000044   Code   RO         1248    i.HAL_RTC_GetDate   stm32l0xx_hal_rtc.o
    0x08002fac   0x08002fac   0x0000005c   Code   RO         1250    i.HAL_RTC_GetTime   stm32l0xx_hal_rtc.o
    0x08003008   0x08003008   0x000000a4   Code   RO         1251    i.HAL_RTC_Init      stm32l0xx_hal_rtc.o
    0x080030ac   0x080030ac   0x00000030   Code   RO          941    i.HAL_RTC_MspInit   stm32l0xx_hal_msp.o
    0x080030dc   0x080030dc   0x000001a0   Code   RO         1256    i.HAL_RTC_SetAlarm_IT  stm32l0xx_hal_rtc.o
    0x0800327c   0x0800327c   0x000000cc   Code   RO         1257    i.HAL_RTC_SetDate   stm32l0xx_hal_rtc.o
    0x08003348   0x08003348   0x000000f0   Code   RO         1258    i.HAL_RTC_SetTime   stm32l0xx_hal_rtc.o
    0x08003438   0x08003438   0x00000034   Code   RO         1259    i.HAL_RTC_WaitForSynchro  stm32l0xx_hal_rtc.o
    0x0800346c   0x0800346c   0x00000084   Code   RO         1608    i.HAL_SPI_Init      stm32l0xx_hal_spi.o
    0x080034f0   0x080034f0   0x00000050   Code   RO          943    i.HAL_SPI_MspInit   stm32l0xx_hal_msp.o
    0x08003540   0x08003540   0x000002b8   Code   RO         1617    i.HAL_SPI_TransmitReceive  stm32l0xx_hal_spi.o
    0x080037f8   0x080037f8   0x00000018   Code   RO         3721    i.HAL_SYSTICK_CLKSourceConfig  stm32l0xx_hal_cortex.o
    0x08003810   0x08003810   0x00000002   Code   RO         3722    i.HAL_SYSTICK_Callback  stm32l0xx_hal_cortex.o
    0x08003812   0x08003812   0x00000002   PAD
    0x08003814   0x08003814   0x00000030   Code   RO         3723    i.HAL_SYSTICK_Config  stm32l0xx_hal_cortex.o
    0x08003844   0x08003844   0x00000008   Code   RO         3724    i.HAL_SYSTICK_IRQHandler  stm32l0xx_hal_cortex.o
    0x0800384c   0x0800384c   0x00000002   Code   RO         2214    i.HAL_UARTEx_WakeupCallback  stm32l0xx_hal_uart_ex.o
    0x0800384e   0x0800384e   0x00000002   Code   RO         1885    i.HAL_UART_ErrorCallback  stm32l0xx_hal_uart.o
    0x08003850   0x08003850   0x00000144   Code   RO         1888    i.HAL_UART_IRQHandler  stm32l0xx_hal_uart.o
    0x08003994   0x08003994   0x0000006c   Code   RO         1889    i.HAL_UART_Init     stm32l0xx_hal_uart.o
    0x08003a00   0x08003a00   0x000000a8   Code   RO          945    i.HAL_UART_MspInit  stm32l0xx_hal_msp.o
    0x08003aa8   0x08003aa8   0x00000002   Code   RO         1895    i.HAL_UART_RxCpltCallback  stm32l0xx_hal_uart.o
    0x08003aaa   0x08003aaa   0x00000002   PAD
    0x08003aac   0x08003aac   0x00000098   Code   RO         1898    i.HAL_UART_Transmit_DMA  stm32l0xx_hal_uart.o
    0x08003b44   0x08003b44   0x0000000c   Code   RO          490    i.HAL_UART_TxCpltCallback  vcom.o
    0x08003b50   0x08003b50   0x00000002   Code   RO         1901    i.HAL_UART_TxHalfCpltCallback  stm32l0xx_hal_uart.o
    0x08003b52   0x08003b52   0x00000002   PAD
    0x08003b54   0x08003b54   0x00000094   Code   RO          601    i.HW_AdcReadChannel  mlm32l0xx_hw.o
    0x08003be8   0x08003be8   0x00000038   Code   RO          246    i.HW_GPIO_GetBitPos  hw_gpio.o
    0x08003c20   0x08003c20   0x00000054   Code   RO          247    i.HW_GPIO_Init      hw_gpio.o
    0x08003c74   0x08003c74   0x00000018   Code   RO          248    i.HW_GPIO_IrqHandler  hw_gpio.o
    0x08003c8c   0x08003c8c   0x0000003c   Code   RO          250    i.HW_GPIO_SetIrq    hw_gpio.o
    0x08003cc8   0x08003cc8   0x0000000a   Code   RO          251    i.HW_GPIO_Write     hw_gpio.o
    0x08003cd2   0x08003cd2   0x00000002   PAD
    0x08003cd4   0x08003cd4   0x00000050   Code   RO          603    i.HW_GetBatteryLevel  mlm32l0xx_hw.o
    0x08003d24   0x08003d24   0x00000014   Code   RO          604    i.HW_GetRandomSeed  mlm32l0xx_hw.o
    0x08003d38   0x08003d38   0x00000058   Code   RO          605    i.HW_GetTemperatureLevel  mlm32l0xx_hw.o
    0x08003d90   0x08003d90   0x00000044   Code   RO          606    i.HW_GetUniqueId    mlm32l0xx_hw.o
    0x08003dd4   0x08003dd4   0x00000020   Code   RO          297    i.HW_RTC_BKUPRead   hw_rtc.o
    0x08003df4   0x08003df4   0x00000020   Code   RO          298    i.HW_RTC_BKUPWrite  hw_rtc.o
    0x08003e14   0x08003e14   0x00000026   Code   RO          299    i.HW_RTC_DelayMs    hw_rtc.o
    0x08003e3a   0x08003e3a   0x00000020   Code   RO          300    i.HW_RTC_GetCalendarTime  hw_rtc.o
    0x08003e5a   0x08003e5a   0x00000002   PAD
    0x08003e5c   0x08003e5c   0x000000ac   Code   RO          301    i.HW_RTC_GetCalendarValue  hw_rtc.o
    0x08003f08   0x08003f08   0x00000004   Code   RO          302    i.HW_RTC_GetMinimumTimeout  hw_rtc.o
    0x08003f0c   0x08003f0c   0x0000000c   Code   RO          303    i.HW_RTC_GetTimerContext  hw_rtc.o
    0x08003f18   0x08003f18   0x0000001c   Code   RO          304    i.HW_RTC_GetTimerElapsedTime  hw_rtc.o
    0x08003f34   0x08003f34   0x00000010   Code   RO          305    i.HW_RTC_GetTimerValue  hw_rtc.o
    0x08003f44   0x08003f44   0x0000003c   Code   RO          308    i.HW_RTC_SetAlarm   hw_rtc.o
    0x08003f80   0x08003f80   0x00000018   Code   RO          309    i.HW_RTC_SetTimerContext  hw_rtc.o
    0x08003f98   0x08003f98   0x0000011c   Code   RO          310    i.HW_RTC_StartWakeUpAlarm  hw_rtc.o
    0x080040b4   0x080040b4   0x0000002c   Code   RO          311    i.HW_RTC_StopAlarm  hw_rtc.o
    0x080040e0   0x080040e0   0x00000014   Code   RO          312    i.HW_RTC_Tick2ms    hw_rtc.o
    0x080040f4   0x080040f4   0x00000010   Code   RO          314    i.HW_RTC_ms2Tick    hw_rtc.o
    0x08004104   0x08004104   0x00000020   Code   RO          446    i.HW_SPI_InOut      hw_spi.o
    0x08004124   0x08004124   0x00000060   Code   RO          449    i.HW_SPI_IoInit     hw_spi.o
    0x08004184   0x08004184   0x000000f8   Code   RO         4215    i.HandleRadioRxErrorTimeout  loramac.o
    0x0800427c   0x0800427c   0x00000002   Code   RO          862    i.HardFault_Handler  stm32l0xx_it.o
    0x0800427e   0x0800427e   0x00000002   PAD
    0x08004280   0x08004280   0x00000018   Code   RO         4901    i.IncreaseBufferPointer  loramacconfirmqueue.o
    0x08004298   0x08004298   0x0000000c   Code   RO         4216    i.IsFPortAllowed    loramac.o
    0x080042a4   0x080042a4   0x0000001a   Code   RO         3846    i.LORA_BeaconReq    lora.o
    0x080042be   0x080042be   0x00000002   PAD
    0x080042c0   0x080042c0   0x00000030   Code   RO          742    i.LORA_ConfirmClass  main.o
    0x080042f0   0x080042f0   0x0000001a   Code   RO         3847    i.LORA_DeviceTimeReq  lora.o
    0x0800430a   0x0800430a   0x00000002   PAD
    0x0800430c   0x0800430c   0x0000001c   Code   RO          743    i.LORA_HasJoined    main.o
    0x08004328   0x08004328   0x000001b4   Code   RO         3849    i.LORA_Init         lora.o
    0x080044dc   0x080044dc   0x00000034   Code   RO         3850    i.LORA_Join         lora.o
    0x08004510   0x08004510   0x0000001c   Code   RO         3851    i.LORA_JoinStatus   lora.o
    0x0800452c   0x0800452c   0x0000002a   Code   RO         3852    i.LORA_PingSlotReq  lora.o
    0x08004556   0x08004556   0x00000002   PAD
    0x08004558   0x08004558   0x00000084   Code   RO         3853    i.LORA_RequestClass  lora.o
    0x080045dc   0x080045dc   0x0000002c   Code   RO          744    i.LORA_RxData       main.o
    0x08004608   0x08004608   0x00000018   Code   RO          745    i.LORA_TxNeeded     main.o
    0x08004620   0x08004620   0x00000080   Code   RO         3854    i.LORA_send         lora.o
    0x080046a0   0x080046a0   0x00000034   Code   RO         5356    i.LPM_EnterLowPower  low_power_manager.o
    0x080046d4   0x080046d4   0x00000002   Code   RO         5357    i.LPM_EnterOffMode  low_power_manager.o
    0x080046d6   0x080046d6   0x0000000c   Code   RO          609    i.LPM_EnterSleepMode  mlm32l0xx_hw.o
    0x080046e2   0x080046e2   0x00000002   PAD
    0x080046e4   0x080046e4   0x00000078   Code   RO          610    i.LPM_EnterStopMode  mlm32l0xx_hw.o
    0x0800475c   0x0800475c   0x00000002   Code   RO         5360    i.LPM_ExitOffMode   low_power_manager.o
    0x0800475e   0x0800475e   0x00000002   Code   RO         5361    i.LPM_ExitSleepMode  low_power_manager.o
    0x08004760   0x08004760   0x00000058   Code   RO          611    i.LPM_ExitStopMode  mlm32l0xx_hw.o
    0x080047b8   0x080047b8   0x00000028   Code   RO         5363    i.LPM_GetMode       low_power_manager.o
    0x080047e0   0x080047e0   0x00000028   Code   RO         5364    i.LPM_SetOffMode    low_power_manager.o
    0x08004808   0x08004808   0x00000028   Code   RO         5365    i.LPM_SetStopMode   low_power_manager.o
    0x08004830   0x08004830   0x00000008   Code   RO         5917    i.LimitTxPower      regionas923.o
    0x08004838   0x08004838   0x00000012   Code   RO         4552    i.LoRaMacAdrCalcNext  loramacadr.o
    0x0800484a   0x0800484a   0x00000004   Code   RO         4579    i.LoRaMacClassBBeaconFreqReq  loramacclassb.o
    0x0800484e   0x0800484e   0x00000002   Code   RO         4580    i.LoRaMacClassBBeaconTimerEvent  loramacclassb.o
    0x08004850   0x08004850   0x00000002   Code   RO         4581    i.LoRaMacClassBBeaconTimingAns  loramacclassb.o
    0x08004852   0x08004852   0x00000002   Code   RO         4582    i.LoRaMacClassBDeviceTimeAns  loramacclassb.o
    0x08004854   0x08004854   0x00000008   Code   RO         4583    i.LoRaMacClassBGetNvmCtx  loramacclassb.o
    0x0800485c   0x0800485c   0x00000002   Code   RO         4584    i.LoRaMacClassBHaltBeaconing  loramacclassb.o
    0x0800485e   0x0800485e   0x00000002   Code   RO         4585    i.LoRaMacClassBInit  loramacclassb.o
    0x08004860   0x08004860   0x00000004   Code   RO         4586    i.LoRaMacClassBIsAcquisitionInProgress  loramacclassb.o
    0x08004864   0x08004864   0x00000004   Code   RO         4588    i.LoRaMacClassBIsBeaconExpected  loramacclassb.o
    0x08004868   0x08004868   0x00000004   Code   RO         4589    i.LoRaMacClassBIsBeaconModeActive  loramacclassb.o
    0x0800486c   0x0800486c   0x00000004   Code   RO         4590    i.LoRaMacClassBIsMulticastExpected  loramacclassb.o
    0x08004870   0x08004870   0x00000004   Code   RO         4591    i.LoRaMacClassBIsPingExpected  loramacclassb.o
    0x08004874   0x08004874   0x00000004   Code   RO         4592    i.LoRaMacClassBIsUplinkCollision  loramacclassb.o
    0x08004878   0x08004878   0x00000004   Code   RO         4593    i.LoRaMacClassBMibGetRequestConfirm  loramacclassb.o
    0x0800487c   0x0800487c   0x00000002   Code   RO         4594    i.LoRaMacClassBMulticastSlotTimerEvent  loramacclassb.o
    0x0800487e   0x0800487e   0x00000004   Code   RO         4595    i.LoRaMacClassBPingSlotChannelReq  loramacclassb.o
    0x08004882   0x08004882   0x00000002   Code   RO         4596    i.LoRaMacClassBPingSlotInfoAns  loramacclassb.o
    0x08004884   0x08004884   0x00000002   Code   RO         4597    i.LoRaMacClassBPingSlotTimerEvent  loramacclassb.o
    0x08004886   0x08004886   0x00000002   Code   RO         4598    i.LoRaMacClassBProcess  loramacclassb.o
    0x08004888   0x08004888   0x00000004   Code   RO         4599    i.LoRaMacClassBRestoreNvmCtx  loramacclassb.o
    0x0800488c   0x0800488c   0x00000002   Code   RO         4600    i.LoRaMacClassBResumeBeaconing  loramacclassb.o
    0x0800488e   0x0800488e   0x00000004   Code   RO         4601    i.LoRaMacClassBRxBeacon  loramacclassb.o
    0x08004892   0x08004892   0x00000002   Code   RO         4602    i.LoRaMacClassBSetBeaconState  loramacclassb.o
    0x08004894   0x08004894   0x00000002   Code   RO         4604    i.LoRaMacClassBSetMulticastSlotState  loramacclassb.o
    0x08004896   0x08004896   0x00000002   Code   RO         4605    i.LoRaMacClassBSetPingSlotInfo  loramacclassb.o
    0x08004898   0x08004898   0x00000002   Code   RO         4606    i.LoRaMacClassBSetPingSlotState  loramacclassb.o
    0x0800489a   0x0800489a   0x00000002   Code   RO         4608    i.LoRaMacClassBStopRxSlots  loramacclassb.o
    0x0800489c   0x0800489c   0x00000004   Code   RO         4609    i.LoRaMacClassBSwitchClass  loramacclassb.o
    0x080048a0   0x080048a0   0x0000007c   Code   RO         4794    i.LoRaMacCommandsAddCmd  loramaccommands.o
    0x0800491c   0x0800491c   0x0000001c   Code   RO         4795    i.LoRaMacCommandsGetCmd  loramaccommands.o
    0x08004938   0x08004938   0x0000000c   Code   RO         4796    i.LoRaMacCommandsGetNvmCtx  loramaccommands.o
    0x08004944   0x08004944   0x00000018   Code   RO         4797    i.LoRaMacCommandsGetSizeSerializedCmds  loramaccommands.o
    0x0800495c   0x0800495c   0x00000028   Code   RO         4798    i.LoRaMacCommandsInit  loramaccommands.o
    0x08004984   0x08004984   0x00000078   Code   RO         4799    i.LoRaMacCommandsRemoveCmd  loramaccommands.o
    0x080049fc   0x080049fc   0x00000028   Code   RO         4800    i.LoRaMacCommandsRemoveNoneStickyCmds  loramaccommands.o
    0x08004a24   0x08004a24   0x0000002c   Code   RO         4801    i.LoRaMacCommandsRemoveStickyAnsCmds  loramaccommands.o
    0x08004a50   0x08004a50   0x0000001c   Code   RO         4802    i.LoRaMacCommandsRestoreNvmCtx  loramaccommands.o
    0x08004a6c   0x08004a6c   0x0000004c   Code   RO         4803    i.LoRaMacCommandsSerializeCmds  loramaccommands.o
    0x08004ab8   0x08004ab8   0x0000002c   Code   RO         4804    i.LoRaMacCommandsStickyCmdsPending  loramaccommands.o
    0x08004ae4   0x08004ae4   0x00000038   Code   RO         4902    i.LoRaMacConfirmQueueAdd  loramacconfirmqueue.o
    0x08004b1c   0x08004b1c   0x0000000c   Code   RO         4903    i.LoRaMacConfirmQueueGetCnt  loramacconfirmqueue.o
    0x08004b28   0x08004b28   0x0000000c   Code   RO         4904    i.LoRaMacConfirmQueueGetNvmCtx  loramacconfirmqueue.o
    0x08004b34   0x08004b34   0x00000024   Code   RO         4905    i.LoRaMacConfirmQueueGetStatus  loramacconfirmqueue.o
    0x08004b58   0x08004b58   0x0000000c   Code   RO         4906    i.LoRaMacConfirmQueueGetStatusCmn  loramacconfirmqueue.o
    0x08004b64   0x08004b64   0x00000054   Code   RO         4907    i.LoRaMacConfirmQueueHandleCb  loramacconfirmqueue.o
    0x08004bb8   0x08004bb8   0x0000002c   Code   RO         4908    i.LoRaMacConfirmQueueInit  loramacconfirmqueue.o
    0x08004be4   0x08004be4   0x00000018   Code   RO         4909    i.LoRaMacConfirmQueueIsCmdActive  loramacconfirmqueue.o
    0x08004bfc   0x08004bfc   0x00000018   Code   RO         4910    i.LoRaMacConfirmQueueIsFull  loramacconfirmqueue.o
    0x08004c14   0x08004c14   0x00000020   Code   RO         4911    i.LoRaMacConfirmQueueRemoveFirst  loramacconfirmqueue.o
    0x08004c34   0x08004c34   0x00000028   Code   RO         4912    i.LoRaMacConfirmQueueRemoveLast  loramacconfirmqueue.o
    0x08004c5c   0x08004c5c   0x00000018   Code   RO         4913    i.LoRaMacConfirmQueueRestoreNvmCtx  loramacconfirmqueue.o
    0x08004c74   0x08004c74   0x0000002c   Code   RO         4914    i.LoRaMacConfirmQueueSetStatus  loramacconfirmqueue.o
    0x08004ca0   0x08004ca0   0x00000030   Code   RO         4915    i.LoRaMacConfirmQueueSetStatusCmn  loramacconfirmqueue.o
    0x08004cd0   0x08004cd0   0x0000000c   Code   RO         5043    i.LoRaMacCryptoGetNvmCtx  loramaccrypto.o
    0x08004cdc   0x08004cdc   0x000001ac   Code   RO         5044    i.LoRaMacCryptoHandleJoinAccept  loramaccrypto.o
    0x08004e88   0x08004e88   0x00000058   Code   RO         5045    i.LoRaMacCryptoInit  loramaccrypto.o
    0x08004ee0   0x08004ee0   0x0000006c   Code   RO         5046    i.LoRaMacCryptoPrepareJoinRequest  loramaccrypto.o
    0x08004f4c   0x08004f4c   0x0000001c   Code   RO         5049    i.LoRaMacCryptoRestoreNvmCtx  loramaccrypto.o
    0x08004f68   0x08004f68   0x00000118   Code   RO         5050    i.LoRaMacCryptoSecureMessage  loramaccrypto.o
    0x08005080   0x08005080   0x0000000e   Code   RO         5051    i.LoRaMacCryptoSetKey  loramaccrypto.o
    0x0800508e   0x0800508e   0x00000002   PAD
    0x08005090   0x08005090   0x0000000c   Code   RO         5052    i.LoRaMacCryptoSetLrWanVersion  loramaccrypto.o
    0x0800509c   0x0800509c   0x000000d8   Code   RO         5053    i.LoRaMacCryptoUnsecureMessage  loramaccrypto.o
    0x08005174   0x08005174   0x0000000c   Code   RO         5216    i.LoRaMacFCntHandlerGetNvmCtx  loramacfcnthandler.o
    0x08005180   0x08005180   0x00000014   Code   RO         5217    i.LoRaMacFCntHandlerInit  loramacfcnthandler.o
    0x08005194   0x08005194   0x0000001c   Code   RO         5218    i.LoRaMacFCntHandlerRestoreNvmCtx  loramacfcnthandler.o
    0x080051b0   0x080051b0   0x00000020   Code   RO         5219    i.LoRaMacFCntHandlerSetMulticastReference  loramacfcnthandler.o
    0x080051d0   0x080051d0   0x000000b0   Code   RO         5220    i.LoRaMacGetFCntDown  loramacfcnthandler.o
    0x08005280   0x08005280   0x00000018   Code   RO         5221    i.LoRaMacGetFCntUp  loramacfcnthandler.o
    0x08005298   0x08005298   0x00000080   Code   RO         4219    i.LoRaMacHandleIrqEvents  loramac.o
    0x08005318   0x08005318   0x000003b4   Code   RO         4220    i.LoRaMacInitialization  loramac.o
    0x080056cc   0x080056cc   0x00000168   Code   RO         4221    i.LoRaMacMcpsRequest  loramac.o
    0x08005834   0x08005834   0x00000004   Code   RO         4610    i.LoRaMacMibClassBSetRequestConfirm  loramacclassb.o
    0x08005838   0x08005838   0x000000f8   Code   RO         4222    i.LoRaMacMibGetRequestConfirm  loramac.o
    0x08005930   0x08005930   0x0000036c   Code   RO         4223    i.LoRaMacMibSetRequestConfirm  loramac.o
    0x08005c9c   0x08005c9c   0x00000250   Code   RO         4224    i.LoRaMacMlmeRequest  loramac.o
    0x08005eec   0x08005eec   0x000000aa   Code   RO         5292    i.LoRaMacParserData  loramacparser.o
    0x08005f96   0x08005f96   0x0000009c   Code   RO         5293    i.LoRaMacParserJoinAccept  loramacparser.o
    0x08006032   0x08006032   0x00000002   PAD
    0x08006034   0x08006034   0x00000258   Code   RO         4226    i.LoRaMacProcess    loramac.o
    0x0800628c   0x0800628c   0x000000b0   Code   RO         4227    i.LoRaMacQueryTxPossible  loramac.o
    0x0800633c   0x0800633c   0x00000024   Code   RO         5222    i.LoRaMacResetFCnts  loramacfcnthandler.o
    0x08006360   0x08006360   0x000000d0   Code   RO         5318    i.LoRaMacSerializerData  loramacserializer.o
    0x08006430   0x08006430   0x0000006c   Code   RO         5319    i.LoRaMacSerializerJoinRequest  loramacserializer.o
    0x0800649c   0x0800649c   0x00000044   Code   RO         5223    i.LoRaMacSetFCntDown  loramacfcnthandler.o
    0x080064e0   0x080064e0   0x00000014   Code   RO         5224    i.LoRaMacSetFCntUp  loramacfcnthandler.o
    0x080064f4   0x080064f4   0x0000000c   Code   RO         4228    i.LoRaMacStart      loramac.o
    0x08006500   0x08006500   0x0000000e   Code   RO         5054    i.LoraMacCryptoComputeCmac  loramaccrypto.o
    0x0800650e   0x0800650e   0x00000030   Code   RO          559    i.MSP_GetIRQn       mlm32l0xx_hal_msp.o
    0x0800653e   0x0800653e   0x00000002   PAD
    0x08006540   0x08006540   0x0000007c   Code   RO          746    i.MX_ADC_Init       main.o
    0x080065bc   0x080065bc   0x000000d8   Code   RO          747    i.MX_GPIO_Init      main.o
    0x08006694   0x08006694   0x000000a4   Code   RO          748    i.MX_RTC_Init       main.o
    0x08006738   0x08006738   0x00000040   Code   RO          749    i.MX_SPI1_Init      main.o
    0x08006778   0x08006778   0x00000038   Code   RO          750    i.MX_USART2_UART_Init  main.o
    0x080067b0   0x080067b0   0x0000002a   Code   RO         3855    i.McpsConfirm       lora.o
    0x080067da   0x080067da   0x00000002   PAD
    0x080067dc   0x080067dc   0x0000006c   Code   RO         3856    i.McpsIndication    lora.o
    0x08006848   0x08006848   0x00000090   Code   RO         3857    i.MlmeConfirm       lora.o
    0x080068d8   0x080068d8   0x00000038   Code   RO         3858    i.MlmeIndication    lora.o
    0x08006910   0x08006910   0x00000002   Code   RO          863    i.NMI_Handler       stm32l0xx_it.o
    0x08006912   0x08006912   0x00000002   PAD
    0x08006914   0x08006914   0x00000044   Code   RO         3725    i.NVIC_SetPriority  stm32l0xx_hal_cortex.o
    0x08006958   0x08006958   0x00000010   Code   RO         4805    i.NvmCtxCallback    loramaccommands.o
    0x08006968   0x08006968   0x00000010   Code   RO         5225    i.NvmCtxChanged     loramacfcnthandler.o
    0x08006978   0x08006978   0x00000038   Code   RO         4231    i.OnAckTimeoutTimerEvent  loramac.o
    0x080069b0   0x080069b0   0x00000008   Code   RO         3947    i.OnCertifTxNextPacketTimerEvent  lora-test.o
    0x080069b8   0x080069b8   0x00000064   Code   RO         4232    i.OnRadioRxDone     loramac.o
    0x08006a1c   0x08006a1c   0x00000010   Code   RO         4233    i.OnRadioRxError    loramac.o
    0x08006a2c   0x08006a2c   0x00000048   Code   RO         4234    i.OnRadioRxTimeout  loramac.o
    0x08006a74   0x08006a74   0x00000068   Code   RO         4235    i.OnRadioTxDone     loramac.o
    0x08006adc   0x08006adc   0x00000048   Code   RO         4236    i.OnRadioTxTimeout  loramac.o
    0x08006b24   0x08006b24   0x00000068   Code   RO         4237    i.OnRxWindow1TimerEvent  loramac.o
    0x08006b8c   0x08006b8c   0x0000006c   Code   RO         4238    i.OnRxWindow2TimerEvent  loramac.o
    0x08006bf8   0x08006bf8   0x00000050   Code   RO         4239    i.OnTxDelayedTimerEvent  loramac.o
    0x08006c48   0x08006c48   0x00000014   Code   RO          751    i.OnTxTimerEvent    main.o
    0x08006c5c   0x08006c5c   0x00000014   Code   RO         4240    i.OpenContinuousRx2Window  loramac.o
    0x08006c70   0x08006c70   0x000000bc   Code   RO         5055    i.PayloadEncrypt    loramaccrypto.o
    0x08006d2c   0x08006d2c   0x00000002   Code   RO          864    i.PendSV_Handler    stm32l0xx_it.o
    0x08006d2e   0x08006d2e   0x00000002   PAD
    0x08006d30   0x08006d30   0x00000064   Code   RO         5056    i.PrepareB0         loramaccrypto.o
    0x08006d94   0x08006d94   0x00000060   Code   RO         5057    i.PrepareB1         loramaccrypto.o
    0x08006df4   0x08006df4   0x00000164   Code   RO         4241    i.PrepareFrame      loramac.o
    0x08006f58   0x08006f58   0x00000038   Code   RO         4242    i.PrepareRxDoneAbort  loramac.o
    0x08006f90   0x08006f90   0x000004b0   Code   RO         4243    i.ProcessMacCommands  loramac.o
    0x08007440   0x08007440   0x000004bc   Code   RO         4244    i.ProcessRadioRxDone  loramac.o
    0x080078fc   0x080078fc   0x00000114   Code   RO         4245    i.ProcessRadioTxDone  loramac.o
    0x08007a10   0x08007a10   0x00000070   Code   RO         2923    i.RCC_SetFlashLatencyFromMSIRange  stm32l0xx_hal_rcc.o
    0x08007a80   0x08007a80   0x00000010   Code   RO         1260    i.RTC_Bcd2ToByte    stm32l0xx_hal_rtc.o
    0x08007a90   0x08007a90   0x00000016   Code   RO         1261    i.RTC_ByteToBcd2    stm32l0xx_hal_rtc.o
    0x08007aa6   0x08007aa6   0x00000038   Code   RO         1262    i.RTC_EnterInitMode  stm32l0xx_hal_rtc.o
    0x08007ade   0x08007ade   0x00000002   PAD
    0x08007ae0   0x08007ae0   0x00000010   Code   RO          865    i.RTC_IRQHandler    stm32l0xx_it.o
    0x08007af0   0x08007af0   0x00000004   Code   RO         5918    i.RegionAS923AlternateDr  regionas923.o
    0x08007af4   0x08007af4   0x0000007c   Code   RO         5919    i.RegionAS923ApplyCFList  regionas923.o
    0x08007b70   0x08007b70   0x00000030   Code   RO         5920    i.RegionAS923ApplyDrOffset  regionas923.o
    0x08007ba0   0x08007ba0   0x00000034   Code   RO         5921    i.RegionAS923CalcBackOff  regionas923.o
    0x08007bd4   0x08007bd4   0x0000002c   Code   RO         5922    i.RegionAS923ChanMaskSet  regionas923.o
    0x08007c00   0x08007c00   0x000000d4   Code   RO         5923    i.RegionAS923ChannelAdd  regionas923.o
    0x08007cd4   0x08007cd4   0x0000002c   Code   RO         5924    i.RegionAS923ChannelsRemove  regionas923.o
    0x08007d00   0x08007d00   0x00000064   Code   RO         5925    i.RegionAS923ComputeRxWindowParameters  regionas923.o
    0x08007d64   0x08007d64   0x00000038   Code   RO         5926    i.RegionAS923DlChannelReq  regionas923.o
    0x08007d9c   0x08007d9c   0x0000000c   Code   RO         5927    i.RegionAS923GetNvmCtx  regionas923.o
    0x08007da8   0x08007da8   0x00000138   Code   RO         5928    i.RegionAS923GetPhyParam  regionas923.o
    0x08007ee0   0x08007ee0   0x0000007c   Code   RO         5929    i.RegionAS923InitDefaults  regionas923.o
    0x08007f5c   0x08007f5c   0x0000012c   Code   RO         5930    i.RegionAS923LinkAdrReq  regionas923.o
    0x08008088   0x08008088   0x00000048   Code   RO         5931    i.RegionAS923NewChannelReq  regionas923.o
    0x080080d0   0x080080d0   0x000000f8   Code   RO         5932    i.RegionAS923NextChannel  regionas923.o
    0x080081c8   0x080081c8   0x000000e0   Code   RO         5934    i.RegionAS923RxConfig  regionas923.o
    0x080082a8   0x080082a8   0x00000044   Code   RO         5935    i.RegionAS923RxParamSetupReq  regionas923.o
    0x080082ec   0x080082ec   0x00000024   Code   RO         5936    i.RegionAS923SetBandTxDone  regionas923.o
    0x08008310   0x08008310   0x00000050   Code   RO         5937    i.RegionAS923SetContinuousWave  regionas923.o
    0x08008360   0x08008360   0x000000dc   Code   RO         5938    i.RegionAS923TxConfig  regionas923.o
    0x0800843c   0x0800843c   0x00000004   Code   RO         5939    i.RegionAS923TxParamSetupReq  regionas923.o
    0x08008440   0x08008440   0x0000004a   Code   RO         5940    i.RegionAS923Verify  regionas923.o
    0x0800848a   0x0800848a   0x00000012   Code   RO         5753    i.RegionAlternateDr  region.o
    0x0800849c   0x0800849c   0x0000000e   Code   RO         5754    i.RegionApplyCFList  region.o
    0x080084aa   0x080084aa   0x0000001a   Code   RO         5755    i.RegionApplyDrOffset  region.o
    0x080084c4   0x080084c4   0x0000000e   Code   RO         5756    i.RegionCalcBackOff  region.o
    0x080084d2   0x080084d2   0x00000012   Code   RO         5757    i.RegionChanMaskSet  region.o
    0x080084e4   0x080084e4   0x0000005c   Code   RO         6625    i.RegionCommonCalcBackOff  regioncommon.o
    0x08008540   0x08008540   0x00000026   Code   RO         6626    i.RegionCommonChanDisable  regioncommon.o
    0x08008566   0x08008566   0x0000001e   Code   RO         6627    i.RegionCommonChanMaskCopy  regioncommon.o
    0x08008584   0x08008584   0x00000060   Code   RO         6628    i.RegionCommonChanVerifyDr  regioncommon.o
    0x080085e4   0x080085e4   0x00000090   Code   RO         6629    i.RegionCommonComputeRxWindowParameters  regioncommon.o
    0x08008674   0x08008674   0x00000018   Code   RO         6630    i.RegionCommonComputeSymbolTimeFsk  regioncommon.o
    0x0800868c   0x0800868c   0x0000002c   Code   RO         6631    i.RegionCommonComputeSymbolTimeLoRa  regioncommon.o
    0x080086b8   0x080086b8   0x00000028   Code   RO         6632    i.RegionCommonComputeTxPower  regioncommon.o
    0x080086e0   0x080086e0   0x00000044   Code   RO         6633    i.RegionCommonCountChannels  regioncommon.o
    0x08008724   0x08008724   0x00000028   Code   RO         6634    i.RegionCommonGetJoinDc  regioncommon.o
    0x0800874c   0x0800874c   0x0000008e   Code   RO         6635    i.RegionCommonLinkAdrReqVerifyParams  regioncommon.o
    0x080087da   0x080087da   0x00000036   Code   RO         6636    i.RegionCommonParseLinkAdrReq  regioncommon.o
    0x08008810   0x08008810   0x0000000a   Code   RO         6638    i.RegionCommonSetBandTxDone  regioncommon.o
    0x0800881a   0x0800881a   0x000000be   Code   RO         6639    i.RegionCommonUpdateBandTimeOff  regioncommon.o
    0x080088d8   0x080088d8   0x00000010   Code   RO         6640    i.RegionCommonValueInRange  regioncommon.o
    0x080088e8   0x080088e8   0x0000001a   Code   RO         5760    i.RegionComputeRxWindowParameters  region.o
    0x08008902   0x08008902   0x00000012   Code   RO         5761    i.RegionDlChannelReq  region.o
    0x08008914   0x08008914   0x00000012   Code   RO         5762    i.RegionGetNvmCtx   region.o
    0x08008926   0x08008926   0x00000014   Code   RO         5763    i.RegionGetPhyParam  region.o
    0x0800893a   0x0800893a   0x0000000e   Code   RO         5764    i.RegionInitDefaults  region.o
    0x08008948   0x08008948   0x0000000c   Code   RO         5765    i.RegionIsActive    region.o
    0x08008954   0x08008954   0x00000022   Code   RO         5766    i.RegionLinkAdrReq  region.o
    0x08008976   0x08008976   0x00000012   Code   RO         5767    i.RegionNewChannelReq  region.o
    0x08008988   0x08008988   0x0000001e   Code   RO         5768    i.RegionNextChannel  region.o
    0x080089a6   0x080089a6   0x00000016   Code   RO         5770    i.RegionRxConfig    region.o
    0x080089bc   0x080089bc   0x00000012   Code   RO         5771    i.RegionRxParamSetupReq  region.o
    0x080089ce   0x080089ce   0x0000000e   Code   RO         5772    i.RegionSetBandTxDone  region.o
    0x080089dc   0x080089dc   0x0000000e   Code   RO         5773    i.RegionSetContinuousWave  region.o
    0x080089ea   0x080089ea   0x0000001a   Code   RO         5774    i.RegionTxConfig    region.o
    0x08008a04   0x08008a04   0x00000012   Code   RO         5775    i.RegionTxParamSetupReq  region.o
    0x08008a16   0x08008a16   0x00000016   Code   RO         5776    i.RegionVerify      region.o
    0x08008a2c   0x08008a2c   0x00000024   Code   RO         5058    i.ResetFCnts        loramaccrypto.o
    0x08008a50   0x08008a50   0x000000e0   Code   RO         4246    i.ResetMacParameters  loramac.o
    0x08008b30   0x08008b30   0x00000098   Code   RO         4247    i.RestoreCtxs       loramac.o
    0x08008bc8   0x08008bc8   0x00000094   Code   RO         7965    i.RxChainCalibration  sx1276.o
    0x08008c5c   0x08008c5c   0x00000018   Code   RO         4248    i.RxWindowSetup     loramac.o
    0x08008c74   0x08008c74   0x000000b2   Code   RO         1638    i.SPI_WaitOnFlagUntilTimeout  stm32l0xx_hal_spi.o
    0x08008d26   0x08008d26   0x00000002   Code   RO          866    i.SVC_Handler       stm32l0xx_it.o
    0x08008d28   0x08008d28   0x0000000c   Code   RO         7966    i.SX1276BoardInit   sx1276.o
    0x08008d34   0x08008d34   0x00000004   Code   RO         7870    i.SX1276CheckRfFrequency  mlm32l07x01.o
    0x08008d38   0x08008d38   0x0000000c   Code   RO         7871    i.SX1276GetPaSelect  mlm32l07x01.o
    0x08008d44   0x08008d44   0x0000000c   Code   RO         7967    i.SX1276GetStatus   sx1276.o
    0x08008d50   0x08008d50   0x000001e4   Code   RO         7968    i.SX1276GetTimeOnAir  sx1276.o
    0x08008f34   0x08008f34   0x00000004   Code   RO         7872    i.SX1276GetWakeTime  mlm32l07x01.o
    0x08008f38   0x08008f38   0x00000014   Code   RO         7969    i.SX1276GetWakeupTime  sx1276.o
    0x08008f4c   0x08008f4c   0x0000008c   Code   RO         7970    i.SX1276Init        sx1276.o
    0x08008fd8   0x08008fd8   0x00000050   Code   RO         7873    i.SX1276IoDeInit    mlm32l07x01.o
    0x08009028   0x08009028   0x00000070   Code   RO         7874    i.SX1276IoInit      mlm32l07x01.o
    0x08009098   0x08009098   0x00000044   Code   RO         7875    i.SX1276IoIrqInit   mlm32l07x01.o
    0x080090dc   0x080090dc   0x0000004e   Code   RO         7971    i.SX1276IsChannelFree  sx1276.o
    0x0800912a   0x0800912a   0x00000002   PAD
    0x0800912c   0x0800912c   0x00000254   Code   RO         7972    i.SX1276OnDio0Irq   sx1276.o
    0x08009380   0x08009380   0x000000c4   Code   RO         7973    i.SX1276OnDio1Irq   sx1276.o
    0x08009444   0x08009444   0x000000b4   Code   RO         7974    i.SX1276OnDio2Irq   sx1276.o
    0x080094f8   0x080094f8   0x00000054   Code   RO         7975    i.SX1276OnDio3Irq   sx1276.o
    0x0800954c   0x0800954c   0x0000001c   Code   RO         7976    i.SX1276OnDio4Irq   sx1276.o
    0x08009568   0x08009568   0x000000c8   Code   RO         7978    i.SX1276OnTimeoutIrq  sx1276.o
    0x08009630   0x08009630   0x0000003e   Code   RO         7979    i.SX1276Random      sx1276.o
    0x0800966e   0x0800966e   0x00000010   Code   RO         7980    i.SX1276Read        sx1276.o
    0x0800967e   0x0800967e   0x00000042   Code   RO         7981    i.SX1276ReadBuffer  sx1276.o
    0x080096c0   0x080096c0   0x0000000e   Code   RO         7982    i.SX1276ReadFifo    sx1276.o
    0x080096ce   0x080096ce   0x00000002   PAD
    0x080096d0   0x080096d0   0x00000044   Code   RO         7983    i.SX1276ReadRssi    sx1276.o
    0x08009714   0x08009714   0x00000050   Code   RO         7984    i.SX1276Reset       sx1276.o
    0x08009764   0x08009764   0x000000f0   Code   RO         7985    i.SX1276Send        sx1276.o
    0x08009854   0x08009854   0x00000044   Code   RO         7876    i.SX1276SetAntSw    mlm32l07x01.o
    0x08009898   0x08009898   0x00000074   Code   RO         7877    i.SX1276SetAntSwLowPower  mlm32l07x01.o
    0x0800990c   0x0800990c   0x00000050   Code   RO         7986    i.SX1276SetChannel  sx1276.o
    0x0800995c   0x0800995c   0x00000030   Code   RO         7987    i.SX1276SetMaxPayloadLength  sx1276.o
    0x0800998c   0x0800998c   0x00000070   Code   RO         7988    i.SX1276SetModem    sx1276.o
    0x080099fc   0x080099fc   0x0000005c   Code   RO         7989    i.SX1276SetOpMode   sx1276.o
    0x08009a58   0x08009a58   0x00000024   Code   RO         7990    i.SX1276SetPublicNetwork  sx1276.o
    0x08009a7c   0x08009a7c   0x00000098   Code   RO         7878    i.SX1276SetRfTxPower  mlm32l07x01.o
    0x08009b14   0x08009b14   0x000001fc   Code   RO         7991    i.SX1276SetRx       sx1276.o
    0x08009d10   0x08009d10   0x00000288   Code   RO         7992    i.SX1276SetRxConfig  sx1276.o
    0x08009f98   0x08009f98   0x00000024   Code   RO         7993    i.SX1276SetSleep    sx1276.o
    0x08009fbc   0x08009fbc   0x00000024   Code   RO         7994    i.SX1276SetStby     sx1276.o
    0x08009fe0   0x08009fe0   0x000000a4   Code   RO         7995    i.SX1276SetTx       sx1276.o
    0x0800a084   0x0800a084   0x000001fc   Code   RO         7996    i.SX1276SetTxConfig  sx1276.o
    0x0800a280   0x0800a280   0x0000007c   Code   RO         7997    i.SX1276SetTxContinuousWave  sx1276.o
    0x0800a2fc   0x0800a2fc   0x00000028   Code   RO         7879    i.SX1276SetXO       mlm32l07x01.o
    0x0800a324   0x0800a324   0x00000038   Code   RO         7998    i.SX1276StartCad    sx1276.o
    0x0800a35c   0x0800a35c   0x0000000c   Code   RO         7999    i.SX1276Write       sx1276.o
    0x0800a368   0x0800a368   0x00000042   Code   RO         8000    i.SX1276WriteBuffer  sx1276.o
    0x0800a3aa   0x0800a3aa   0x0000000e   Code   RO         8001    i.SX1276WriteFifo   sx1276.o
    0x0800a3b8   0x0800a3b8   0x00000164   Code   RO         4249    i.ScheduleTx        loramac.o
    0x0800a51c   0x0800a51c   0x00000068   Code   RO         4102    i.SecureElementAesEncrypt  soft-se.o
    0x0800a584   0x0800a584   0x00000010   Code   RO         4103    i.SecureElementComputeAesCmac  soft-se.o
    0x0800a594   0x0800a594   0x00000064   Code   RO         4104    i.SecureElementDeriveAndStoreKey  soft-se.o
    0x0800a5f8   0x0800a5f8   0x00000010   Code   RO         4105    i.SecureElementGetNvmCtx  soft-se.o
    0x0800a608   0x0800a608   0x000000a0   Code   RO         4106    i.SecureElementInit  soft-se.o
    0x0800a6a8   0x0800a6a8   0x00000020   Code   RO         4108    i.SecureElementRestoreNvmCtx  soft-se.o
    0x0800a6c8   0x0800a6c8   0x0000007c   Code   RO         4109    i.SecureElementSetKey  soft-se.o
    0x0800a744   0x0800a744   0x00000028   Code   RO         4110    i.SecureElementVerifyAesCmac  soft-se.o
    0x0800a76c   0x0800a76c   0x0000005c   Code   RO         4250    i.SecureFrame       loramac.o
    0x0800a7c8   0x0800a7c8   0x0000003c   Code   RO          752    i.Send              main.o
    0x0800a804   0x0800a804   0x0000012c   Code   RO         4251    i.Send              loramac.o
    0x0800a930   0x0800a930   0x000000d4   Code   RO         4252    i.SendFrameOnChannel  loramac.o
    0x0800aa04   0x0800aa04   0x00000048   Code   RO         4253    i.SendReJoinReq     loramac.o
    0x0800aa4c   0x0800aa4c   0x00000014   Code   RO         4254    i.SetMlmeScheduleUplinkIndication  loramac.o
    0x0800aa60   0x0800aa60   0x00000048   Code   RO         4255    i.SetTxContinuousWave  loramac.o
    0x0800aaa8   0x0800aaa8   0x00000028   Code   RO         4256    i.SetTxContinuousWave1  loramac.o
    0x0800aad0   0x0800aad0   0x00000070   Code   RO         4257    i.StopRetransmission  loramac.o
    0x0800ab40   0x0800ab40   0x00000080   Code   RO         4258    i.SwitchClass       loramac.o
    0x0800abc0   0x0800abc0   0x0000000c   Code   RO          867    i.SysTick_Handler   stm32l0xx_it.o
    0x0800abcc   0x0800abcc   0x00000040   Code   RO         5489    i.SysTimeAdd        systime.o
    0x0800ac0c   0x0800ac0c   0x00000036   Code   RO         5490    i.SysTimeGet        systime.o
    0x0800ac42   0x0800ac42   0x00000018   Code   RO         5491    i.SysTimeGetMcuTime  systime.o
    0x0800ac5a   0x0800ac5a   0x0000003e   Code   RO         5494    i.SysTimeSet        systime.o
    0x0800ac98   0x0800ac98   0x00000040   Code   RO         5495    i.SysTimeSub        systime.o
    0x0800acd8   0x0800acd8   0x000000b0   Code   RO          753    i.SystemClock_Config  main.o
    0x0800ad88   0x0800ad88   0x00000054   Code   RO         3813    i.SystemInit        system_stm32l0xx.o
    0x0800addc   0x0800addc   0x0000000c   Code   RO         5567    i.TimerGetCurrentTime  timeserver.o
    0x0800ade8   0x0800ade8   0x00000018   Code   RO         5568    i.TimerGetElapsedTime  timeserver.o
    0x0800ae00   0x0800ae00   0x0000000e   Code   RO         5569    i.TimerInit         timeserver.o
    0x0800ae0e   0x0800ae0e   0x00000002   PAD
    0x0800ae10   0x0800ae10   0x0000001c   Code   RO         5570    i.TimerInsertNewHeadTimer  timeserver.o
    0x0800ae2c   0x0800ae2c   0x00000078   Code   RO         5571    i.TimerIrqHandler   timeserver.o
    0x0800aea4   0x0800aea4   0x0000002c   Code   RO         5573    i.TimerSetTimeout   timeserver.o
    0x0800aed0   0x0800aed0   0x00000022   Code   RO         5574    i.TimerSetValue     timeserver.o
    0x0800aef2   0x0800aef2   0x00000002   PAD
    0x0800aef4   0x0800aef4   0x00000070   Code   RO         5575    i.TimerStart        timeserver.o
    0x0800af64   0x0800af64   0x00000060   Code   RO         5576    i.TimerStop         timeserver.o
    0x0800afc4   0x0800afc4   0x00000024   Code   RO         5648    i.TraceInit         trace.o
    0x0800afe8   0x0800afe8   0x00000088   Code   RO         5649    i.TraceSend         trace.o
    0x0800b070   0x0800b070   0x00000048   Code   RO         5650    i.Trace_TxCpltCallback  trace.o
    0x0800b0b8   0x0800b0b8   0x000000ca   Code   RO         1902    i.UART_AdvFeatureConfig  stm32l0xx_hal_uart.o
    0x0800b182   0x0800b182   0x00000002   PAD
    0x0800b184   0x0800b184   0x00000060   Code   RO         1903    i.UART_CheckIdleState  stm32l0xx_hal_uart.o
    0x0800b1e4   0x0800b1e4   0x00000014   Code   RO         1904    i.UART_DMAAbortOnError  stm32l0xx_hal_uart.o
    0x0800b1f8   0x0800b1f8   0x0000004a   Code   RO         1905    i.UART_DMAError     stm32l0xx_hal_uart.o
    0x0800b242   0x0800b242   0x00000030   Code   RO         1910    i.UART_DMATransmitCplt  stm32l0xx_hal_uart.o
    0x0800b272   0x0800b272   0x0000000a   Code   RO         1912    i.UART_DMATxHalfCplt  stm32l0xx_hal_uart.o
    0x0800b27c   0x0800b27c   0x0000001e   Code   RO         1914    i.UART_EndRxTransfer  stm32l0xx_hal_uart.o
    0x0800b29a   0x0800b29a   0x00000012   Code   RO         1915    i.UART_EndTxTransfer  stm32l0xx_hal_uart.o
    0x0800b2ac   0x0800b2ac   0x0000007e   Code   RO         1916    i.UART_Receive_IT   stm32l0xx_hal_uart.o
    0x0800b32a   0x0800b32a   0x00000002   PAD
    0x0800b32c   0x0800b32c   0x00000230   Code   RO         1917    i.UART_SetConfig    stm32l0xx_hal_uart.o
    0x0800b55c   0x0800b55c   0x00000066   Code   RO         1918    i.UART_Transmit_IT  stm32l0xx_hal_uart.o
    0x0800b5c2   0x0800b5c2   0x00000062   Code   RO         1919    i.UART_WaitOnFlagUntilTimeout  stm32l0xx_hal_uart.o
    0x0800b624   0x0800b624   0x00000010   Code   RO          868    i.USART2_IRQHandler  stm32l0xx_it.o
    0x0800b634   0x0800b634   0x0000003c   Code   RO         5059    i.UpdateFCntDown    loramaccrypto.o
    0x0800b670   0x0800b670   0x00000014   Code   RO         5060    i.VerifyCmac        loramaccrypto.o
    0x0800b684   0x0800b684   0x00000066   Code   RO         5061    i.VerifyCmacB0      loramaccrypto.o
    0x0800b6ea   0x0800b6ea   0x00000002   PAD
    0x0800b6ec   0x0800b6ec   0x00000030   Code   RO         5941    i.VerifyTxFreq      regionas923.o
    0x0800b71c   0x0800b71c   0x00000002   Code   RO          754    i._Error_Handler    main.o
    0x0800b71e   0x0800b71e   0x00000002   PAD
    0x0800b720   0x0800b720   0x0000002c   Code   RO         8238    i.__0vsnprintf      mc_p.l(printfa.o)
    0x0800b74c   0x0800b74c   0x0000002e   Code   RO         8326    i.__ARM_clz         mf_p.l(depilogue.o)
    0x0800b77a   0x0800b77a   0x0000001a   Code   RO         2200    i.__ARM_common_switch8  stm32l0xx_hal_uart.o
    0x0800b794   0x0800b794   0x0000000e   Code   RO         8340    i.__scatterload_copy  mc_p.l(handlers.o)
    0x0800b7a2   0x0800b7a2   0x00000002   Code   RO         8341    i.__scatterload_null  mc_p.l(handlers.o)
    0x0800b7a4   0x0800b7a4   0x0000000e   Code   RO         8342    i.__scatterload_zeroinit  mc_p.l(handlers.o)
    0x0800b7b2   0x0800b7b2   0x00000002   PAD
    0x0800b7b4   0x0800b7b4   0x00000174   Code   RO         8240    i._fp_digits        mc_p.l(printfa.o)
    0x0800b928   0x0800b928   0x000006ec   Code   RO         8241    i._printf_core      mc_p.l(printfa.o)
    0x0800c014   0x0800c014   0x00000020   Code   RO         8242    i._printf_post_padding  mc_p.l(printfa.o)
    0x0800c034   0x0800c034   0x0000002c   Code   RO         8243    i._printf_pre_padding  mc_p.l(printfa.o)
    0x0800c060   0x0800c060   0x00000016   Code   RO         8244    i._snputc           mc_p.l(printfa.o)
    0x0800c076   0x0800c076   0x00000054   Code   RO         4000    i.aes_encrypt       aes.o
    0x0800c0ca   0x0800c0ca   0x00000002   PAD
    0x0800c0cc   0x0800c0cc   0x000000fc   Code   RO         4001    i.aes_set_key       aes.o
    0x0800c1c8   0x0800c1c8   0x000000c8   Code   RO         8206    i.ceil              m_ps.l(ceil.o)
    0x0800c290   0x0800c290   0x00000010   Code   RO         3948    i.certif_DownLinkIncrement  lora-test.o
    0x0800c2a0   0x0800c2a0   0x00000014   Code   RO         3949    i.certif_linkCheck  lora-test.o
    0x0800c2b4   0x0800c2b4   0x0000000c   Code   RO         3950    i.certif_running    lora-test.o
    0x0800c2c0   0x0800c2c0   0x000001b4   Code   RO         3951    i.certif_rx         lora-test.o
    0x0800c474   0x0800c474   0x000000a4   Code   RO         3952    i.certif_tx         lora-test.o
    0x0800c518   0x0800c518   0x00000084   Code   RO         4002    i.copy_and_key      aes.o
    0x0800c59c   0x0800c59c   0x00000042   Code   RO         4003    i.copy_block        aes.o
    0x0800c5de   0x0800c5de   0x00000002   PAD
    0x0800c5e0   0x0800c5e0   0x000000c8   Code   RO         8210    i.floor             m_ps.l(floor.o)
    0x0800c6a8   0x0800c6a8   0x00000012   Code   RO         4806    i.freeMacCommandSlot  loramaccommands.o
    0x0800c6ba   0x0800c6ba   0x00000018   Code   RO         4807    i.isSlotFree        loramaccommands.o
    0x0800c6d2   0x0800c6d2   0x00000002   PAD
    0x0800c6d4   0x0800c6d4   0x00000108   Code   RO          755    i.main              main.o
    0x0800c7dc   0x0800c7dc   0x00000030   Code   RO         4808    i.mallocNewMacCommandSlot  loramaccommands.o
    0x0800c80c   0x0800c80c   0x00000016   Code   RO         5696    i.memcpy1           utilities.o
    0x0800c822   0x0800c822   0x0000001a   Code   RO         5697    i.memcpyr           utilities.o
    0x0800c83c   0x0800c83c   0x00000012   Code   RO         5698    i.memset1           utilities.o
    0x0800c84e   0x0800c84e   0x00000002   PAD
    0x0800c850   0x0800c850   0x00000218   Code   RO         4004    i.mix_sub_columns   aes.o
    0x0800ca68   0x0800ca68   0x0000002c   Code   RO         5699    i.rand1             utilities.o
    0x0800ca94   0x0800ca94   0x00000016   Code   RO         5700    i.randr             utilities.o
    0x0800caaa   0x0800caaa   0x00000002   PAD
    0x0800caac   0x0800caac   0x0000009c   Code   RO         8213    i.round             m_ps.l(round.o)
    0x0800cb48   0x0800cb48   0x00000068   Code   RO         4005    i.shift_sub_rows    aes.o
    0x0800cbb0   0x0800cbb0   0x0000000c   Code   RO         5701    i.srand1            utilities.o
    0x0800cbbc   0x0800cbbc   0x0000000c   Code   RO          494    i.vcom_Init         vcom.o
    0x0800cbc8   0x0800cbc8   0x00000048   Code   RO          495    i.vcom_IoDeInit     vcom.o
    0x0800cc10   0x0800cc10   0x0000005c   Code   RO          496    i.vcom_IoInit       vcom.o
    0x0800cc6c   0x0800cc6c   0x00000014   Code   RO          497    i.vcom_Trace        vcom.o
    0x0800cc80   0x0800cc80   0x00000082   Code   RO         4006    i.xor_block         aes.o
    0x0800cd02   0x0800cd02   0x00000018   Data   RO          318    .constdata          hw_rtc.o
    0x0800cd1a   0x0800cd1a   0x00000019   Data   RO         3814    .constdata          system_stm32l0xx.o
    0x0800cd33   0x0800cd33   0x00000008   Data   RO         3815    .constdata          system_stm32l0xx.o
    0x0800cd3b   0x0800cd3b   0x00000001   PAD
    0x0800cd3c   0x0800cd3c   0x00000014   Data   RO         3860    .constdata          lora.o
    0x0800cd50   0x0800cd50   0x00000300   Data   RO         4007    .constdata          aes.o
    0x0800d050   0x0800d050   0x00000010   Data   RO         4260    .constdata          loramac.o
    0x0800d060   0x0800d060   0x00000003   Data   RO         4810    .constdata          loramaccommands.o
    0x0800d063   0x0800d063   0x00000001   PAD
    0x0800d064   0x0800d064   0x00000070   Data   RO         5943    .constdata          regionas923.o
    0x0800d0d4   0x0800d0d4   0x00000074   Data   RO         7880    .constdata          mlm32l07x01.o
    0x0800d148   0x0800d148   0x000000e0   Data   RO         8003    .constdata          sx1276.o
    0x0800d228   0x0800d228   0x000000ce   Data   RO         3864    .conststring        lora.o
    0x0800d2f6   0x0800d2f6   0x00000002   PAD
    0x0800d2f8   0x0800d2f8   0x00000020   Data   RO         8338    Region$$Table       anon$$obj.o


    Execution Region RW_IRAM1 (Exec base: 0x20000000, Load base: 0x0800d318, Size: 0x000017d8, Max: 0x00005000, ABSOLUTE)

    Exec Addr    Load Addr    Size         Type   Attr      Idx    E Section Name        Object

    0x20000000   0x0800d318   0x00000004   Data   RW          319    .data               hw_rtc.o
    0x20000004   0x0800d31c   0x00000004   Data   RW          498    .data               vcom.o
    0x20000008   0x0800d320   0x00000002   Data   RW          613    .data               mlm32l0xx_hw.o
    0x2000000a   0x0800d322   0x00000002   PAD
    0x2000000c   0x0800d324   0x0000002c   Data   RW          759    .data               main.o
    0x20000038   0x0800d350   0x00000004   Data   RW         2294    .data               stm32l0xx_hal.o
    0x2000003c   0x0800d354   0x00000004   Data   RW         3816    .data               system_stm32l0xx.o
    0x20000040   0x0800d358   0x00000038   Data   RW         3865    .data               lora.o
    0x20000078   0x0800d390   0x00000002   Data   RW         3954    .data               lora-test.o
    0x2000007a   0x0800d392   0x00000002   PAD
    0x2000007c   0x0800d394   0x00000004   Data   RW         4112    .data               soft-se.o
    0x20000080   0x0800d398   0x00000008   Data   RW         4261    .data               loramac.o
    0x20000088   0x0800d3a0   0x00000004   Data   RW         4811    .data               loramaccommands.o
    0x2000008c   0x0800d3a4   0x00000014   Data   RW         5063    .data               loramaccrypto.o
    0x200000a0   0x0800d3b8   0x00000004   Data   RW         5227    .data               loramacfcnthandler.o
    0x200000a4   0x0800d3bc   0x00000008   Data   RW         5366    .data               low_power_manager.o
    0x200000ac   0x0800d3c4   0x00000004   Data   RW         5578    .data               timeserver.o
    0x200000b0   0x0800d3c8   0x00000001   Data   RW         5652    .data               trace.o
    0x200000b1   0x0800d3c9   0x00000003   PAD
    0x200000b4   0x0800d3cc   0x00000004   Data   RW         5702    .data               utilities.o
    0x200000b8   0x0800d3d0   0x00000018   Data   RW         7881    .data               mlm32l07x01.o
    0x200000d0   0x0800d3e8   0x00000020   Data   RW         8004    .data               sx1276.o
    0x200000f0        -       0x00000040   Zero   RW          252    .bss                hw_gpio.o
    0x20000130        -       0x00000044   Zero   RW          317    .bss                hw_rtc.o
    0x20000174        -       0x00000060   Zero   RW          612    .bss                mlm32l0xx_hw.o
    0x200001d4        -       0x00000160   Zero   RW          756    .bss                main.o
    0x20000334        -       0x00000040   Zero   RW          757    .bss                main.o
    0x20000374        -       0x00000040   Zero   RW          758    .bss                main.o
    0x200003b4        -       0x00000040   Zero   RW         3859    .bss                lora.o
    0x200003f4        -       0x0000005e   Zero   RW         3953    .bss                lora-test.o
    0x20000452   0x0800d408   0x00000002   PAD
    0x20000454        -       0x00000384   Zero   RW         4111    .bss                soft-se.o
    0x200007d8        -       0x000006e0   Zero   RW         4259    .bss                loramac.o
    0x20000eb8        -       0x000000fc   Zero   RW         4809    .bss                loramaccommands.o
    0x20000fb4        -       0x0000002c   Zero   RW         4916    .bss                loramacconfirmqueue.o
    0x20000fe0        -       0x00000040   Zero   RW         5062    .bss                loramaccrypto.o
    0x20001020        -       0x00000020   Zero   RW         5226    .bss                loramacfcnthandler.o
    0x20001040        -       0x00000120   Zero   RW         5651    .bss                trace.o
    0x20001160        -       0x000000d4   Zero   RW         5942    .bss                regionas923.o
    0x20001234        -       0x000001a4   Zero   RW         8002    .bss                sx1276.o
    0x200013d8        -       0x00000400   Zero   RW            1    STACK               startup_stm32l072xx.o


==============================================================================

Image component sizes


      Code (inc. data)   RO Data    RW Data    ZI Data      Debug   Object Name

      1304         12        768          0          0      15500   aes.o
         0          0          0          0          0     407696   bsp.o
       554          0          0          0          0       4365   cmac.o
       128          8          0          0          0       2979   debug.o
       234         26          0          0         64       3461   hw_gpio.o
       814         88         24          4         68      11088   hw_rtc.o
       128          8          0          0          0       1023   hw_spi.o
       656         56          0          2         94       5075   lora-test.o
      1220        196        226         56         64       9417   lora.o
     10320        722         16          8       1760      64900   loramac.o
       186          0          0          0          0       2825   loramacadr.o
        90          0          0          0          0      17435   loramacclassb.o
       686         68          3          4        252      12011   loramaccommands.o
       544         68          0          0         44      23299   loramacconfirmqueue.o
      2634        106          0         20         64      24446   loramaccrypto.o
       432         62          0          4         32       7779   loramacfcnthandler.o
       326          0          0          0          0       1894   loramacparser.o
       316          0          0          0          0       1951   loramacserializer.o
       178         22          0          8          0       4526   low_power_manager.o
      1290        256          0         44        480      29081   main.o
       656         54        116         24          0      12085   mlm32l07x01.o
        78          0          0          0          0       2816   mlm32l0xx_hal_msp.o
       624         92          0          2         96       9230   mlm32l0xx_hw.o
       918          8          0          0          0       6082   queue.o
       414          0          0          0          0      22459   region.o
      2724        250        112          0        212      26230   regionas923.o
      1028         22          0          0          0      13166   regioncommon.o
       754         52          0          4        900      14597   soft-se.o
        28          8        192          0       1024        628   startup_stm32l072xx.o
       108         30          0          4          0       4009   stm32l0xx_hal.o
      1024         36          0          0          0       5914   stm32l0xx_hal_adc.o
       170          0          0          0          0       1430   stm32l0xx_hal_adc_ex.o
       178         28          0          0          0      12231   stm32l0xx_hal_cortex.o
      1164         20          0          0          0       4458   stm32l0xx_hal_dma.o
       424         38          0          0          0       2947   stm32l0xx_hal_gpio.o
       380         78          0          0          0       3088   stm32l0xx_hal_msp.o
       116         22          0          0          0       1760   stm32l0xx_hal_pwr.o
      1774        126          0          0          0       7000   stm32l0xx_hal_rcc.o
       844         56          0          0          0       3289   stm32l0xx_hal_rcc_ex.o
      1610         34          0          0          0       9902   stm32l0xx_hal_rtc.o
        86          0          0          0          0       2850   stm32l0xx_hal_rtc_ex.o
      1006          0          0          0          0       3669   stm32l0xx_hal_spi.o
      2000        100          0          0          0      13400   stm32l0xx_hal_uart.o
         2          0          0          0          0        976   stm32l0xx_hal_uart_ex.o
       102         18          0          0          0       4344   stm32l0xx_it.o
      5308        316        224         32        420      29315   sx1276.o
        84         18         33          4          0       1199   system_stm32l0xx.o
       268          0          0          0          0       4716   systime.o
       484         16          0          4          0       7043   timeserver.o
       244         28          0          1        288       3743   trace.o
       144         24          0          4          0       3931   utilities.o
       208         26          0          4          0       3006   vcom.o

    ----------------------------------------------------------------------
     47066       3198       1750        240       5864     892264   Object Totals
         0          0         32          0          0          0   (incl. Generated)
        74          0          4          7          2          0   (incl. Padding)

    ----------------------------------------------------------------------

      Code (inc. data)   RO Data    RW Data    ZI Data      Debug   Library Member Name

       200         20          0          0          0         76   ceil.o
       200         20          0          0          0         76   floor.o
       156         14          0          0          0         84   round.o
         0          0          0          0          0          0   entry.o
         0          0          0          0          0          0   entry10a.o
         0          0          0          0          0          0   entry11a.o
         8          4          0          0          0          0   entry2.o
         4          0          0          0          0          0   entry5.o
         0          0          0          0          0          0   entry7b.o
         0          0          0          0          0          0   entry8b.o
         8          4          0          0          0          0   entry9a.o
        30          0          0          0          0          0   handlers.o
        40          0          0          0          0         72   idiv.o
        36          8          0          0          0         68   init.o
         0          0          0          0          0          0   iusefp.o
        32          0          0          0          0         68   llshl.o
        38          0          0          0          0         68   llsshr.o
        34          0          0          0          0         68   llushr.o
        36          0          0          0          0         60   memcpya.o
        36          0          0          0          0        100   memseta.o
      2286         94          0          0          0        460   printfa.o
        44          0          0          0          0         72   uidiv.o
        96          0          0          0          0         84   uldiv.o
        20          0          0          0          0         60   uread4.o
        40          2          0          0          0         68   cdcmple.o
        40          2          0          0          0         68   cdrcmple.o
       356          4          0          0          0        140   dadd.o
       240          6          0          0          0         84   ddiv.o
       236          0          0          0          0        216   depilogue.o
        72         10          0          0          0         72   dfixi.o
        60         10          0          0          0         68   dfixui.o
        64         10          0          0          0         68   dfixul.o
        40          6          0          0          0         68   dflti.o
        28          4          0          0          0         68   dfltui.o
       208          6          0          0          0         88   dmul.o
       124         10          0          0          0         76   drnd.o
        44          0          0          0          0         72   dscalb.o
        40          0          0          0          0         60   f2d.o
       178          0          0          0          0        108   fadd.o
       130          0          0          0          0        144   fepilogue.o
        14          0          0          0          0         68   ffltui.o

    ----------------------------------------------------------------------
      5224        234          0          0          0       2952   Library Totals
         6          0          0          0          0          0   (incl. Padding)

    ----------------------------------------------------------------------

      Code (inc. data)   RO Data    RW Data    ZI Data      Debug   Library Name

       556         54          0          0          0        236   m_ps.l
      2748        110          0          0          0       1180   mc_p.l
      1914         70          0          0          0       1536   mf_p.l

    ----------------------------------------------------------------------
      5224        234          0          0          0       2952   Library Totals

    ----------------------------------------------------------------------

==============================================================================


      Code (inc. data)   RO Data    RW Data    ZI Data      Debug   

     52290       3432       1750        240       5864     872472   Grand Totals
     52290       3432       1750        240       5864     872472   ELF Image Totals
     52290       3432       1750        240          0          0   ROM Totals

==============================================================================

    Total RO  Size (Code + RO Data)                54040 (  52.77kB)
    Total RW  Size (RW Data + ZI Data)              6104 (   5.96kB)
    Total ROM Size (Code + RO Data + RW Data)      54280 (  53.01kB)

==============================================================================

