Component: ARM Compiler 5.06 update 5 (build 528) Tool: armlink [4d35e2]

==============================================================================

Section Cross References

    startup_stm32l072xx.o(RESET) refers to startup_stm32l072xx.o(STACK) for __initial_sp
    startup_stm32l072xx.o(RESET) refers to startup_stm32l072xx.o(.text) for Reset_Handler
    startup_stm32l072xx.o(RESET) refers to stm32l0xx_it.o(i.NMI_Handler) for NMI_Handler
    startup_stm32l072xx.o(RESET) refers to stm32l0xx_it.o(i.HardFault_Handler) for HardFault_Handler
    startup_stm32l072xx.o(RESET) refers to stm32l0xx_it.o(i.SVC_Handler) for SVC_Handler
    startup_stm32l072xx.o(RESET) refers to stm32l0xx_it.o(i.PendSV_Handler) for PendSV_Handler
    startup_stm32l072xx.o(RESET) refers to stm32l0xx_it.o(i.SysTick_Handler) for SysTick_Handler
    startup_stm32l072xx.o(RESET) refers to stm32l0xx_it.o(i.RTC_IRQHandler) for RTC_IRQHandler
    startup_stm32l072xx.o(RESET) refers to stm32l0xx_it.o(i.EXTI0_1_IRQHandler) for EXTI0_1_IRQHandler
    startup_stm32l072xx.o(RESET) refers to stm32l0xx_it.o(i.EXTI4_15_IRQHandler) for EXTI4_15_IRQHandler
    startup_stm32l072xx.o(RESET) refers to stm32l0xx_it.o(i.DMA1_Channel4_5_6_7_IRQHandler) for DMA1_Channel4_5_6_7_IRQHandler
    startup_stm32l072xx.o(RESET) refers to stm32l0xx_it.o(i.USART2_IRQHandler) for USART2_IRQHandler
    startup_stm32l072xx.o(.text) refers to system_stm32l0xx.o(i.SystemInit) for SystemInit
    startup_stm32l072xx.o(.text) refers to entry.o(.ARM.Collect$$$$00000000) for __main
    debug.o(i.DBG_Init) refers to memseta.o(.text) for __aeabi_memclr4
    debug.o(i.DBG_Init) refers to stm32l0xx_hal_gpio.o(i.HAL_GPIO_Init) for HAL_GPIO_Init
    debug.o(i.DBG_Init) refers to stm32l0xx_hal.o(i.HAL_DBGMCU_DisableDBGSleepMode) for HAL_DBGMCU_DisableDBGSleepMode
    debug.o(i.DBG_Init) refers to stm32l0xx_hal.o(i.HAL_DBGMCU_DisableDBGStopMode) for HAL_DBGMCU_DisableDBGStopMode
    debug.o(i.DBG_Init) refers to stm32l0xx_hal.o(i.HAL_DBGMCU_DisableDBGStandbyMode) for HAL_DBGMCU_DisableDBGStandbyMode
    main.o(i.LORA_ConfirmClass) refers to trace.o(i.TraceSend) for TraceSend
    main.o(i.LORA_HasJoined) refers to trace.o(i.TraceSend) for TraceSend
    main.o(i.LORA_HasJoined) refers to lora.o(i.LORA_RequestClass) for LORA_RequestClass
    main.o(i.LORA_RxData) refers to trace.o(i.TraceSend) for TraceSend
    main.o(i.LORA_TxNeeded) refers to trace.o(i.TraceSend) for TraceSend
    main.o(i.OnTxTimerEvent) refers to timeserver.o(i.TimerStart) for TimerStart
    main.o(i.OnTxTimerEvent) refers to main.o(i.Send) for Send
    main.o(i.OnTxTimerEvent) refers to main.o(.bss) for .bss
    main.o(i.Send) refers to lora.o(i.LORA_JoinStatus) for LORA_JoinStatus
    main.o(i.Send) refers to lora.o(i.LORA_Join) for LORA_Join
    main.o(i.Send) refers to mlm32l0xx_hw.o(i.HW_GetBatteryLevel) for HW_GetBatteryLevel
    main.o(i.Send) refers to uidiv.o(.text) for __aeabi_uidivmod
    main.o(i.Send) refers to lora.o(i.LORA_send) for LORA_send
    main.o(i.Send) refers to main.o(.data) for .data
    main.o(i.SystemClock_Config) refers to stm32l0xx_hal_pwr.o(i.HAL_PWR_EnableBkUpAccess) for HAL_PWR_EnableBkUpAccess
    main.o(i.SystemClock_Config) refers to stm32l0xx_hal_rcc.o(i.HAL_RCC_OscConfig) for HAL_RCC_OscConfig
    main.o(i.SystemClock_Config) refers to stm32l0xx_hal_rcc.o(i.HAL_RCC_ClockConfig) for HAL_RCC_ClockConfig
    main.o(i.SystemClock_Config) refers to stm32l0xx_hal_rcc_ex.o(i.HAL_RCCEx_PeriphCLKConfig) for HAL_RCCEx_PeriphCLKConfig
    main.o(i.SystemClock_Config) refers to stm32l0xx_hal_rcc.o(i.HAL_RCC_GetHCLKFreq) for HAL_RCC_GetHCLKFreq
    main.o(i.SystemClock_Config) refers to uidiv.o(.text) for __aeabi_uidivmod
    main.o(i.SystemClock_Config) refers to stm32l0xx_hal_cortex.o(i.HAL_SYSTICK_Config) for HAL_SYSTICK_Config
    main.o(i.SystemClock_Config) refers to stm32l0xx_hal_cortex.o(i.HAL_SYSTICK_CLKSourceConfig) for HAL_SYSTICK_CLKSourceConfig
    main.o(i.SystemClock_Config) refers to stm32l0xx_hal_cortex.o(i.HAL_NVIC_SetPriority) for HAL_NVIC_SetPriority
    main.o(i.main) refers to stm32l0xx_hal.o(i.HAL_Init) for HAL_Init
    main.o(i.main) refers to main.o(i.SystemClock_Config) for SystemClock_Config
    main.o(i.main) refers to gpio.o(i.MX_GPIO_Init) for MX_GPIO_Init
    main.o(i.main) refers to dma.o(i.MX_DMA_Init) for MX_DMA_Init
    main.o(i.main) refers to spi.o(i.MX_SPI1_Init) for MX_SPI1_Init
    main.o(i.main) refers to adc.o(i.MX_ADC_Init) for MX_ADC_Init
    main.o(i.main) refers to usart.o(i.MX_USART2_UART_Init) for MX_USART2_UART_Init
    main.o(i.main) refers to rtc.o(i.MX_RTC_Init) for MX_RTC_Init
    main.o(i.main) refers to debug.o(i.DBG_Init) for DBG_Init
    main.o(i.main) refers to trace.o(i.TraceInit) for TraceInit
    main.o(i.main) refers to low_power_manager.o(i.LPM_SetOffMode) for LPM_SetOffMode
    main.o(i.main) refers to systime.o(i.SysTimeGetMcuTime) for SysTimeGetMcuTime
    main.o(i.main) refers to trace.o(i.TraceSend) for TraceSend
[...]
    RegionCommonChanDisable                  0x080088b1   Thumb Code    38  regioncommon.o(i.RegionCommonChanDisable)
    RegionCommonChanMaskCopy                 0x080088d7   Thumb Code    30  regioncommon.o(i.RegionCommonChanMaskCopy)
    RegionCommonChanVerifyDr                 0x080088f5   Thumb Code    96  regioncommon.o(i.RegionCommonChanVerifyDr)
    RegionCommonComputeRxWindowParameters    0x08008955   Thumb Code   144  regioncommon.o(i.RegionCommonComputeRxWindowParameters)
    RegionCommonComputeSymbolTimeFsk         0x080089e5   Thumb Code    20  regioncommon.o(i.RegionCommonComputeSymbolTimeFsk)
    RegionCommonComputeSymbolTimeLoRa        0x080089fd   Thumb Code    40  regioncommon.o(i.RegionCommonComputeSymbolTimeLoRa)
    RegionCommonComputeTxPower               0x08008a29   Thumb Code    40  regioncommon.o(i.RegionCommonComputeTxPower)
    RegionCommonCountChannels                0x08008a51   Thumb Code    68  regioncommon.o(i.RegionCommonCountChannels)
    RegionCommonGetJoinDc                    0x08008a95   Thumb Code    26  regioncommon.o(i.RegionCommonGetJoinDc)
    RegionCommonLinkAdrReqVerifyParams       0x08008abd   Thumb Code   142  regioncommon.o(i.RegionCommonLinkAdrReqVerifyParams)
    RegionCommonParseLinkAdrReq              0x08008b4b   Thumb Code    54  regioncommon.o(i.RegionCommonParseLinkAdrReq)
    RegionCommonSetBandTxDone                0x08008b81   Thumb Code    10  regioncommon.o(i.RegionCommonSetBandTxDone)
    RegionCommonUpdateBandTimeOff            0x08008b8b   Thumb Code   190  regioncommon.o(i.RegionCommonUpdateBandTimeOff)
    RegionCommonValueInRange                 0x08008c49   Thumb Code    16  regioncommon.o(i.RegionCommonValueInRange)
    RegionComputeRxWindowParameters          0x08008c59   Thumb Code    26  region.o(i.RegionComputeRxWindowParameters)
    RegionDlChannelReq                       0x08008c73   Thumb Code    18  region.o(i.RegionDlChannelReq)
    RegionGetNvmCtx                          0x08008c85   Thumb Code    18  region.o(i.RegionGetNvmCtx)
    RegionGetPhyParam                        0x08008c97   Thumb Code    20  region.o(i.RegionGetPhyParam)
    RegionInitDefaults                       0x08008cab   Thumb Code    14  region.o(i.RegionInitDefaults)
    RegionIsActive                           0x08008cb9   Thumb Code    12  region.o(i.RegionIsActive)
    RegionLinkAdrReq                         0x08008cc5   Thumb Code    34  region.o(i.RegionLinkAdrReq)
    RegionNewChannelReq                      0x08008ce7   Thumb Code    18  region.o(i.RegionNewChannelReq)
    RegionNextChannel                        0x08008cf9   Thumb Code    30  region.o(i.RegionNextChannel)
    RegionRxConfig                           0x08008d17   Thumb Code    22  region.o(i.RegionRxConfig)
    RegionRxParamSetupReq                    0x08008d2d   Thumb Code    18  region.o(i.RegionRxParamSetupReq)
    RegionSetBandTxDone                      0x08008d3f   Thumb Code    14  region.o(i.RegionSetBandTxDone)
    RegionSetContinuousWave                  0x08008d4d   Thumb Code    14  region.o(i.RegionSetContinuousWave)
    RegionTxConfig                           0x08008d5b   Thumb Code    26  region.o(i.RegionTxConfig)
    RegionTxParamSetupReq                    0x08008d75   Thumb Code    18  region.o(i.RegionTxParamSetupReq)
    RegionVerify                             0x08008d87   Thumb Code    22  region.o(i.RegionVerify)
    ResetFCnts                               0x08008d9d   Thumb Code    32  loramaccrypto.o(i.ResetFCnts)
    RestoreCtxs                              0x08008ea1   Thumb Code   144  loramac.o(i.RestoreCtxs)
    RxChainCalibration                       0x08008f39   Thumb Code   138  sx1276.o(i.RxChainCalibration)
    SVC_Handler                              0x08009097   Thumb Code     2  stm32l0xx_it.o(i.SVC_Handler)
    SX1276BoardInit                          0x08009099   Thumb Code     6  sx1276.o(i.SX1276BoardInit)
    SX1276CheckRfFrequency                   0x080090a5   Thumb Code     4  mlm32l07x01.o(i.SX1276CheckRfFrequency)
    SX1276GetPaSelect                        0x080090a9   Thumb Code    12  mlm32l07x01.o(i.SX1276GetPaSelect)
    SX1276GetStatus                          0x080090b5   Thumb Code     6  sx1276.o(i.SX1276GetStatus)
    SX1276GetTimeOnAir                       0x080090c1   Thumb Code   444  sx1276.o(i.SX1276GetTimeOnAir)
    SX1276GetWakeTime                        0x080092a5   Thumb Code     4  mlm32l07x01.o(i.SX1276GetWakeTime)
    SX1276GetWakeupTime                      0x080092a9   Thumb Code    14  sx1276.o(i.SX1276GetWakeupTime)
    SX1276Init                               0x080092bd   Thumb Code   122  sx1276.o(i.SX1276Init)
    SX1276IoDeInit                           0x08009349   Thumb Code    68  mlm32l07x01.o(i.SX1276IoDeInit)
    SX1276IoInit                             0x08009399   Thumb Code    94  mlm32l07x01.o(i.SX1276IoInit)
    SX1276IoIrqInit                          0x08009409   Thumb Code    58  mlm32l07x01.o(i.SX1276IoIrqInit)
    SX1276IsChannelFree                      0x0800944d   Thumb Code    78  sx1276.o(i.SX1276IsChannelFree)
    SX1276OnDio0Irq                          0x0800949d   Thumb Code   580  sx1276.o(i.SX1276OnDio0Irq)
    SX1276OnDio1Irq                          0x080096f1   Thumb Code   188  sx1276.o(i.SX1276OnDio1Irq)
    SX1276OnDio2Irq                          0x080097b5   Thumb Code   166  sx1276.o(i.SX1276OnDio2Irq)
    SX1276OnDio3Irq                          0x08009869   Thumb Code    76  sx1276.o(i.SX1276OnDio3Irq)
    SX1276OnDio4Irq                          0x080098bd   Thumb Code    24  sx1276.o(i.SX1276OnDio4Irq)
    SX1276OnTimeoutIrq                       0x080098d9   Thumb Code   188  sx1276.o(i.SX1276OnTimeoutIrq)
    SX1276Random                             0x080099a1   Thumb Code    62  sx1276.o(i.SX1276Random)
    SX1276Read                               0x080099df   Thumb Code    16  sx1276.o(i.SX1276Read)
    SX1276ReadBuffer                         0x080099ef   Thumb Code    66  sx1276.o(i.SX1276ReadBuffer)
    SX1276ReadFifo                           0x08009a31   Thumb Code    14  sx1276.o(i.SX1276ReadFifo)
    SX1276ReadRssi                           0x08009a41   Thumb Code    58  sx1276.o(i.SX1276ReadRssi)
    SX1276Reset                              0x08009a85   Thumb Code    74  sx1276.o(i.SX1276Reset)
    SX1276Send                               0x08009ad5   Thumb Code   230  sx1276.o(i.SX1276Send)
    SX1276SetAntSw                           0x08009bc5   Thumb Code    60  mlm32l07x01.o(i.SX1276SetAntSw)
    SX1276SetAntSwLowPower                   0x08009c09   Thumb Code   110  mlm32l07x01.o(i.SX1276SetAntSwLowPower)
    SX1276SetChannel                         0x08009c7d   Thumb Code    72  sx1276.o(i.SX1276SetChannel)
    SX1276SetMaxPayloadLength                0x08009ccd   Thumb Code    42  sx1276.o(i.SX1276SetMaxPayloadLength)
    SX1276SetModem                           0x08009cfd   Thumb Code   106  sx1276.o(i.SX1276SetModem)
    SX1276SetOpMode                          0x08009d6d   Thumb Code    86  sx1276.o(i.SX1276SetOpMode)
    SX1276SetPublicNetwork                   0x08009dc9   Thumb Code    32  sx1276.o(i.SX1276SetPublicNetwork)
    SX1276SetRfTxPower                       0x08009ded   Thumb Code   152  mlm32l07x01.o(i.SX1276SetRfTxPower)
    SX1276SetRx                              0x08009e85   Thumb Code   474  sx1276.o(i.SX1276SetRx)
    SX1276SetRxConfig                        0x0800a081   Thumb Code   628  sx1276.o(i.SX1276SetRxConfig)
    SX1276SetSleep                           0x0800a309   Thumb Code    32  sx1276.o(i.SX1276SetSleep)
    SX1276SetStby                            0x0800a32d   Thumb Code    32  sx1276.o(i.SX1276SetStby)
    SX1276SetTx                              0x0800a351   Thumb Code   158  sx1276.o(i.SX1276SetTx)
    SX1276SetTxConfig                        0x0800a3f5   Thumb Code   490  sx1276.o(i.SX1276SetTxConfig)
    SX1276SetTxContinuousWave                0x0800a5f1   Thumb Code   120  sx1276.o(i.SX1276SetTxContinuousWave)
    SX1276SetXO                              0x0800a66d   Thumb Code    40  mlm32l07x01.o(i.SX1276SetXO)
    SX1276StartCad                           0x0800a695   Thumb Code    50  sx1276.o(i.SX1276StartCad)
    SX1276Write                              0x0800a6cd   Thumb Code    12  sx1276.o(i.SX1276Write)
    SX1276WriteBuffer                        0x0800a6d9   Thumb Code    66  sx1276.o(i.SX1276WriteBuffer)
    SX1276WriteFifo                          0x0800a71b   Thumb Code    14  sx1276.o(i.SX1276WriteFifo)
    SecureElementAesEncrypt                  0x0800a88d   Thumb Code   100  soft-se.o(i.SecureElementAesEncrypt)
    SecureElementComputeAesCmac              0x0800a8f5   Thumb Code    16  soft-se.o(i.SecureElementComputeAesCmac)
    SecureElementDeriveAndStoreKey           0x0800a905   Thumb Code   100  soft-se.o(i.SecureElementDeriveAndStoreKey)
    SecureElementGetNvmCtx                   0x0800a969   Thumb Code    10  soft-se.o(i.SecureElementGetNvmCtx)
    SecureElementInit                        0x0800a979   Thumb Code   148  soft-se.o(i.SecureElementInit)
    SecureElementRestoreNvmCtx               0x0800aa19   Thumb Code    26  soft-se.o(i.SecureElementRestoreNvmCtx)
    SecureElementSetKey                      0x0800aa39   Thumb Code   110  soft-se.o(i.SecureElementSetKey)
    SecureElementVerifyAesCmac               0x0800aab5   Thumb Code    40  soft-se.o(i.SecureElementVerifyAesCmac)
    Send                                     0x0800ab75   Thumb Code   288  loramac.o(i.Send)
    SendFrameOnChannel                       0x0800aca1   Thumb Code   194  loramac.o(i.SendFrameOnChannel)
    SendReJoinReq                            0x0800ad75   Thumb Code    66  loramac.o(i.SendReJoinReq)
    SetTxContinuousWave                      0x0800add1   Thumb Code    62  loramac.o(i.SetTxContinuousWave)
    SetTxContinuousWave1                     0x0800ae19   Thumb Code    32  loramac.o(i.SetTxContinuousWave1)
    SysTick_Handler                          0x0800af31   Thumb Code    12  stm32l0xx_it.o(i.SysTick_Handler)
    SysTimeAdd                               0x0800af3d   Thumb Code    64  systime.o(i.SysTimeAdd)
    SysTimeGet                               0x0800af7d   Thumb Code    54  systime.o(i.SysTimeGet)
    SysTimeGetMcuTime                        0x0800afb3   Thumb Code    24  systime.o(i.SysTimeGetMcuTime)
    SysTimeSet                               0x0800afcb   Thumb Code    62  systime.o(i.SysTimeSet)
    SysTimeSub                               0x0800b009   Thumb Code    64  systime.o(i.SysTimeSub)
    SystemClock_Config                       0x0800b049   Thumb Code   166  main.o(i.SystemClock_Config)
    SystemInit                               0x0800b0f9   Thumb Code    66  system_stm32l0xx.o(i.SystemInit)
    TimerGetCurrentTime                      0x0800b14d   Thumb Code    12  timeserver.o(i.TimerGetCurrentTime)
    TimerGetElapsedTime                      0x0800b159   Thumb Code    24  timeserver.o(i.TimerGetElapsedTime)
    TimerInit                                0x0800b171   Thumb Code    14  timeserver.o(i.TimerInit)
    TimerIrqHandler                          0x0800b19d   Thumb Code   116  timeserver.o(i.TimerIrqHandler)
    TimerSetValue                            0x0800b241   Thumb Code    34  timeserver.o(i.TimerSetValue)
    TimerStart                               0x0800b265   Thumb Code   108  timeserver.o(i.TimerStart)
    TimerStop                                0x0800b2d5   Thumb Code    92  timeserver.o(i.TimerStop)
    TraceInit                                0x0800b335   Thumb Code    28  trace.o(i.TraceInit)
    TraceSend                                0x0800b359   Thumb Code   126  trace.o(i.TraceSend)
    UART_AdvFeatureConfig                    0x0800b429   Thumb Code   202  stm32l0xx_hal_uart.o(i.UART_AdvFeatureConfig)
    UART_CheckIdleState                      0x0800b4f5   Thumb Code    90  stm32l0xx_hal_uart.o(i.UART_CheckIdleState)
    UART_SetConfig                           0x0800b69d   Thumb Code   510  stm32l0xx_hal_uart.o(i.UART_SetConfig)
    UART_WaitOnFlagUntilTimeout              0x0800b933   Thumb Code    98  stm32l0xx_hal_uart.o(i.UART_WaitOnFlagUntilTimeout)
    USART2_IRQHandler                        0x0800b995   Thumb Code    10  stm32l0xx_it.o(i.USART2_IRQHandler)
    _Error_Handler                           0x0800ba8d   Thumb Code     2  main.o(i._Error_Handler)
    __0vsnprintf                             0x0800ba91   Thumb Code    40  printfa.o(i.__0vsnprintf)
    __1vsnprintf                             0x0800ba91   Thumb Code     0  printfa.o(i.__0vsnprintf)
    __2vsnprintf                             0x0800ba91   Thumb Code     0  printfa.o(i.__0vsnprintf)
    __c89vsnprintf                           0x0800ba91   Thumb Code     0  printfa.o(i.__0vsnprintf)
    vsnprintf                                0x0800ba91   Thumb Code     0  printfa.o(i.__0vsnprintf)
    __ARM_clz                                0x0800babd   Thumb Code    46  depilogue.o(i.__ARM_clz)
    __ARM_common_switch8                     0x0800baeb   Thumb Code    26  stm32l0xx_hal_uart.o(i.__ARM_common_switch8)
    __scatterload_copy                       0x0800bb05   Thumb Code    14  handlers.o(i.__scatterload_copy)
    __scatterload_null                       0x0800bb13   Thumb Code     2  handlers.o(i.__scatterload_null)
    __scatterload_zeroinit                   0x0800bb15   Thumb Code    14  handlers.o(i.__scatterload_zeroinit)
    aes_encrypt                              0x0800c3e7   Thumb Code    84  aes.o(i.aes_encrypt)
    aes_set_key                              0x0800c43d   Thumb Code   248  aes.o(i.aes_set_key)
    ceil                                     0x0800c539   Thumb Code   180  ceil.o(i.ceil)
    certif_DownLinkIncrement                 0x0800c601   Thumb Code    10  lora-test.o(i.certif_DownLinkIncrement)
    certif_linkCheck                         0x0800c611   Thumb Code    16  lora-test.o(i.certif_linkCheck)
    certif_running                           0x0800c625   Thumb Code     6  lora-test.o(i.certif_running)
    certif_rx                                0x0800c631   Thumb Code   418  lora-test.o(i.certif_rx)
    floor                                    0x0800c951   Thumb Code   180  floor.o(i.floor)
    freeMacCommandSlot                       0x0800ca19   Thumb Code    18  loramaccommands.o(i.freeMacCommandSlot)
    isSlotFree                               0x0800ca2b   Thumb Code    24  loramaccommands.o(i.isSlotFree)
    main                                     0x0800ca45   Thumb Code   166  main.o(i.main)
    mallocNewMacCommandSlot                  0x0800cb2d   Thumb Code    42  loramaccommands.o(i.mallocNewMacCommandSlot)
    memcpy1                                  0x0800cb5d   Thumb Code    22  utilities.o(i.memcpy1)
    memcpyr                                  0x0800cb73   Thumb Code    26  utilities.o(i.memcpyr)
    memset1                                  0x0800cb8d   Thumb Code    18  utilities.o(i.memset1)
    rand1                                    0x0800cdb9   Thumb Code    26  utilities.o(i.rand1)
    randr                                    0x0800cde5   Thumb Code    22  utilities.o(i.randr)
    round                                    0x0800cdfd   Thumb Code   142  round.o(i.round)
    srand1                                   0x0800cf01   Thumb Code     6  utilities.o(i.srand1)
    vcom_Init                                0x0800cf0d   Thumb Code     6  vcom.o(i.vcom_Init)
    vcom_Trace                               0x0800cf19   Thumb Code    14  vcom.o(i.vcom_Trace)
    AHBPrescTable                            0x0800cfae   Data          16  system_stm32l0xx.o(.constdata)
    PLLMulTable                              0x0800cfbe   Data           9  system_stm32l0xx.o(.constdata)
    APBPrescTable                            0x0800cfc7   Data           8  system_stm32l0xx.o(.constdata)
    CIDsStickyAnsCmds                        0x0800d2f4   Data           3  loramaccommands.o(.constdata)
    Radio                                    0x0800d368   Data         116  mlm32l07x01.o(.constdata)
    RadioRegsInit                            0x0800d3dc   Data          48  sx1276.o(.constdata)
    FskBandwidths                            0x0800d40c   Data         176  sx1276.o(.constdata)
    Region$$Table$$Base                      0x0800d5a4   Number         0  anon$$obj.o(Region$$Table)
    Region$$Table$$Limit                     0x0800d5c4   Number         0  anon$$obj.o(Region$$Table)
    AppData                                  0x20000004   Data           8  main.o(.data)
    uwTick                                   0x2000002c   Data           4  stm32l0xx_hal.o(.data)
    SystemCoreClock                          0x20000030   Data           4  system_stm32l0xx.o(.data)
    LoRaMacRadioEvents                       0x20000074   Data           4  loramac.o(.data)
    TxDoneParams                             0x20000078   Data           4  loramac.o(.data)
    TracePeripheralReady                     0x200000a4   Data           1  trace.o(.data)
    DioIrq                                   0x200000cc   Data          24  sx1276.o(.data)
    hadc                                     0x20000140   Data          96  adc.o(.bss)
    hrtc                                     0x200001a0   Data          36  rtc.o(.bss)
    hspi1                                    0x200001c4   Data          88  spi.o(.bss)
    huart2                                   0x2000021c   Data         112  usart.o(.bss)
    hdma_usart2_tx                           0x2000028c   Data          64  usart.o(.bss)
    Contexts                                 0x20000d80   Data          64  loramac.o(.bss)
    RxDoneParams                             0x20000dc0   Data          16  loramac.o(.bss)
    SX1276                                   0x2000124c   Data         104  sx1276.o(.bss)
    TxTimeoutTimer                           0x200012b4   Data          20  sx1276.o(.bss)
    RxTimeoutTimer                           0x200012c8   Data          20  sx1276.o(.bss)
    RxTimeoutSyncWord                        0x200012dc   Data          20  sx1276.o(.bss)
    __initial_sp                             0x20001778   Data           0  startup_stm32l072xx.o(STACK)



==============================================================================

Memory Map of the image

  Image Entry point : 0x080000c1

  Load Region LR_IROM1 (Base: 0x08000000, Size: 0x0000d6b0, Max: 0x00030000, ABSOLUTE)

    Execution Region ER_IROM1 (Exec base: 0x08000000, Load base: 0x08000000, Size: 0x0000d5c4, Max: 0x00030000, ABSOLUTE)

    Exec Addr    Load Addr    Size         Type   Attr      Idx    E Section Name        Object

    0x08000000   0x08000000   0x000000c0   Data   RO            3    RESET               startup_stm32l072xx.o
    0x080000c0   0x080000c0   0x00000000   Code   RO         8275  * .ARM.Collect$$$$00000000  mc_p.l(entry.o)
    0x080000c0   0x080000c0   0x00000004   Code   RO         8358    .ARM.Collect$$$$00000001  mc_p.l(entry2.o)
    0x080000c4   0x080000c4   0x00000004   Code   RO         8361    .ARM.Collect$$$$00000004  mc_p.l(entry5.o)
    0x080000c8   0x080000c8   0x00000000   Code   RO         8363    .ARM.Collect$$$$00000008  mc_p.l(entry7b.o)
    0x080000c8   0x080000c8   0x00000000   Code   RO         8365    .ARM.Collect$$$$0000000A  mc_p.l(entry8b.o)
    0x080000c8   0x080000c8   0x00000008   Code   RO         8366    .ARM.Collect$$$$0000000B  mc_p.l(entry9a.o)
    0x080000d0   0x080000d0   0x00000000   Code   RO         8368    .ARM.Collect$$$$0000000D  mc_p.l(entry10a.o)
    0x080000d0   0x080000d0   0x00000000   Code   RO         8370    .ARM.Collect$$$$0000000F  mc_p.l(entry11a.o)
    0x080000d0   0x080000d0   0x00000004   Code   RO         8359    .ARM.Collect$$$$00002712  mc_p.l(entry2.o)
    0x080000d4   0x080000d4   0x0000001c   Code   RO            4    .text               startup_stm32l072xx.o
    0x080000f0   0x080000f0   0x0000002c   Code   RO         8278    .text               mc_p.l(uidiv.o)
    0x0800011c   0x0800011c   0x00000028   Code   RO         8280    .text               mc_p.l(idiv.o)
    0x08000144   0x08000144   0x00000060   Code   RO         8282    .text               mc_p.l(uldiv.o)
    0x080001a4   0x080001a4   0x00000024   Code   RO         8284    .text               mc_p.l(memcpya.o)
    0x080001c8   0x080001c8   0x00000024   Code   RO         8286    .text               mc_p.l(memseta.o)
    0x080001ec   0x080001ec   0x00000014   Code   RO         8320    .text               mc_p.l(uread4.o)
    0x08000200   0x08000200   0x000000b2   Code   RO         8322    .text               mf_p.l(fadd.o)
    0x080002b2   0x080002b2   0x00000002   PAD
    0x080002b4   0x080002b4   0x00000164   Code   RO         8328    .text               mf_p.l(dadd.o)
    0x08000418   0x08000418   0x000000d0   Code   RO         8330    .text               mf_p.l(dmul.o)
    0x080004e8   0x080004e8   0x000000f0   Code   RO         8332    .text               mf_p.l(ddiv.o)
    0x080005d8   0x080005d8   0x0000002c   Code   RO         8334    .text               mf_p.l(dscalb.o)
    0x08000604   0x08000604   0x0000000e   Code   RO         8338    .text               mf_p.l(ffltui.o)
    0x08000612   0x08000612   0x00000002   PAD
    0x08000614   0x08000614   0x00000028   Code   RO         8340    .text               mf_p.l(dflti.o)
    0x0800063c   0x0800063c   0x0000001c   Code   RO         8342    .text               mf_p.l(dfltui.o)
    0x08000658   0x08000658   0x00000048   Code   RO         8346    .text               mf_p.l(dfixi.o)
    0x080006a0   0x080006a0   0x0000003c   Code   RO         8348    .text               mf_p.l(dfixui.o)
    0x080006dc   0x080006dc   0x00000028   Code   RO         8350    .text               mf_p.l(f2d.o)
    0x08000704   0x08000704   0x00000028   Code   RO         8352    .text               mf_p.l(cdrcmple.o)
    0x0800072c   0x0800072c   0x00000020   Code   RO         8375    .text               mc_p.l(llshl.o)
    0x0800074c   0x0800074c   0x00000022   Code   RO         8377    .text               mc_p.l(llushr.o)
    0x0800076e   0x0800076e   0x00000026   Code   RO         8379    .text               mc_p.l(llsshr.o)
    0x08000794   0x08000794   0x00000000   Code   RO         8381    .text               mc_p.l(iusefp.o)
    0x08000794   0x08000794   0x00000082   Code   RO         8382    .text               mf_p.l(fepilogue.o)
    0x08000816   0x08000816   0x000000be   Code   RO         8384    .text               mf_p.l(depilogue.o)
    0x080008d4   0x080008d4   0x0000007c   Code   RO         8388    .text               mf_p.l(drnd.o)
    0x08000950   0x08000950   0x00000040   Code   RO         8390    .text               mf_p.l(dfixul.o)
    0x08000990   0x08000990   0x00000028   Code   RO         8392    .text               mf_p.l(cdcmple.o)
    0x080009b8   0x080009b8   0x00000024   Code   RO         8394    .text               mc_p.l(init.o)
    0x080009dc   0x080009dc   0x00000024   Code   RO          618    i.ADC_DelayMicroSecond  stm32l0xx_hal_adc.o
    0x08000a00   0x08000a00   0x00000064   Code   RO          620    i.ADC_Enable        stm32l0xx_hal_adc.o
    0x08000a64   0x08000a64   0x0000013c   Code   RO         3666    i.AES_CMAC_Final    cmac.o
    0x08000ba0   0x08000ba0   0x00000020   Code   RO         3667    i.AES_CMAC_Init     cmac.o
    0x08000bc0   0x08000bc0   0x00000010   Code   RO         3668    i.AES_CMAC_SetKey   cmac.o
    0x08000bd0   0x08000bd0   0x000000be   Code   RO         3669    i.AES_CMAC_Update   cmac.o
    0x08000c8e   0x08000c8e   0x00000002   PAD
    0x08000c90   0x08000c90   0x00000050   Code   RO         3811    i.AckTimeoutRetriesProcess  loramac.o
    0x08000ce0   0x08000ce0   0x000000a8   Code   RO         4162    i.CalcNextV10X      loramacadr.o
    0x08000d88   0x08000d88   0x00000060   Code   RO         3812    i.CalculateBackOff  loramac.o
    0x08000de8   0x08000de8   0x00000018   Code   RO         3813    i.CallNvmCtxCallback  loramac.o
    0x08000e00   0x08000e00   0x00000054   Code   RO         4643    i.CheckFCntDown     loramaccrypto.o
    0x08000e54   0x08000e54   0x000001fc   Code   RO         5053    i.CircularQueue_Add  queue.o
    0x08001050   0x08001050   0x00000026   Code   RO         5055    i.CircularQueue_Init  queue.o
    0x08001076   0x08001076   0x00000002   PAD
    0x08001078   0x08001078   0x000000d0   Code   RO         5057    i.CircularQueue_Remove  queue.o
    0x08001148   0x08001148   0x000000a4   Code   RO         5058    i.CircularQueue_Sense  queue.o
    0x080011ec   0x080011ec   0x00000064   Code   RO         3707    i.ComputeCmac       soft-se.o
    0x08001250   0x08001250   0x00000066   Code   RO         4644    i.ComputeCmacB0     loramaccrypto.o
    0x080012b6   0x080012b6   0x00000068   Code   RO         4645    i.ComputeCmacB1     loramaccrypto.o
    0x0800131e   0x0800131e   0x0000009e   Code   RO         5548    i.CountNbOfEnabledChannels  regionas923.o
    0x080013bc   0x080013bc   0x00000060   Code   RO           12    i.DBG_Init          debug.o
    0x0800141c   0x0800141c   0x00000010   Code   RO          516    i.DMA1_Channel4_5_6_7_IRQHandler  stm32l0xx_it.o
    0x0800142c   0x0800142c   0x0000001e   Code   RO         3069    i.DMA_SetConfig     stm32l0xx_hal_dma.o
    0x0800144a   0x0800144a   0x00000002   PAD
    0x0800144c   0x0800144c   0x00000054   Code   RO         4646    i.DeriveLifeTimeSessionKey  loramaccrypto.o
    0x080014a0   0x080014a0   0x0000007c   Code   RO         4647    i.DeriveSessionKey10x  loramaccrypto.o
    0x0800151c   0x0800151c   0x00000088   Code   RO         4648    i.DeriveSessionKey11x  loramaccrypto.o
    0x080015a4   0x080015a4   0x00000044   Code   RO         3814    i.DetermineFrameType  loramac.o
    0x080015e8   0x080015e8   0x00000002   Code   RO         3708    i.DummyCB           soft-se.o
    0x080015ea   0x080015ea   0x00000002   Code   RO         4649    i.DummyCB           loramaccrypto.o
    0x080015ec   0x080015ec   0x00000010   Code   RO          517    i.EXTI0_1_IRQHandler  stm32l0xx_it.o
    0x080015fc   0x080015fc   0x00000012   Code   RO          518    i.EXTI4_15_IRQHandler  stm32l0xx_it.o
    0x0800160e   0x0800160e   0x0000000a   Code   RO         3815    i.EventClassBNvmCtxChanged  loramac.o
    0x08001618   0x08001618   0x0000000a   Code   RO         3816    i.EventCommandsNvmCtxChanged  loramac.o
    0x08001622   0x08001622   0x0000000a   Code   RO         3817    i.EventConfirmQueueNvmCtxChanged  loramac.o
    0x0800162c   0x0800162c   0x0000000a   Code   RO         3818    i.EventCryptoNvmCtxChanged  loramac.o
    0x08001636   0x08001636   0x0000000a   Code   RO         3819    i.EventFCntHandlerNvmCtxChanged  loramac.o
    0x08001640   0x08001640   0x0000000a   Code   RO         3820    i.EventSecureElementNvmCtxChanged  loramac.o
    0x0800164a   0x0800164a   0x0000009c   Code   RO         4650    i.FOptsEncrypt      loramaccrypto.o
    0x080016e6   0x080016e6   0x00000002   PAD
    0x080016e8   0x080016e8   0x00000024   Code   RO         5549    i.GetBandwidth      regionas923.o
    0x0800170c   0x0800170c   0x0000006c   Code   RO         3821    i.GetCtxs           loramac.o
    0x08001778   0x08001778   0x0000001c   Code   RO         4511    i.GetElement        loramacconfirmqueue.o
    0x08001794   0x08001794   0x0000002c   Code   RO         7598    i.GetFskBandwidthRegValue  sx1276.o
    0x080017c0   0x080017c0   0x00000028   Code   RO         4651    i.GetKeyAddrItem    loramaccrypto.o
    0x080017e8   0x080017e8   0x0000003c   Code   RO         3709    i.GetKeyByID        soft-se.o
    0x08001824   0x08001824   0x00000030   Code   RO         3822    i.GetMaxAppPayloadWithoutFOptsLength  loramac.o
    0x08001854   0x08001854   0x00000010   Code   RO         5550    i.GetNextLowerTxDr  regionas923.o
    0x08001864   0x08001864   0x000000aa   Code   RO          797    i.HAL_ADCEx_Calibration_Start  stm32l0xx_hal_adc_ex.o
    0x0800190e   0x0800190e   0x00000002   PAD
    0x08001910   0x08001910   0x00000094   Code   RO          622    i.HAL_ADC_ConfigChannel  stm32l0xx_hal_adc.o
    0x080019a4   0x080019a4   0x00000006   Code   RO          629    i.HAL_ADC_GetValue  stm32l0xx_hal_adc.o
    0x080019aa   0x080019aa   0x00000002   PAD
    0x080019ac   0x080019ac   0x000001c4   Code   RO          631    i.HAL_ADC_Init      stm32l0xx_hal_adc.o
    0x08001b70   0x08001b70   0x0000001c   Code   RO          345    i.HAL_ADC_MspInit   adc.o
    0x08001b8c   0x08001b8c   0x000000be   Code   RO          635    i.HAL_ADC_PollForConversion  stm32l0xx_hal_adc.o
    0x08001c4a   0x08001c4a   0x00000002   PAD
    0x08001c4c   0x08001c4c   0x0000005c   Code   RO          637    i.HAL_ADC_Start     stm32l0xx_hal_adc.o
    0x08001ca8   0x08001ca8   0x00000010   Code   RO         1879    i.HAL_DBGMCU_DisableDBGSleepMode  stm32l0xx_hal.o
    0x08001cb8   0x08001cb8   0x00000010   Code   RO         1880    i.HAL_DBGMCU_DisableDBGStandbyMode  stm32l0xx_hal.o
    0x08001cc8   0x08001cc8   0x00000010   Code   RO         1881    i.HAL_DBGMCU_DisableDBGStopMode  stm32l0xx_hal.o
    0x08001cd8   0x08001cd8   0x00000098   Code   RO         3071    i.HAL_DMA_Abort_IT  stm32l0xx_hal_dma.o
    0x08001d70   0x08001d70   0x000001d4   Code   RO         3072    i.HAL_DMA_DeInit    stm32l0xx_hal_dma.o
    0x08001f44   0x08001f44   0x00000280   Code   RO         3075    i.HAL_DMA_IRQHandler  stm32l0xx_hal_dma.o
    0x080021c4   0x080021c4   0x00000108   Code   RO         3076    i.HAL_DMA_Init      stm32l0xx_hal_dma.o
    0x080022cc   0x080022cc   0x0000004e   Code   RO         3079    i.HAL_DMA_Start_IT  stm32l0xx_hal_dma.o
    0x0800231a   0x0800231a   0x0000000a   Code   RO         8161    i.HAL_Delay         mlm32l0xx_hal_msp.o
    0x08002324   0x08002324   0x000000f0   Code   RO         3007    i.HAL_GPIO_DeInit   stm32l0xx_hal_gpio.o
    0x08002414   0x08002414   0x00000008   Code   RO         8162    i.HAL_GPIO_EXTI_Callback  mlm32l0xx_hal_msp.o
    0x0800241c   0x0800241c   0x00000018   Code   RO         3009    i.HAL_GPIO_EXTI_IRQHandler  stm32l0xx_hal_gpio.o
    0x08002434   0x08002434   0x00000184   Code   RO         3010    i.HAL_GPIO_Init     stm32l0xx_hal_gpio.o
    0x080025b8   0x080025b8   0x0000000c   Code   RO         3014    i.HAL_GPIO_WritePin  stm32l0xx_hal_gpio.o
    0x080025c4   0x080025c4   0x0000000c   Code   RO         1890    i.HAL_GetTick       stm32l0xx_hal.o
    0x080025d0   0x080025d0   0x00000010   Code   RO         1891    i.HAL_IncTick       stm32l0xx_hal.o
    0x080025e0   0x080025e0   0x00000020   Code   RO         1892    i.HAL_Init          stm32l0xx_hal.o
    0x08002600   0x08002600   0x00000004   Code   RO         8163    i.HAL_InitTick      mlm32l0xx_hal_msp.o
    0x08002604   0x08002604   0x00000054   Code   RO          594    i.HAL_MspInit       stm32l0xx_hal_msp.o
    0x08002658   0x08002658   0x00000014   Code   RO         3322    i.HAL_NVIC_DisableIRQ  stm32l0xx_hal_cortex.o
    0x0800266c   0x0800266c   0x00000014   Code   RO         3323    i.HAL_NVIC_EnableIRQ  stm32l0xx_hal_cortex.o
    0x08002680   0x08002680   0x00000008   Code   RO         3327    i.HAL_NVIC_SetPriority  stm32l0xx_hal_cortex.o
    0x08002688   0x08002688   0x00000010   Code   RO         3267    i.HAL_PWREx_EnableFastWakeUp  stm32l0xx_hal_pwr_ex.o
    0x08002698   0x08002698   0x00000010   Code   RO         3269    i.HAL_PWREx_EnableUltraLowPower  stm32l0xx_hal_pwr_ex.o
    0x080026a8   0x080026a8   0x00000010   Code   RO         3151    i.HAL_PWR_DisablePVD  stm32l0xx_hal_pwr.o
    0x080026b8   0x080026b8   0x00000010   Code   RO         3155    i.HAL_PWR_EnableBkUpAccess  stm32l0xx_hal_pwr.o
    0x080026c8   0x080026c8   0x00000030   Code   RO         3160    i.HAL_PWR_EnterSLEEPMode  stm32l0xx_hal_pwr.o
    0x080026f8   0x080026f8   0x00000034   Code   RO         3162    i.HAL_PWR_EnterSTOPMode  stm32l0xx_hal_pwr.o
    0x0800272c   0x0800272c   0x000001c0   Code   RO         2630    i.HAL_RCCEx_GetPeriphCLKFreq  stm32l0xx_hal_rcc_ex.o
    0x080028ec   0x080028ec   0x0000018c   Code   RO         2633    i.HAL_RCCEx_PeriphCLKConfig  stm32l0xx_hal_rcc_ex.o
    0x08002a78   0x08002a78   0x00000168   Code   RO         2519    i.HAL_RCC_ClockConfig  stm32l0xx_hal_rcc.o
    0x08002be0   0x08002be0   0x0000000c   Code   RO         2523    i.HAL_RCC_GetHCLKFreq  stm32l0xx_hal_rcc.o
    0x08002bec   0x08002bec   0x00000020   Code   RO         2525    i.HAL_RCC_GetPCLK1Freq  stm32l0xx_hal_rcc.o
    0x08002c0c   0x08002c0c   0x00000020   Code   RO         2526    i.HAL_RCC_GetPCLK2Freq  stm32l0xx_hal_rcc.o
    0x08002c2c   0x08002c2c   0x00000078   Code   RO         2527    i.HAL_RCC_GetSysClockFreq  stm32l0xx_hal_rcc.o
    0x08002ca4   0x08002ca4   0x00000452   Code   RO         2530    i.HAL_RCC_OscConfig  stm32l0xx_hal_rcc.o
    0x080030f6   0x080030f6   0x00000002   Code   RO          984    i.HAL_RTCEx_AlarmBEventCallback  stm32l0xx_hal_rtc_ex.o
    0x080030f8   0x080030f8   0x0000000c   Code   RO          985    i.HAL_RTCEx_BKUPRead  stm32l0xx_hal_rtc_ex.o
    0x08003104   0x08003104   0x0000000c   Code   RO          986    i.HAL_RTCEx_BKUPWrite  stm32l0xx_hal_rtc_ex.o
    0x08003110   0x08003110   0x00000008   Code   RO         8164    i.HAL_RTC_AlarmAEventCallback  mlm32l0xx_hal_msp.o
    0x08003118   0x08003118   0x00000060   Code   RO          852    i.HAL_RTC_AlarmIRQHandler  stm32l0xx_hal_rtc.o
    0x08003178   0x08003178   0x000000b8   Code   RO          854    i.HAL_RTC_DeactivateAlarm  stm32l0xx_hal_rtc.o
    0x08003230   0x08003230   0x00000044   Code   RO          856    i.HAL_RTC_GetDate   stm32l0xx_hal_rtc.o
    0x08003274   0x08003274   0x0000005c   Code   RO          858    i.HAL_RTC_GetTime   stm32l0xx_hal_rtc.o
    0x080032d0   0x080032d0   0x000000a4   Code   RO          859    i.HAL_RTC_Init      stm32l0xx_hal_rtc.o
    0x08003374   0x08003374   0x00000030   Code   RO          403    i.HAL_RTC_MspInit   rtc.o
    0x080033a4   0x080033a4   0x000001a0   Code   RO          864    i.HAL_RTC_SetAlarm_IT  stm32l0xx_hal_rtc.o
    0x08003544   0x08003544   0x000000cc   Code   RO          865    i.HAL_RTC_SetDate   stm32l0xx_hal_rtc.o
    0x08003610   0x08003610   0x000000f0   Code   RO          866    i.HAL_RTC_SetTime   stm32l0xx_hal_rtc.o
    0x08003700   0x08003700   0x00000034   Code   RO          867    i.HAL_RTC_WaitForSynchro  stm32l0xx_hal_rtc.o
    0x08003734   0x08003734   0x00000084   Code   RO         1216    i.HAL_SPI_Init      stm32l0xx_hal_spi.o
    0x080037b8   0x080037b8   0x00000034   Code   RO          440    i.HAL_SPI_MspDeInit  spi.o
    0x080037ec   0x080037ec   0x00000050   Code   RO          441    i.HAL_SPI_MspInit   spi.o
    0x0800383c   0x0800383c   0x000002b8   Code   RO         1225    i.HAL_SPI_TransmitReceive  stm32l0xx_hal_spi.o
    0x08003af4   0x08003af4   0x00000018   Code   RO         3329    i.HAL_SYSTICK_CLKSourceConfig  stm32l0xx_hal_cortex.o
    0x08003b0c   0x08003b0c   0x00000002   Code   RO         3330    i.HAL_SYSTICK_Callback  stm32l0xx_hal_cortex.o
    0x08003b0e   0x08003b0e   0x00000002   PAD
    0x08003b10   0x08003b10   0x00000030   Code   RO         3331    i.HAL_SYSTICK_Config  stm32l0xx_hal_cortex.o
    0x08003b40   0x08003b40   0x00000008   Code   RO         3332    i.HAL_SYSTICK_IRQHandler  stm32l0xx_hal_cortex.o
    0x08003b48   0x08003b48   0x00000002   Code   RO         1822    i.HAL_UARTEx_WakeupCallback  stm32l0xx_hal_uart_ex.o
    0x08003b4a   0x08003b4a   0x00000002   Code   RO         1493    i.HAL_UART_ErrorCallback  stm32l0xx_hal_uart.o
    0x08003b4c   0x08003b4c   0x00000144   Code   RO         1496    i.HAL_UART_IRQHandler  stm32l0xx_hal_uart.o
    0x08003c90   0x08003c90   0x0000006c   Code   RO         1497    i.HAL_UART_Init     stm32l0xx_hal_uart.o
    0x08003cfc   0x08003cfc   0x00000038   Code   RO          478    i.HAL_UART_MspDeInit  usart.o
    0x08003d34   0x08003d34   0x0000009c   Code   RO          479    i.HAL_UART_MspInit  usart.o
    0x08003dd0   0x08003dd0   0x00000002   Code   RO         1503    i.HAL_UART_RxCpltCallback  stm32l0xx_hal_uart.o
    0x08003dd2   0x08003dd2   0x00000002   PAD
    0x08003dd4   0x08003dd4   0x00000098   Code   RO         1506    i.HAL_UART_Transmit_DMA  stm32l0xx_hal_uart.o
    0x08003e6c   0x08003e6c   0x0000000c   Code   RO         8097    i.HAL_UART_TxCpltCallback  vcom.o
    0x08003e78   0x08003e78   0x00000002   Code   RO         1509    i.HAL_UART_TxHalfCpltCallback  stm32l0xx_hal_uart.o
    0x08003e7a   0x08003e7a   0x00000002   PAD
    0x08003e7c   0x08003e7c   0x00000084   Code   RO         8205    i.HW_AdcReadChannel  mlm32l0xx_hw.o
    0x08003f00   0x08003f00   0x00000038   Code   RO         7870    i.HW_GPIO_GetBitPos  hw_gpio.o
    0x08003f38   0x08003f38   0x00000054   Code   RO         7871    i.HW_GPIO_Init      hw_gpio.o
    0x08003f8c   0x08003f8c   0x00000018   Code   RO         7872    i.HW_GPIO_IrqHandler  hw_gpio.o
    0x08003fa4   0x08003fa4   0x0000003c   Code   RO         7874    i.HW_GPIO_SetIrq    hw_gpio.o
    0x08003fe0   0x08003fe0   0x0000000a   Code   RO         7875    i.HW_GPIO_Write     hw_gpio.o
    0x08003fea   0x08003fea   0x00000002   PAD
    0x08003fec   0x08003fec   0x00000050   Code   RO         8206    i.HW_GetBatteryLevel  mlm32l0xx_hw.o
    0x0800403c   0x0800403c   0x00000014   Code   RO         8207    i.HW_GetRandomSeed  mlm32l0xx_hw.o
    0x08004050   0x08004050   0x00000058   Code   RO         8208    i.HW_GetTemperatureLevel  mlm32l0xx_hw.o
    0x080040a8   0x080040a8   0x00000044   Code   RO         8209    i.HW_GetUniqueId    mlm32l0xx_hw.o
    0x080040ec   0x080040ec   0x00000020   Code   RO         7921    i.HW_RTC_BKUPRead   hw_rtc.o
    0x0800410c   0x0800410c   0x00000020   Code   RO         7922    i.HW_RTC_BKUPWrite  hw_rtc.o
    0x0800412c   0x0800412c   0x00000026   Code   RO         7923    i.HW_RTC_DelayMs    hw_rtc.o
    0x08004152   0x08004152   0x00000020   Code   RO         7924    i.HW_RTC_GetCalendarTime  hw_rtc.o
    0x08004172   0x08004172   0x00000002   PAD
    0x08004174   0x08004174   0x000000ac   Code   RO         7925    i.HW_RTC_GetCalendarValue  hw_rtc.o
    0x08004220   0x08004220   0x00000004   Code   RO         7926    i.HW_RTC_GetMinimumTimeout  hw_rtc.o
    0x08004224   0x08004224   0x0000000c   Code   RO         7927    i.HW_RTC_GetTimerContext  hw_rtc.o
    0x08004230   0x08004230   0x0000001c   Code   RO         7928    i.HW_RTC_GetTimerElapsedTime  hw_rtc.o
    0x0800424c   0x0800424c   0x00000010   Code   RO         7929    i.HW_RTC_GetTimerValue  hw_rtc.o
    0x0800425c   0x0800425c   0x0000003c   Code   RO         7932    i.HW_RTC_SetAlarm   hw_rtc.o
    0x08004298   0x08004298   0x00000018   Code   RO         7933    i.HW_RTC_SetTimerContext  hw_rtc.o
    0x080042b0   0x080042b0   0x0000011c   Code   RO         7934    i.HW_RTC_StartWakeUpAlarm  hw_rtc.o
    0x080043cc   0x080043cc   0x0000002c   Code   RO         7935    i.HW_RTC_StopAlarm  hw_rtc.o
    0x080043f8   0x080043f8   0x00000014   Code   RO         7936    i.HW_RTC_Tick2ms    hw_rtc.o
    0x0800440c   0x0800440c   0x00000010   Code   RO         7938    i.HW_RTC_ms2Tick    hw_rtc.o
    0x0800441c   0x0800441c   0x00000020   Code   RO         8054    i.HW_SPI_InOut      hw_spi.o
    0x0800443c   0x0800443c   0x000000f8   Code   RO         3823    i.HandleRadioRxErrorTimeout  loramac.o
    0x08004534   0x08004534   0x00000002   Code   RO          519    i.HardFault_Handler  stm32l0xx_it.o
    0x08004536   0x08004536   0x00000002   PAD
    0x08004538   0x08004538   0x00000018   Code   RO         4512    i.IncreaseBufferPointer  loramacconfirmqueue.o
    0x08004550   0x08004550   0x0000000c   Code   RO         3824    i.IsFPortAllowed    loramac.o
    0x0800455c   0x0800455c   0x0000001a   Code   RO         3454    i.LORA_BeaconReq    lora.o
    0x08004576   0x08004576   0x00000002   PAD
    0x08004578   0x08004578   0x00000030   Code   RO          217    i.LORA_ConfirmClass  main.o
    0x080045a8   0x080045a8   0x0000001a   Code   RO         3455    i.LORA_DeviceTimeReq  lora.o
    0x080045c2   0x080045c2   0x00000002   PAD
    0x080045c4   0x080045c4   0x0000001c   Code   RO          218    i.LORA_HasJoined    main.o
    0x080045e0   0x080045e0   0x000001b4   Code   RO         3457    i.LORA_Init         lora.o
    0x08004794   0x08004794   0x00000034   Code   RO         3458    i.LORA_Join         lora.o
    0x080047c8   0x080047c8   0x0000001c   Code   RO         3459    i.LORA_JoinStatus   lora.o
    0x080047e4   0x080047e4   0x0000002a   Code   RO         3460    i.LORA_PingSlotReq  lora.o
    0x0800480e   0x0800480e   0x00000002   PAD
    0x08004810   0x08004810   0x00000084   Code   RO         3461    i.LORA_RequestClass  lora.o
    0x08004894   0x08004894   0x0000002c   Code   RO          219    i.LORA_RxData       main.o
    0x080048c0   0x080048c0   0x00000018   Code   RO          220    i.LORA_TxNeeded     main.o
    0x080048d8   0x080048d8   0x00000080   Code   RO         3462    i.LORA_send         lora.o
    0x08004958   0x08004958   0x00000034   Code   RO         4977    i.LPM_EnterLowPower  low_power_manager.o
    0x0800498c   0x0800498c   0x00000002   Code   RO         4978    i.LPM_EnterOffMode  low_power_manager.o
    0x0800498e   0x0800498e   0x0000000c   Code   RO         8210    i.LPM_EnterSleepMode  mlm32l0xx_hw.o
    0x0800499a   0x0800499a   0x00000002   PAD
    0x0800499c   0x0800499c   0x00000044   Code   RO         8211    i.LPM_EnterStopMode  mlm32l0xx_hw.o
    0x080049e0   0x080049e0   0x00000002   Code   RO         4981    i.LPM_ExitOffMode   low_power_manager.o
    0x080049e2   0x080049e2   0x00000002   Code   RO         4982    i.LPM_ExitSleepMode  low_power_manager.o
    0x080049e4   0x080049e4   0x00000064   Code   RO         8212    i.LPM_ExitStopMode  mlm32l0xx_hw.o
    0x08004a48   0x08004a48   0x00000028   Code   RO         4984    i.LPM_GetMode       low_power_manager.o
    0x08004a70   0x08004a70   0x00000028   Code   RO         4985    i.LPM_SetOffMode    low_power_manager.o
    0x08004a98   0x08004a98   0x00000028   Code   RO         4986    i.LPM_SetStopMode   low_power_manager.o
    0x08004ac0   0x08004ac0   0x00000008   Code   RO         5551    i.LimitTxPower      regionas923.o
    0x08004ac8   0x08004ac8   0x00000012   Code   RO         4163    i.LoRaMacAdrCalcNext  loramacadr.o
    0x08004ada   0x08004ada   0x00000004   Code   RO         4190    i.LoRaMacClassBBeaconFreqReq  loramacclassb.o
    0x08004ade   0x08004ade   0x00000002   Code   RO         4191    i.LoRaMacClassBBeaconTimerEvent  loramacclassb.o
    0x08004ae0   0x08004ae0   0x00000002   Code   RO         4192    i.LoRaMacClassBBeaconTimingAns  loramacclassb.o
    0x08004ae2   0x08004ae2   0x00000002   Code   RO         4193    i.LoRaMacClassBDeviceTimeAns  loramacclassb.o
    0x08004ae4   0x08004ae4   0x00000008   Code   RO         4194    i.LoRaMacClassBGetNvmCtx  loramacclassb.o
    0x08004aec   0x08004aec   0x00000002   Code   RO         4195    i.LoRaMacClassBHaltBeaconing  loramacclassb.o
    0x08004aee   0x08004aee   0x00000002   Code   RO         4196    i.LoRaMacClassBInit  loramacclassb.o
    0x08004af0   0x08004af0   0x00000004   Code   RO         4197    i.LoRaMacClassBIsAcquisitionInProgress  loramacclassb.o
    0x08004af4   0x08004af4   0x00000004   Code   RO         4199    i.LoRaMacClassBIsBeaconExpected  loramacclassb.o
    0x08004af8   0x08004af8   0x00000004   Code   RO         4200    i.LoRaMacClassBIsBeaconModeActive  loramacclassb.o
    0x08004afc   0x08004afc   0x00000004   Code   RO         4201    i.LoRaMacClassBIsMulticastExpected  loramacclassb.o
    0x08004b00   0x08004b00   0x00000004   Code   RO         4202    i.LoRaMacClassBIsPingExpected  loramacclassb.o
    0x08004b04   0x08004b04   0x00000004   Code   RO         4203    i.LoRaMacClassBIsUplinkCollision  loramacclassb.o
    0x08004b08   0x08004b08   0x00000004   Code   RO         4204    i.LoRaMacClassBMibGetRequestConfirm  loramacclassb.o
    0x08004b0c   0x08004b0c   0x00000002   Code   RO         4205    i.LoRaMacClassBMulticastSlotTimerEvent  loramacclassb.o
    0x08004b0e   0x08004b0e   0x00000004   Code   RO         4206    i.LoRaMacClassBPingSlotChannelReq  loramacclassb.o
    0x08004b12   0x08004b12   0x00000002   Code   RO         4207    i.LoRaMacClassBPingSlotInfoAns  loramacclassb.o
    0x08004b14   0x08004b14   0x00000002   Code   RO         4208    i.LoRaMacClassBPingSlotTimerEvent  loramacclassb.o
    0x08004b16   0x08004b16   0x00000002   Code   RO         4209    i.LoRaMacClassBProcess  loramacclassb.o
    0x08004b18   0x08004b18   0x00000004   Code   RO         4210    i.LoRaMacClassBRestoreNvmCtx  loramacclassb.o
    0x08004b1c   0x08004b1c   0x00000002   Code   RO         4211    i.LoRaMacClassBResumeBeaconing  loramacclassb.o
    0x08004b1e   0x08004b1e   0x00000004   Code   RO         4212    i.LoRaMacClassBRxBeacon  loramacclassb.o
    0x08004b22   0x08004b22   0x00000002   Code   RO         4213    i.LoRaMacClassBSetBeaconState  loramacclassb.o
    0x08004b24   0x08004b24   0x00000002   Code   RO         4215    i.LoRaMacClassBSetMulticastSlotState  loramacclassb.o
    0x08004b26   0x08004b26   0x00000002   Code   RO         4216    i.LoRaMacClassBSetPingSlotInfo  loramacclassb.o
    0x08004b28   0x08004b28   0x00000002   Code   RO         4217    i.LoRaMacClassBSetPingSlotState  loramacclassb.o
    0x08004b2a   0x08004b2a   0x00000002   Code   RO         4219    i.LoRaMacClassBStopRxSlots  loramacclassb.o
    0x08004b2c   0x08004b2c   0x00000004   Code   RO         4220    i.LoRaMacClassBSwitchClass  loramacclassb.o
    0x08004b30   0x08004b30   0x0000007c   Code   RO         4405    i.LoRaMacCommandsAddCmd  loramaccommands.o
    0x08004bac   0x08004bac   0x0000001c   Code   RO         4406    i.LoRaMacCommandsGetCmd  loramaccommands.o
    0x08004bc8   0x08004bc8   0x0000000c   Code   RO         4407    i.LoRaMacCommandsGetNvmCtx  loramaccommands.o
    0x08004bd4   0x08004bd4   0x00000018   Code   RO         4408    i.LoRaMacCommandsGetSizeSerializedCmds  loramaccommands.o
    0x08004bec   0x08004bec   0x00000028   Code   RO         4409    i.LoRaMacCommandsInit  loramaccommands.o
    0x08004c14   0x08004c14   0x00000078   Code   RO         4410    i.LoRaMacCommandsRemoveCmd  loramaccommands.o
    0x08004c8c   0x08004c8c   0x00000028   Code   RO         4411    i.LoRaMacCommandsRemoveNoneStickyCmds  loramaccommands.o
    0x08004cb4   0x08004cb4   0x0000002c   Code   RO         4412    i.LoRaMacCommandsRemoveStickyAnsCmds  loramaccommands.o
    0x08004ce0   0x08004ce0   0x0000001c   Code   RO         4413    i.LoRaMacCommandsRestoreNvmCtx  loramaccommands.o
    0x08004cfc   0x08004cfc   0x0000004c   Code   RO         4414    i.LoRaMacCommandsSerializeCmds  loramaccommands.o
    0x08004d48   0x08004d48   0x0000002c   Code   RO         4415    i.LoRaMacCommandsStickyCmdsPending  loramaccommands.o
    0x08004d74   0x08004d74   0x00000038   Code   RO         4513    i.LoRaMacConfirmQueueAdd  loramacconfirmqueue.o
    0x08004dac   0x08004dac   0x0000000c   Code   RO         4514    i.LoRaMacConfirmQueueGetCnt  loramacconfirmqueue.o
    0x08004db8   0x08004db8   0x0000000c   Code   RO         4515    i.LoRaMacConfirmQueueGetNvmCtx  loramacconfirmqueue.o
    0x08004dc4   0x08004dc4   0x00000024   Code   RO         4516    i.LoRaMacConfirmQueueGetStatus  loramacconfirmqueue.o
    0x08004de8   0x08004de8   0x0000000c   Code   RO         4517    i.LoRaMacConfirmQueueGetStatusCmn  loramacconfirmqueue.o
    0x08004df4   0x08004df4   0x00000054   Code   RO         4518    i.LoRaMacConfirmQueueHandleCb  loramacconfirmqueue.o
    0x08004e48   0x08004e48   0x0000002c   Code   RO         4519    i.LoRaMacConfirmQueueInit  loramacconfirmqueue.o
    0x08004e74   0x08004e74   0x00000018   Code   RO         4520    i.LoRaMacConfirmQueueIsCmdActive  loramacconfirmqueue.o
    0x08004e8c   0x08004e8c   0x00000018   Code   RO         4521    i.LoRaMacConfirmQueueIsFull  loramacconfirmqueue.o
    0x08004ea4   0x08004ea4   0x00000020   Code   RO         4522    i.LoRaMacConfirmQueueRemoveFirst  loramacconfirmqueue.o
    0x08004ec4   0x08004ec4   0x00000028   Code   RO         4523    i.LoRaMacConfirmQueueRemoveLast  loramacconfirmqueue.o
    0x08004eec   0x08004eec   0x00000018   Code   RO         4524    i.LoRaMacConfirmQueueRestoreNvmCtx  loramacconfirmqueue.o
    0x08004f04   0x08004f04   0x0000002c   Code   RO         4525    i.LoRaMacConfirmQueueSetStatus  loramacconfirmqueue.o
    0x08004f30   0x08004f30   0x00000030   Code   RO         4526    i.LoRaMacConfirmQueueSetStatusCmn  loramacconfirmqueue.o
    0x08004f60   0x08004f60   0x0000000c   Code   RO         4654    i.LoRaMacCryptoGetNvmCtx  loramaccrypto.o
    0x08004f6c   0x08004f6c   0x000001ac   Code   RO         4655    i.LoRaMacCryptoHandleJoinAccept  loramaccrypto.o
    0x08005118   0x08005118   0x00000058   Code   RO         4656    i.LoRaMacCryptoInit  loramaccrypto.o
    0x08005170   0x08005170   0x0000006c   Code   RO         4657    i.LoRaMacCryptoPrepareJoinRequest  loramaccrypto.o
    0x080051dc   0x080051dc   0x0000001c   Code   RO         4660    i.LoRaMacCryptoRestoreNvmCtx  loramaccrypto.o
    0x080051f8   0x080051f8   0x00000118   Code   RO         4661    i.LoRaMacCryptoSecureMessage  loramaccrypto.o
    0x08005310   0x08005310   0x0000000e   Code   RO         4662    i.LoRaMacCryptoSetKey  loramaccrypto.o
    0x0800531e   0x0800531e   0x00000002   PAD
    0x08005320   0x08005320   0x0000000c   Code   RO         4663    i.LoRaMacCryptoSetLrWanVersion  loramaccrypto.o
    0x0800532c   0x0800532c   0x000000d8   Code   RO         4664    i.LoRaMacCryptoUnsecureMessage  loramaccrypto.o
    0x08005404   0x08005404   0x0000000c   Code   RO         4827    i.LoRaMacFCntHandlerGetNvmCtx  loramacfcnthandler.o
    0x08005410   0x08005410   0x00000014   Code   RO         4828    i.LoRaMacFCntHandlerInit  loramacfcnthandler.o
    0x08005424   0x08005424   0x0000001c   Code   RO         4829    i.LoRaMacFCntHandlerRestoreNvmCtx  loramacfcnthandler.o
    0x08005440   0x08005440   0x00000020   Code   RO         4830    i.LoRaMacFCntHandlerSetMulticastReference  loramacfcnthandler.o
    0x08005460   0x08005460   0x000000b0   Code   RO         4831    i.LoRaMacGetFCntDown  loramacfcnthandler.o
    0x08005510   0x08005510   0x00000018   Code   RO         4832    i.LoRaMacGetFCntUp  loramacfcnthandler.o
    0x08005528   0x08005528   0x00000080   Code   RO         3827    i.LoRaMacHandleIrqEvents  loramac.o
    0x080055a8   0x080055a8   0x000003b4   Code   RO         3828    i.LoRaMacInitialization  loramac.o
    0x0800595c   0x0800595c   0x00000168   Code   RO         3829    i.LoRaMacMcpsRequest  loramac.o
    0x08005ac4   0x08005ac4   0x00000004   Code   RO         4221    i.LoRaMacMibClassBSetRequestConfirm  loramacclassb.o
    0x08005ac8   0x08005ac8   0x000000f8   Code   RO         3830    i.LoRaMacMibGetRequestConfirm  loramac.o
    0x08005bc0   0x08005bc0   0x0000036c   Code   RO         3831    i.LoRaMacMibSetRequestConfirm  loramac.o
    0x08005f2c   0x08005f2c   0x00000250   Code   RO         3832    i.LoRaMacMlmeRequest  loramac.o
    0x0800617c   0x0800617c   0x000000aa   Code   RO         4913    i.LoRaMacParserData  loramacparser.o
    0x08006226   0x08006226   0x0000009c   Code   RO         4914    i.LoRaMacParserJoinAccept  loramacparser.o
    0x080062c2   0x080062c2   0x00000002   PAD
    0x080062c4   0x080062c4   0x00000258   Code   RO         3834    i.LoRaMacProcess    loramac.o
    0x0800651c   0x0800651c   0x000000b0   Code   RO         3835    i.LoRaMacQueryTxPossible  loramac.o
    0x080065cc   0x080065cc   0x00000024   Code   RO         4833    i.LoRaMacResetFCnts  loramacfcnthandler.o
    0x080065f0   0x080065f0   0x000000d0   Code   RO         4939    i.LoRaMacSerializerData  loramacserializer.o
    0x080066c0   0x080066c0   0x0000006c   Code   RO         4940    i.LoRaMacSerializerJoinRequest  loramacserializer.o
    0x0800672c   0x0800672c   0x00000044   Code   RO         4834    i.LoRaMacSetFCntDown  loramacfcnthandler.o
    0x08006770   0x08006770   0x00000014   Code   RO         4835    i.LoRaMacSetFCntUp  loramacfcnthandler.o
    0x08006784   0x08006784   0x0000000c   Code   RO         3836    i.LoRaMacStart      loramac.o
    0x08006790   0x08006790   0x0000000e   Code   RO         4665    i.LoraMacCryptoComputeCmac  loramaccrypto.o
    0x0800679e   0x0800679e   0x00000030   Code   RO         8165    i.MSP_GetIRQn       mlm32l0xx_hal_msp.o
    0x080067ce   0x080067ce   0x00000002   PAD
    0x080067d0   0x080067d0   0x000000a0   Code   RO          346    i.MX_ADC_Init       adc.o
    0x08006870   0x08006870   0x00000028   Code   RO          382    i.MX_DMA_Init       dma.o
    0x08006898   0x08006898   0x0000011c   Code   RO          324    i.MX_GPIO_Init      gpio.o
    0x080069b4   0x080069b4   0x000000c8   Code   RO          404    i.MX_RTC_Init       rtc.o
    0x08006a7c   0x08006a7c   0x00000058   Code   RO          442    i.MX_SPI1_Init      spi.o
    0x08006ad4   0x08006ad4   0x0000004c   Code   RO          480    i.MX_USART2_UART_Init  usart.o
    0x08006b20   0x08006b20   0x0000002a   Code   RO         3463    i.McpsConfirm       lora.o
    0x08006b4a   0x08006b4a   0x00000002   PAD
    0x08006b4c   0x08006b4c   0x0000006c   Code   RO         3464    i.McpsIndication    lora.o
    0x08006bb8   0x08006bb8   0x00000090   Code   RO         3465    i.MlmeConfirm       lora.o
    0x08006c48   0x08006c48   0x00000038   Code   RO         3466    i.MlmeIndication    lora.o
    0x08006c80   0x08006c80   0x00000002   Code   RO          520    i.NMI_Handler       stm32l0xx_it.o
    0x08006c82   0x08006c82   0x00000002   PAD
    0x08006c84   0x08006c84   0x00000044   Code   RO         3333    i.NVIC_SetPriority  stm32l0xx_hal_cortex.o
    0x08006cc8   0x08006cc8   0x00000010   Code   RO         4416    i.NvmCtxCallback    loramaccommands.o
    0x08006cd8   0x08006cd8   0x00000010   Code   RO         4836    i.NvmCtxChanged     loramacfcnthandler.o
    0x08006ce8   0x08006ce8   0x00000038   Code   RO         3839    i.OnAckTimeoutTimerEvent  loramac.o
    0x08006d20   0x08006d20   0x00000008   Code   RO         3555    i.OnCertifTxNextPacketTimerEvent  lora-test.o
    0x08006d28   0x08006d28   0x00000064   Code   RO         3840    i.OnRadioRxDone     loramac.o
    0x08006d8c   0x08006d8c   0x00000010   Code   RO         3841    i.OnRadioRxError    loramac.o
    0x08006d9c   0x08006d9c   0x00000048   Code   RO         3842    i.OnRadioRxTimeout  loramac.o
    0x08006de4   0x08006de4   0x00000068   Code   RO         3843    i.OnRadioTxDone     loramac.o
    0x08006e4c   0x08006e4c   0x00000048   Code   RO         3844    i.OnRadioTxTimeout  loramac.o
    0x08006e94   0x08006e94   0x00000068   Code   RO         3845    i.OnRxWindow1TimerEvent  loramac.o
    0x08006efc   0x08006efc   0x0000006c   Code   RO         3846    i.OnRxWindow2TimerEvent  loramac.o
    0x08006f68   0x08006f68   0x00000050   Code   RO         3847    i.OnTxDelayedTimerEvent  loramac.o
    0x08006fb8   0x08006fb8   0x00000014   Code   RO          221    i.OnTxTimerEvent    main.o
    0x08006fcc   0x08006fcc   0x00000014   Code   RO         3848    i.OpenContinuousRx2Window  loramac.o
    0x08006fe0   0x08006fe0   0x000000bc   Code   RO         4666    i.PayloadEncrypt    loramaccrypto.o
    0x0800709c   0x0800709c   0x00000002   Code   RO          521    i.PendSV_Handler    stm32l0xx_it.o
    0x0800709e   0x0800709e   0x00000002   PAD
    0x080070a0   0x080070a0   0x00000064   Code   RO         4667    i.PrepareB0         loramaccrypto.o
    0x08007104   0x08007104   0x00000060   Code   RO         4668    i.PrepareB1         loramaccrypto.o
    0x08007164   0x08007164   0x00000164   Code   RO         3849    i.PrepareFrame      loramac.o
    0x080072c8   0x080072c8   0x00000038   Code   RO         3850    i.PrepareRxDoneAbort  loramac.o
    0x08007300   0x08007300   0x000004b0   Code   RO         3851    i.ProcessMacCommands  loramac.o
    0x080077b0   0x080077b0   0x000004bc   Code   RO         3852    i.ProcessRadioRxDone  loramac.o
    0x08007c6c   0x08007c6c   0x00000114   Code   RO         3853    i.ProcessRadioTxDone  loramac.o
    0x08007d80   0x08007d80   0x00000070   Code   RO         2531    i.RCC_SetFlashLatencyFromMSIRange  stm32l0xx_hal_rcc.o
    0x08007df0   0x08007df0   0x00000010   Code   RO          868    i.RTC_Bcd2ToByte    stm32l0xx_hal_rtc.o
    0x08007e00   0x08007e00   0x00000016   Code   RO          869    i.RTC_ByteToBcd2    stm32l0xx_hal_rtc.o
    0x08007e16   0x08007e16   0x00000038   Code   RO          870    i.RTC_EnterInitMode  stm32l0xx_hal_rtc.o
    0x08007e4e   0x08007e4e   0x00000002   PAD
    0x08007e50   0x08007e50   0x00000010   Code   RO          522    i.RTC_IRQHandler    stm32l0xx_it.o
    0x08007e60   0x08007e60   0x00000004   Code   RO         5552    i.RegionAS923AlternateDr  regionas923.o
    0x08007e64   0x08007e64   0x0000007c   Code   RO         5553    i.RegionAS923ApplyCFList  regionas923.o
    0x08007ee0   0x08007ee0   0x00000030   Code   RO         5554    i.RegionAS923ApplyDrOffset  regionas923.o
    0x08007f10   0x08007f10   0x00000034   Code   RO         5555    i.RegionAS923CalcBackOff  regionas923.o
    0x08007f44   0x08007f44   0x0000002c   Code   RO         5556    i.RegionAS923ChanMaskSet  regionas923.o
    0x08007f70   0x08007f70   0x000000d4   Code   RO         5557    i.RegionAS923ChannelAdd  regionas923.o
    0x08008044   0x08008044   0x0000002c   Code   RO         5558    i.RegionAS923ChannelsRemove  regionas923.o
    0x08008070   0x08008070   0x00000064   Code   RO         5559    i.RegionAS923ComputeRxWindowParameters  regionas923.o
    0x080080d4   0x080080d4   0x00000038   Code   RO         5560    i.RegionAS923DlChannelReq  regionas923.o
    0x0800810c   0x0800810c   0x0000000c   Code   RO         5561    i.RegionAS923GetNvmCtx  regionas923.o
    0x08008118   0x08008118   0x00000138   Code   RO         5562    i.RegionAS923GetPhyParam  regionas923.o
    0x08008250   0x08008250   0x0000007c   Code   RO         5563    i.RegionAS923InitDefaults  regionas923.o
    0x080082cc   0x080082cc   0x0000012c   Code   RO         5564    i.RegionAS923LinkAdrReq  regionas923.o
    0x080083f8   0x080083f8   0x00000048   Code   RO         5565    i.RegionAS923NewChannelReq  regionas923.o
    0x08008440   0x08008440   0x000000f8   Code   RO         5566    i.RegionAS923NextChannel  regionas923.o
    0x08008538   0x08008538   0x000000e0   Code   RO         5568    i.RegionAS923RxConfig  regionas923.o
    0x08008618   0x08008618   0x00000044   Code   RO         5569    i.RegionAS923RxParamSetupReq  regionas923.o
    0x0800865c   0x0800865c   0x00000024   Code   RO         5570    i.RegionAS923SetBandTxDone  regionas923.o
    0x08008680   0x08008680   0x00000050   Code   RO         5571    i.RegionAS923SetContinuousWave  regionas923.o
    0x080086d0   0x080086d0   0x000000dc   Code   RO         5572    i.RegionAS923TxConfig  regionas923.o
    0x080087ac   0x080087ac   0x00000004   Code   RO         5573    i.RegionAS923TxParamSetupReq  regionas923.o
    0x080087b0   0x080087b0   0x0000004a   Code   RO         5574    i.RegionAS923Verify  regionas923.o
    0x080087fa   0x080087fa   0x00000012   Code   RO         5387    i.RegionAlternateDr  region.o
    0x0800880c   0x0800880c   0x0000000e   Code   RO         5388    i.RegionApplyCFList  region.o
    0x0800881a   0x0800881a   0x0000001a   Code   RO         5389    i.RegionApplyDrOffset  region.o
    0x08008834   0x08008834   0x0000000e   Code   RO         5390    i.RegionCalcBackOff  region.o
    0x08008842   0x08008842   0x00000012   Code   RO         5391    i.RegionChanMaskSet  region.o
    0x08008854   0x08008854   0x0000005c   Code   RO         6259    i.RegionCommonCalcBackOff  regioncommon.o
    0x080088b0   0x080088b0   0x00000026   Code   RO         6260    i.RegionCommonChanDisable  regioncommon.o
    0x080088d6   0x080088d6   0x0000001e   Code   RO         6261    i.RegionCommonChanMaskCopy  regioncommon.o
    0x080088f4   0x080088f4   0x00000060   Code   RO         6262    i.RegionCommonChanVerifyDr  regioncommon.o
    0x08008954   0x08008954   0x00000090   Code   RO         6263    i.RegionCommonComputeRxWindowParameters  regioncommon.o
    0x080089e4   0x080089e4   0x00000018   Code   RO         6264    i.RegionCommonComputeSymbolTimeFsk  regioncommon.o
    0x080089fc   0x080089fc   0x0000002c   Code   RO         6265    i.RegionCommonComputeSymbolTimeLoRa  regioncommon.o
    0x08008a28   0x08008a28   0x00000028   Code   RO         6266    i.RegionCommonComputeTxPower  regioncommon.o
    0x08008a50   0x08008a50   0x00000044   Code   RO         6267    i.RegionCommonCountChannels  regioncommon.o
    0x08008a94   0x08008a94   0x00000028   Code   RO         6268    i.RegionCommonGetJoinDc  regioncommon.o
    0x08008abc   0x08008abc   0x0000008e   Code   RO         6269    i.RegionCommonLinkAdrReqVerifyParams  regioncommon.o
    0x08008b4a   0x08008b4a   0x00000036   Code   RO         6270    i.RegionCommonParseLinkAdrReq  regioncommon.o
    0x08008b80   0x08008b80   0x0000000a   Code   RO         6272    i.RegionCommonSetBandTxDone  regioncommon.o
    0x08008b8a   0x08008b8a   0x000000be   Code   RO         6273    i.RegionCommonUpdateBandTimeOff  regioncommon.o
    0x08008c48   0x08008c48   0x00000010   Code   RO         6274    i.RegionCommonValueInRange  regioncommon.o
    0x08008c58   0x08008c58   0x0000001a   Code   RO         5394    i.RegionComputeRxWindowParameters  region.o
    0x08008c72   0x08008c72   0x00000012   Code   RO         5395    i.RegionDlChannelReq  region.o
    0x08008c84   0x08008c84   0x00000012   Code   RO         5396    i.RegionGetNvmCtx   region.o
    0x08008c96   0x08008c96   0x00000014   Code   RO         5397    i.RegionGetPhyParam  region.o
    0x08008caa   0x08008caa   0x0000000e   Code   RO         5398    i.RegionInitDefaults  region.o
    0x08008cb8   0x08008cb8   0x0000000c   Code   RO         5399    i.RegionIsActive    region.o
    0x08008cc4   0x08008cc4   0x00000022   Code   RO         5400    i.RegionLinkAdrReq  region.o
    0x08008ce6   0x08008ce6   0x00000012   Code   RO         5401    i.RegionNewChannelReq  region.o
    0x08008cf8   0x08008cf8   0x0000001e   Code   RO         5402    i.RegionNextChannel  region.o
    0x08008d16   0x08008d16   0x00000016   Code   RO         5404    i.RegionRxConfig    region.o
    0x08008d2c   0x08008d2c   0x00000012   Code   RO         5405    i.RegionRxParamSetupReq  region.o
    0x08008d3e   0x08008d3e   0x0000000e   Code   RO         5406    i.RegionSetBandTxDone  region.o
    0x08008d4c   0x08008d4c   0x0000000e   Code   RO         5407    i.RegionSetContinuousWave  region.o
    0x08008d5a   0x08008d5a   0x0000001a   Code   RO         5408    i.RegionTxConfig    region.o
    0x08008d74   0x08008d74   0x00000012   Code   RO         5409    i.RegionTxParamSetupReq  region.o
    0x08008d86   0x08008d86   0x00000016   Code   RO         5410    i.RegionVerify      region.o
    0x08008d9c   0x08008d9c   0x00000024   Code   RO         4669    i.ResetFCnts        loramaccrypto.o
    0x08008dc0   0x08008dc0   0x000000e0   Code   RO         3854    i.ResetMacParameters  loramac.o
    0x08008ea0   0x08008ea0   0x00000098   Code   RO         3855    i.RestoreCtxs       loramac.o
    0x08008f38   0x08008f38   0x00000094   Code   RO         7599    i.RxChainCalibration  sx1276.o
    0x08008fcc   0x08008fcc   0x00000018   Code   RO         3856    i.RxWindowSetup     loramac.o
    0x08008fe4   0x08008fe4   0x000000b2   Code   RO         1246    i.SPI_WaitOnFlagUntilTimeout  stm32l0xx_hal_spi.o
    0x08009096   0x08009096   0x00000002   Code   RO          523    i.SVC_Handler       stm32l0xx_it.o
    0x08009098   0x08009098   0x0000000c   Code   RO         7600    i.SX1276BoardInit   sx1276.o
    0x080090a4   0x080090a4   0x00000004   Code   RO         7504    i.SX1276CheckRfFrequency  mlm32l07x01.o
    0x080090a8   0x080090a8   0x0000000c   Code   RO         7505    i.SX1276GetPaSelect  mlm32l07x01.o
    0x080090b4   0x080090b4   0x0000000c   Code   RO         7601    i.SX1276GetStatus   sx1276.o
    0x080090c0   0x080090c0   0x000001e4   Code   RO         7602    i.SX1276GetTimeOnAir  sx1276.o
    0x080092a4   0x080092a4   0x00000004   Code   RO         7506    i.SX1276GetWakeTime  mlm32l07x01.o
    0x080092a8   0x080092a8   0x00000014   Code   RO         7603    i.SX1276GetWakeupTime  sx1276.o
    0x080092bc   0x080092bc   0x0000008c   Code   RO         7604    i.SX1276Init        sx1276.o
    0x08009348   0x08009348   0x00000050   Code   RO         7507    i.SX1276IoDeInit    mlm32l07x01.o
    0x08009398   0x08009398   0x00000070   Code   RO         7508    i.SX1276IoInit      mlm32l07x01.o
    0x08009408   0x08009408   0x00000044   Code   RO         7509    i.SX1276IoIrqInit   mlm32l07x01.o
    0x0800944c   0x0800944c   0x0000004e   Code   RO         7605    i.SX1276IsChannelFree  sx1276.o
    0x0800949a   0x0800949a   0x00000002   PAD
    0x0800949c   0x0800949c   0x00000254   Code   RO         7606    i.SX1276OnDio0Irq   sx1276.o
    0x080096f0   0x080096f0   0x000000c4   Code   RO         7607    i.SX1276OnDio1Irq   sx1276.o
    0x080097b4   0x080097b4   0x000000b4   Code   RO         7608    i.SX1276OnDio2Irq   sx1276.o
    0x08009868   0x08009868   0x00000054   Code   RO         7609    i.SX1276OnDio3Irq   sx1276.o
    0x080098bc   0x080098bc   0x0000001c   Code   RO         7610    i.SX1276OnDio4Irq   sx1276.o
    0x080098d8   0x080098d8   0x000000c8   Code   RO         7612    i.SX1276OnTimeoutIrq  sx1276.o
    0x080099a0   0x080099a0   0x0000003e   Code   RO         7613    i.SX1276Random      sx1276.o
    0x080099de   0x080099de   0x00000010   Code   RO         7614    i.SX1276Read        sx1276.o
    0x080099ee   0x080099ee   0x00000042   Code   RO         7615    i.SX1276ReadBuffer  sx1276.o
    0x08009a30   0x08009a30   0x0000000e   Code   RO         7616    i.SX1276ReadFifo    sx1276.o
    0x08009a3e   0x08009a3e   0x00000002   PAD
    0x08009a40   0x08009a40   0x00000044   Code   RO         7617    i.SX1276ReadRssi    sx1276.o
    0x08009a84   0x08009a84   0x00000050   Code   RO         7618    i.SX1276Reset       sx1276.o
    0x08009ad4   0x08009ad4   0x000000f0   Code   RO         7619    i.SX1276Send        sx1276.o
    0x08009bc4   0x08009bc4   0x00000044   Code   RO         7510    i.SX1276SetAntSw    mlm32l07x01.o
    0x08009c08   0x08009c08   0x00000074   Code   RO         7511    i.SX1276SetAntSwLowPower  mlm32l07x01.o
    0x08009c7c   0x08009c7c   0x00000050   Code   RO         7620    i.SX1276SetChannel  sx1276.o
    0x08009ccc   0x08009ccc   0x00000030   Code   RO         7621    i.SX1276SetMaxPayloadLength  sx1276.o
    0x08009cfc   0x08009cfc   0x00000070   Code   RO         7622    i.SX1276SetModem    sx1276.o
    0x08009d6c   0x08009d6c   0x0000005c   Code   RO         7623    i.SX1276SetOpMode   sx1276.o
    0x08009dc8   0x08009dc8   0x00000024   Code   RO         7624    i.SX1276SetPublicNetwork  sx1276.o
    0x08009dec   0x08009dec   0x00000098   Code   RO         7512    i.SX1276SetRfTxPower  mlm32l07x01.o
    0x08009e84   0x08009e84   0x000001fc   Code   RO         7625    i.SX1276SetRx       sx1276.o
    0x0800a080   0x0800a080   0x00000288   Code   RO         7626    i.SX1276SetRxConfig  sx1276.o
    0x0800a308   0x0800a308   0x00000024   Code   RO         7627    i.SX1276SetSleep    sx1276.o
    0x0800a32c   0x0800a32c   0x00000024   Code   RO         7628    i.SX1276SetStby     sx1276.o
    0x0800a350   0x0800a350   0x000000a4   Code   RO         7629    i.SX1276SetTx       sx1276.o
    0x0800a3f4   0x0800a3f4   0x000001fc   Code   RO         7630    i.SX1276SetTxConfig  sx1276.o
    0x0800a5f0   0x0800a5f0   0x0000007c   Code   RO         7631    i.SX1276SetTxContinuousWave  sx1276.o
    0x0800a66c   0x0800a66c   0x00000028   Code   RO         7513    i.SX1276SetXO       mlm32l07x01.o
    0x0800a694   0x0800a694   0x00000038   Code   RO         7632    i.SX1276StartCad    sx1276.o
    0x0800a6cc   0x0800a6cc   0x0000000c   Code   RO         7633    i.SX1276Write       sx1276.o
    0x0800a6d8   0x0800a6d8   0x00000042   Code   RO         7634    i.SX1276WriteBuffer  sx1276.o
    0x0800a71a   0x0800a71a   0x0000000e   Code   RO         7635    i.SX1276WriteFifo   sx1276.o
    0x0800a728   0x0800a728   0x00000164   Code   RO         3857    i.ScheduleTx        loramac.o
    0x0800a88c   0x0800a88c   0x00000068   Code   RO         3710    i.SecureElementAesEncrypt  soft-se.o
    0x0800a8f4   0x0800a8f4   0x00000010   Code   RO         3711    i.SecureElementComputeAesCmac  soft-se.o
    0x0800a904   0x0800a904   0x00000064   Code   RO         3712    i.SecureElementDeriveAndStoreKey  soft-se.o
    0x0800a968   0x0800a968   0x00000010   Code   RO         3713    i.SecureElementGetNvmCtx  soft-se.o
    0x0800a978   0x0800a978   0x000000a0   Code   RO         3714    i.SecureElementInit  soft-se.o
    0x0800aa18   0x0800aa18   0x00000020   Code   RO         3716    i.SecureElementRestoreNvmCtx  soft-se.o
    0x0800aa38   0x0800aa38   0x0000007c   Code   RO         3717    i.SecureElementSetKey  soft-se.o
    0x0800aab4   0x0800aab4   0x00000028   Code   RO         3718    i.SecureElementVerifyAesCmac  soft-se.o
    0x0800aadc   0x0800aadc   0x0000005c   Code   RO         3858    i.SecureFrame       loramac.o
    0x0800ab38   0x0800ab38   0x0000003c   Code   RO          222    i.Send              main.o
    0x0800ab74   0x0800ab74   0x0000012c   Code   RO         3859    i.Send              loramac.o
    0x0800aca0   0x0800aca0   0x000000d4   Code   RO         3860    i.SendFrameOnChannel  loramac.o
    0x0800ad74   0x0800ad74   0x00000048   Code   RO         3861    i.SendReJoinReq     loramac.o
    0x0800adbc   0x0800adbc   0x00000014   Code   RO         3862    i.SetMlmeScheduleUplinkIndication  loramac.o
    0x0800add0   0x0800add0   0x00000048   Code   RO         3863    i.SetTxContinuousWave  loramac.o
    0x0800ae18   0x0800ae18   0x00000028   Code   RO         3864    i.SetTxContinuousWave1  loramac.o
    0x0800ae40   0x0800ae40   0x00000070   Code   RO         3865    i.StopRetransmission  loramac.o
    0x0800aeb0   0x0800aeb0   0x00000080   Code   RO         3866    i.SwitchClass       loramac.o
    0x0800af30   0x0800af30   0x0000000c   Code   RO          524    i.SysTick_Handler   stm32l0xx_it.o
    0x0800af3c   0x0800af3c   0x00000040   Code   RO         5110    i.SysTimeAdd        systime.o
    0x0800af7c   0x0800af7c   0x00000036   Code   RO         5111    i.SysTimeGet        systime.o
    0x0800afb2   0x0800afb2   0x00000018   Code   RO         5112    i.SysTimeGetMcuTime  systime.o
    0x0800afca   0x0800afca   0x0000003e   Code   RO         5115    i.SysTimeSet        systime.o
    0x0800b008   0x0800b008   0x00000040   Code   RO         5116    i.SysTimeSub        systime.o
    0x0800b048   0x0800b048   0x000000b0   Code   RO          223    i.SystemClock_Config  main.o
    0x0800b0f8   0x0800b0f8   0x00000054   Code   RO         3421    i.SystemInit        system_stm32l0xx.o
    0x0800b14c   0x0800b14c   0x0000000c   Code   RO         5188    i.TimerGetCurrentTime  timeserver.o
    0x0800b158   0x0800b158   0x00000018   Code   RO         5189    i.TimerGetElapsedTime  timeserver.o
    0x0800b170   0x0800b170   0x0000000e   Code   RO         5190    i.TimerInit         timeserver.o
    0x0800b17e   0x0800b17e   0x00000002   PAD
    0x0800b180   0x0800b180   0x0000001c   Code   RO         5191    i.TimerInsertNewHeadTimer  timeserver.o
    0x0800b19c   0x0800b19c   0x00000078   Code   RO         5192    i.TimerIrqHandler   timeserver.o
    0x0800b214   0x0800b214   0x0000002c   Code   RO         5194    i.TimerSetTimeout   timeserver.o
    0x0800b240   0x0800b240   0x00000022   Code   RO         5195    i.TimerSetValue     timeserver.o
    0x0800b262   0x0800b262   0x00000002   PAD
    0x0800b264   0x0800b264   0x00000070   Code   RO         5196    i.TimerStart        timeserver.o
    0x0800b2d4   0x0800b2d4   0x00000060   Code   RO         5197    i.TimerStop         timeserver.o
    0x0800b334   0x0800b334   0x00000024   Code   RO         5282    i.TraceInit         trace.o
    0x0800b358   0x0800b358   0x00000088   Code   RO         5283    i.TraceSend         trace.o
    0x0800b3e0   0x0800b3e0   0x00000048   Code   RO         5284    i.Trace_TxCpltCallback  trace.o
    0x0800b428   0x0800b428   0x000000ca   Code   RO         1510    i.UART_AdvFeatureConfig  stm32l0xx_hal_uart.o
    0x0800b4f2   0x0800b4f2   0x00000002   PAD
    0x0800b4f4   0x0800b4f4   0x00000060   Code   RO         1511    i.UART_CheckIdleState  stm32l0xx_hal_uart.o
    0x0800b554   0x0800b554   0x00000014   Code   RO         1512    i.UART_DMAAbortOnError  stm32l0xx_hal_uart.o
    0x0800b568   0x0800b568   0x0000004a   Code   RO         1513    i.UART_DMAError     stm32l0xx_hal_uart.o
    0x0800b5b2   0x0800b5b2   0x00000030   Code   RO         1518    i.UART_DMATransmitCplt  stm32l0xx_hal_uart.o
    0x0800b5e2   0x0800b5e2   0x0000000a   Code   RO         1520    i.UART_DMATxHalfCplt  stm32l0xx_hal_uart.o
    0x0800b5ec   0x0800b5ec   0x0000001e   Code   RO         1522    i.UART_EndRxTransfer  stm32l0xx_hal_uart.o
    0x0800b60a   0x0800b60a   0x00000012   Code   RO         1523    i.UART_EndTxTransfer  stm32l0xx_hal_uart.o
    0x0800b61c   0x0800b61c   0x0000007e   Code   RO         1524    i.UART_Receive_IT   stm32l0xx_hal_uart.o
    0x0800b69a   0x0800b69a   0x00000002   PAD
    0x0800b69c   0x0800b69c   0x00000230   Code   RO         1525    i.UART_SetConfig    stm32l0xx_hal_uart.o
    0x0800b8cc   0x0800b8cc   0x00000066   Code   RO         1526    i.UART_Transmit_IT  stm32l0xx_hal_uart.o
    0x0800b932   0x0800b932   0x00000062   Code   RO         1527    i.UART_WaitOnFlagUntilTimeout  stm32l0xx_hal_uart.o
    0x0800b994   0x0800b994   0x00000010   Code   RO          525    i.USART2_IRQHandler  stm32l0xx_it.o
    0x0800b9a4   0x0800b9a4   0x0000003c   Code   RO         4670    i.UpdateFCntDown    loramaccrypto.o
    0x0800b9e0   0x0800b9e0   0x00000014   Code   RO         4671    i.VerifyCmac        loramaccrypto.o
    0x0800b9f4   0x0800b9f4   0x00000066   Code   RO         4672    i.VerifyCmacB0      loramaccrypto.o
    0x0800ba5a   0x0800ba5a   0x00000002   PAD
    0x0800ba5c   0x0800ba5c   0x00000030   Code   RO         5575    i.VerifyTxFreq      regionas923.o
    0x0800ba8c   0x0800ba8c   0x00000002   Code   RO          224    i._Error_Handler    main.o
    0x0800ba8e   0x0800ba8e   0x00000002   PAD
    0x0800ba90   0x0800ba90   0x0000002c   Code   RO         8298    i.__0vsnprintf      mc_p.l(printfa.o)
    0x0800babc   0x0800babc   0x0000002e   Code   RO         8386    i.__ARM_clz         mf_p.l(depilogue.o)
    0x0800baea   0x0800baea   0x0000001a   Code   RO         1808    i.__ARM_common_switch8  stm32l0xx_hal_uart.o
    0x0800bb04   0x0800bb04   0x0000000e   Code   RO         8400    i.__scatterload_copy  mc_p.l(handlers.o)
    0x0800bb12   0x0800bb12   0x00000002   Code   RO         8401    i.__scatterload_null  mc_p.l(handlers.o)
    0x0800bb14   0x0800bb14   0x0000000e   Code   RO         8402    i.__scatterload_zeroinit  mc_p.l(handlers.o)
    0x0800bb22   0x0800bb22   0x00000002   PAD
    0x0800bb24   0x0800bb24   0x00000174   Code   RO         8300    i._fp_digits        mc_p.l(printfa.o)
    0x0800bc98   0x0800bc98   0x000006ec   Code   RO         8301    i._printf_core      mc_p.l(printfa.o)
    0x0800c384   0x0800c384   0x00000020   Code   RO         8302    i._printf_post_padding  mc_p.l(printfa.o)
    0x0800c3a4   0x0800c3a4   0x0000002c   Code   RO         8303    i._printf_pre_padding  mc_p.l(printfa.o)
    0x0800c3d0   0x0800c3d0   0x00000016   Code   RO         8304    i._snputc           mc_p.l(printfa.o)
    0x0800c3e6   0x0800c3e6   0x00000054   Code   RO         3608    i.aes_encrypt       aes.o
    0x0800c43a   0x0800c43a   0x00000002   PAD
    0x0800c43c   0x0800c43c   0x000000fc   Code   RO         3609    i.aes_set_key       aes.o
    0x0800c538   0x0800c538   0x000000c8   Code   RO         8266    i.ceil              m_ps.l(ceil.o)
    0x0800c600   0x0800c600   0x00000010   Code   RO         3556    i.certif_DownLinkIncrement  lora-test.o
    0x0800c610   0x0800c610   0x00000014   Code   RO         3557    i.certif_linkCheck  lora-test.o
    0x0800c624   0x0800c624   0x0000000c   Code   RO         3558    i.certif_running    lora-test.o
    0x0800c630   0x0800c630   0x000001b4   Code   RO         3559    i.certif_rx         lora-test.o
    0x0800c7e4   0x0800c7e4   0x000000a4   Code   RO         3560    i.certif_tx         lora-test.o
    0x0800c888   0x0800c888   0x00000084   Code   RO         3610    i.copy_and_key      aes.o
    0x0800c90c   0x0800c90c   0x00000042   Code   RO         3611    i.copy_block        aes.o
    0x0800c94e   0x0800c94e   0x00000002   PAD
    0x0800c950   0x0800c950   0x000000c8   Code   RO         8270    i.floor             m_ps.l(floor.o)
    0x0800ca18   0x0800ca18   0x00000012   Code   RO         4417    i.freeMacCommandSlot  loramaccommands.o
    0x0800ca2a   0x0800ca2a   0x00000018   Code   RO         4418    i.isSlotFree        loramaccommands.o
    0x0800ca42   0x0800ca42   0x00000002   PAD
    0x0800ca44   0x0800ca44   0x000000e8   Code   RO          225    i.main              main.o
    0x0800cb2c   0x0800cb2c   0x00000030   Code   RO         4419    i.mallocNewMacCommandSlot  loramaccommands.o
    0x0800cb5c   0x0800cb5c   0x00000016   Code   RO         5330    i.memcpy1           utilities.o
    0x0800cb72   0x0800cb72   0x0000001a   Code   RO         5331    i.memcpyr           utilities.o
    0x0800cb8c   0x0800cb8c   0x00000012   Code   RO         5332    i.memset1           utilities.o
    0x0800cb9e   0x0800cb9e   0x00000002   PAD
    0x0800cba0   0x0800cba0   0x00000218   Code   RO         3612    i.mix_sub_columns   aes.o
    0x0800cdb8   0x0800cdb8   0x0000002c   Code   RO         5333    i.rand1             utilities.o
    0x0800cde4   0x0800cde4   0x00000016   Code   RO         5334    i.randr             utilities.o
    0x0800cdfa   0x0800cdfa   0x00000002   PAD
    0x0800cdfc   0x0800cdfc   0x0000009c   Code   RO         8273    i.round             m_ps.l(round.o)
    0x0800ce98   0x0800ce98   0x00000068   Code   RO         3613    i.shift_sub_rows    aes.o
    0x0800cf00   0x0800cf00   0x0000000c   Code   RO         5335    i.srand1            utilities.o
    0x0800cf0c   0x0800cf0c   0x0000000c   Code   RO         8101    i.vcom_Init         vcom.o
    0x0800cf18   0x0800cf18   0x00000014   Code   RO         8104    i.vcom_Trace        vcom.o
    0x0800cf2c   0x0800cf2c   0x00000082   Code   RO         3614    i.xor_block         aes.o
    0x0800cfae   0x0800cfae   0x00000019   Data   RO         3422    .constdata          system_stm32l0xx.o
    0x0800cfc7   0x0800cfc7   0x00000008   Data   RO         3423    .constdata          system_stm32l0xx.o
    0x0800cfcf   0x0800cfcf   0x00000001   PAD
    0x0800cfd0   0x0800cfd0   0x00000014   Data   RO         3468    .constdata          lora.o
    0x0800cfe4   0x0800cfe4   0x00000300   Data   RO         3615    .constdata          aes.o
    0x0800d2e4   0x0800d2e4   0x00000010   Data   RO         3868    .constdata          loramac.o
    0x0800d2f4   0x0800d2f4   0x00000003   Data   RO         4421    .constdata          loramaccommands.o
    0x0800d2f7   0x0800d2f7   0x00000001   PAD
    0x0800d2f8   0x0800d2f8   0x00000070   Data   RO         5577    .constdata          regionas923.o
    0x0800d368   0x0800d368   0x00000074   Data   RO         7514    .constdata          mlm32l07x01.o
    0x0800d3dc   0x0800d3dc   0x000000e0   Data   RO         7637    .constdata          sx1276.o
    0x0800d4bc   0x0800d4bc   0x00000018   Data   RO         7942    .constdata          hw_rtc.o
    0x0800d4d4   0x0800d4d4   0x000000ce   Data   RO         3472    .conststring        lora.o
    0x0800d5a2   0x0800d5a2   0x00000002   PAD
    0x0800d5a4   0x0800d5a4   0x00000020   Data   RO         8398    Region$$Table       anon$$obj.o


    Execution Region RW_IRAM1 (Exec base: 0x20000000, Load base: 0x0800d5c4, Size: 0x00001778, Max: 0x00005000, ABSOLUTE)

    Exec Addr    Load Addr    Size         Type   Attr      Idx    E Section Name        Object

    0x20000000   0x0800d5c4   0x0000002c   Data   RW          228    .data               main.o
    0x2000002c   0x0800d5f0   0x00000004   Data   RW         1902    .data               stm32l0xx_hal.o
    0x20000030   0x0800d5f4   0x00000004   Data   RW         3424    .data               system_stm32l0xx.o
    0x20000034   0x0800d5f8   0x00000038   Data   RW         3473    .data               lora.o
    0x2000006c   0x0800d630   0x00000002   Data   RW         3562    .data               lora-test.o
    0x2000006e   0x0800d632   0x00000002   PAD
    0x20000070   0x0800d634   0x00000004   Data   RW         3720    .data               soft-se.o
    0x20000074   0x0800d638   0x00000008   Data   RW         3869    .data               loramac.o
    0x2000007c   0x0800d640   0x00000004   Data   RW         4422    .data               loramaccommands.o
    0x20000080   0x0800d644   0x00000014   Data   RW         4674    .data               loramaccrypto.o
    0x20000094   0x0800d658   0x00000004   Data   RW         4838    .data               loramacfcnthandler.o
    0x20000098   0x0800d65c   0x00000008   Data   RW         4987    .data               low_power_manager.o
    0x200000a0   0x0800d664   0x00000004   Data   RW         5199    .data               timeserver.o
    0x200000a4   0x0800d668   0x00000001   Data   RW         5286    .data               trace.o
    0x200000a5   0x0800d669   0x00000003   PAD
    0x200000a8   0x0800d66c   0x00000004   Data   RW         5336    .data               utilities.o
    0x200000ac   0x0800d670   0x00000018   Data   RW         7515    .data               mlm32l07x01.o
    0x200000c4   0x0800d688   0x00000020   Data   RW         7638    .data               sx1276.o
    0x200000e4   0x0800d6a8   0x00000004   Data   RW         7943    .data               hw_rtc.o
    0x200000e8   0x0800d6ac   0x00000004   Data   RW         8105    .data               vcom.o
    0x200000ec        -       0x00000040   Zero   RW          226    .bss                main.o
    0x2000012c        -       0x00000014   Zero   RW          227    .bss                main.o
    0x20000140        -       0x00000060   Zero   RW          347    .bss                adc.o
    0x200001a0        -       0x00000024   Zero   RW          405    .bss                rtc.o
    0x200001c4        -       0x00000058   Zero   RW          443    .bss                spi.o
    0x2000021c        -       0x000000b0   Zero   RW          481    .bss                usart.o
    0x200002cc        -       0x00000040   Zero   RW         3467    .bss                lora.o
    0x2000030c        -       0x0000005e   Zero   RW         3561    .bss                lora-test.o
    0x2000036a   0x0800d6b0   0x00000002   PAD
    0x2000036c        -       0x00000384   Zero   RW         3719    .bss                soft-se.o
    0x200006f0        -       0x000006e0   Zero   RW         3867    .bss                loramac.o
    0x20000dd0        -       0x000000fc   Zero   RW         4420    .bss                loramaccommands.o
    0x20000ecc        -       0x0000002c   Zero   RW         4527    .bss                loramacconfirmqueue.o
    0x20000ef8        -       0x00000040   Zero   RW         4673    .bss                loramaccrypto.o
    0x20000f38        -       0x00000020   Zero   RW         4837    .bss                loramacfcnthandler.o
    0x20000f58        -       0x00000120   Zero   RW         5285    .bss                trace.o
    0x20001078        -       0x000000d4   Zero   RW         5576    .bss                regionas923.o
    0x2000114c        -       0x000001a4   Zero   RW         7636    .bss                sx1276.o
    0x200012f0        -       0x00000040   Zero   RW         7876    .bss                hw_gpio.o
    0x20001330        -       0x00000044   Zero   RW         7941    .bss                hw_rtc.o
    0x20001374   0x0800d6b0   0x00000004   PAD
    0x20001378        -       0x00000400   Zero   RW            1    STACK               startup_stm32l072xx.o


==============================================================================

Image component sizes


      Code (inc. data)   RO Data    RW Data    ZI Data      Debug   Object Name

       188         42          0          0         96       1427   adc.o
      1304         12        768          0          0      15500   aes.o
       554          0          0          0          0       4365   cmac.o
        96          4          0          0          0     409811   debug.o
        40          4          0          0          0        706   dma.o
       284         32          0          0          0        979   gpio.o
       234         26          0          0         64       3629   hw_gpio.o
       814         88         24          4         68      10983   hw_rtc.o
        32          4          0          0          0        523   hw_spi.o
       656         56          0          2         94       5087   lora-test.o
      1220        196        226         56         64       9429   lora.o
     10320        722         16          8       1760      66372   loramac.o
       186          0          0          0          0       2825   loramacadr.o
        90          0          0          0          0      17435   loramacclassb.o
       686         68          3          4        252      12011   loramaccommands.o
       544         68          0          0         44      23299   loramacconfirmqueue.o
      2634        106          0         20         64      24446   loramaccrypto.o
       432         62          0          4         32       8171   loramacfcnthandler.o
       326          0          0          0          0       1894   loramacparser.o
       316          0          0          0          0       1951   loramacserializer.o
       178         22          0          8          0       4526   low_power_manager.o
       634        180          0         44         84      28979   main.o
       656         54        116         24          0      12097   mlm32l07x01.o
        78          0          0          0          0       3088   mlm32l0xx_hal_msp.o
       568        100          0          0          0       5966   mlm32l0xx_hw.o
       918          8          0          0          0       6094   queue.o
       414          0          0          0          0      22459   region.o
      2724        250        112          0        212      26230   regionas923.o
      1028         22          0          0          0      13166   regioncommon.o
       248         38          0          0         36       1555   rtc.o
       754         52          0          4        900      14597   soft-se.o
       220         50          0          0         88       1993   spi.o
        28          8        192          0       1024        628   startup_stm32l072xx.o
       108         30          0          4          0       4016   stm32l0xx_hal.o
      1024         36          0          0          0       5914   stm32l0xx_hal_adc.o
       170          0          0          0          0       1430   stm32l0xx_hal_adc_ex.o
       198         34          0          0          0      12841   stm32l0xx_hal_cortex.o
      1632         24          0          0          0       5359   stm32l0xx_hal_dma.o
       664         66          0          0          0       3801   stm32l0xx_hal_gpio.o
        84         10          0          0          0        474   stm32l0xx_hal_msp.o
       132         26          0          0          0       2253   stm32l0xx_hal_pwr.o
        32          8          0          0          0       1029   stm32l0xx_hal_pwr_ex.o
      1774        126          0          0          0       7000   stm32l0xx_hal_rcc.o
       844         56          0          0          0       3289   stm32l0xx_hal_rcc_ex.o
      1610         34          0          0          0       9902   stm32l0xx_hal_rtc.o
        26          0          0          0          0       2167   stm32l0xx_hal_rtc_ex.o
      1006          0          0          0          0       3669   stm32l0xx_hal_spi.o
      2000        100          0          0          0      13400   stm32l0xx_hal_uart.o
         2          0          0          0          0        976   stm32l0xx_hal_uart_ex.o
       102         18          0          0          0       4344   stm32l0xx_it.o
      5308        316        224         32        420      29327   sx1276.o
        84         18         33          4          0       1199   system_stm32l0xx.o
       268          0          0          0          0       4728   systime.o
       484         16          0          4          0       7055   timeserver.o
       244         28          0          1        288       3743   trace.o
       288         66          0          0        176       2154   usart.o
       144         24          0          4          0       3931   utilities.o
        44         18          0          4          0       1947   vcom.o

    ----------------------------------------------------------------------
     47750       3328       1750        236       5772     898169   Object Totals
         0          0         32          0          0          0   (incl. Generated)
        74          0          4          5          6          0   (incl. Padding)

    ----------------------------------------------------------------------

      Code (inc. data)   RO Data    RW Data    ZI Data      Debug   Library Member Name

       200         20          0          0          0         76   ceil.o
       200         20          0          0          0         76   floor.o
       156         14          0          0          0         84   round.o
         0          0          0          0          0          0   entry.o
         0          0          0          0          0          0   entry10a.o
         0          0          0          0          0          0   entry11a.o
         8          4          0          0          0          0   entry2.o
         4          0          0          0          0          0   entry5.o
         0          0          0          0          0          0   entry7b.o
         0          0          0          0          0          0   entry8b.o
         8          4          0          0          0          0   entry9a.o
        30          0          0          0          0          0   handlers.o
        40          0          0          0          0         72   idiv.o
        36          8          0          0          0         68   init.o
         0          0          0          0          0          0   iusefp.o
        32          0          0          0          0         68   llshl.o
        38          0          0          0          0         68   llsshr.o
        34          0          0          0          0         68   llushr.o
        36          0          0          0          0         60   memcpya.o
        36          0          0          0          0        100   memseta.o
      2286         94          0          0          0        460   printfa.o
        44          0          0          0          0         72   uidiv.o
        96          0          0          0          0         84   uldiv.o
        20          0          0          0          0         60   uread4.o
        40          2          0          0          0         68   cdcmple.o
        40          2          0          0          0         68   cdrcmple.o
       356          4          0          0          0        140   dadd.o
       240          6          0          0          0         84   ddiv.o
       236          0          0          0          0        216   depilogue.o
        72         10          0          0          0         72   dfixi.o
        60         10          0          0          0         68   dfixui.o
        64         10          0          0          0         68   dfixul.o
        40          6          0          0          0         68   dflti.o
        28          4          0          0          0         68   dfltui.o
       208          6          0          0          0         88   dmul.o
       124         10          0          0          0         76   drnd.o
        44          0          0          0          0         72   dscalb.o
        40          0          0          0          0         60   f2d.o
       178          0          0          0          0        108   fadd.o
       130          0          0          0          0        144   fepilogue.o
        14          0          0          0          0         68   ffltui.o

    ----------------------------------------------------------------------
      5224        234          0          0          0       2952   Library Totals
         6          0          0          0          0          0   (incl. Padding)

    ----------------------------------------------------------------------

      Code (inc. data)   RO Data    RW Data    ZI Data      Debug   Library Name

       556         54          0          0          0        236   m_ps.l
      2748        110          0          0          0       1180   mc_p.l
      1914         70          0          0          0       1536   mf_p.l

    ----------------------------------------------------------------------
      5224        234          0          0          0       2952   Library Totals

    ----------------------------------------------------------------------

==============================================================================


      Code (inc. data)   RO Data    RW Data    ZI Data      Debug   

     52974       3562       1750        236       5772     878157   Grand Totals
     52974       3562       1750        236       5772     878157   ELF Image Totals
     52974       3562       1750        236          0          0   ROM Totals

==============================================================================

    Total RO  Size (Code + RO Data)                54724 (  53.44kB)
    Total RW  Size (RW Data + ZI Data)              6008 (   5.87kB)
    Total ROM Size (Code + RO Data + RW Data)      54960 (  53.67kB)

==============================================================================

